Archive member included to satisfy reference by file (symbol)

/Applications/STM32CubeIDE.app/Contents/Eclipse/plugins/com.st.stm32cube.ide.mcu.externaltools.gnu-tools-for-stm32.13.3.rel1.macos64_1.0.100.202509120712/tools/bin/../lib/gcc/arm-none-eabi/13.3.1/../../../../arm-none-eabi/lib/thumb/v7e-m+fp/hard/libc_nano.a(libc_a-exit.o)
                              /Applications/STM32CubeIDE.app/Contents/Eclipse/plugins/com.st.stm32cube.ide.mcu.externaltools.gnu-tools-for-stm32.13.3.rel1.macos64_1.0.100.202509120712/tools/bin/../lib/gcc/arm-none-eabi/13.3.1/../../../../arm-none-eabi/lib/thumb/v7e-m+fp/hard/crt0.o (exit)
/Applications/STM32CubeIDE.app/Contents/Eclipse/plugins/com.st.stm32cube.ide.mcu.externaltools.gnu-tools-for-stm32.13.3.rel1.macos64_1.0.100.202509120712/tools/bin/../lib/gcc/arm-none-eabi/13.3.1/../../../../arm-none-eabi/lib/thumb/v7e-m+fp/hard/libc_nano.a(libc_a-findfp.o)
                              ./Middlewares/Third_Party/FreeRTOS/Source/tasks.o (__sf)
/Applications/STM32CubeIDE.app/Contents/Eclipse/plugins/com.st.stm32cube.ide.mcu.externaltools.gnu-tools-for-stm32.13.3.rel1.macos64_1.0.100.202509120712/tools/bin/../lib/gcc/arm-none-eabi/13.3.1/../../../../arm-none-eabi/lib/thumb/v7e-m+fp/hard/libc_nano.a(libc_a-fwalk.o)
                              /Applications/STM32CubeIDE.app/Contents/Eclipse/plugins/com.st.stm32cube.ide.mcu.externaltools.gnu-tools-for-stm32.13.3.rel1.macos64_1.0.100.202509120712/tools/bin/../lib/gcc/arm-none-eabi/13.3.1/../../../../arm-none-eabi/lib/thumb/v7e-m+fp/hard/libc_nano.a(libc_a-findfp.o) (_fwalk_sglue)
/Applications/STM32CubeIDE.app/Contents/Eclipse/plugins/com.st.stm32cube.ide.mcu.externaltools.gnu-tools-for-stm32.13.3.rel1.macos64_1.0.100.202509120712/tools/bin/../lib/gcc/arm-none-eabi/13.3.1/../../../../arm-none-eabi/lib/thumb/v7e-m+fp/hard/libc_nano.a(libc_a-memset.o)
                              /Applications/STM32CubeIDE.app/Contents/Eclipse/plugins/com.st.stm32cube.ide.mcu.externaltools.gnu-tools-for-stm32.13.3.rel1.macos64_1.0.100.202509120712/tools/bin/../lib/gcc/arm-none-eabi/13.3.1/../../../../arm-none-eabi/lib/thumb/v7e-m+fp/hard/crt0.o (memset)
/Applications/STM32CubeIDE.app/Contents/Eclipse/plugins/com.st.stm32cube.ide.mcu.externaltools.gnu-tools-for-stm32.13.3.rel1.macos64_1.0.100.202509120712/tools/bin/../lib/gcc/arm-none-eabi/13.3.1/../../../../arm-none-eabi/lib/thumb/v7e-m+fp/hard/libc_nano.a(libc_a-errno.o)
                              ./Core/Src/syscalls.o (__errno)
/Applications/STM32CubeIDE.app/Contents/Eclipse/plugins/com.st.stm32cube.ide.mcu.externaltools.gnu-tools-for-stm32.13.3.rel1.macos64_1.0.100.202509120712/tools/bin/../lib/gcc/arm-none-eabi/13.3.1/../../../../arm-none-eabi/lib/thumb/v7e-m+fp/hard/libc_nano.a(libc_a-init.o)
                              /Applications/STM32CubeIDE.app/Contents/Eclipse/plugins/com.st.stm32cube.ide.mcu.externaltools.gnu-tools-for-stm32.13.3.rel1.macos64_1.0.100.202509120712/tools/bin/../lib/gcc/arm-none-eabi/13.3.1/../../../../arm-none-eabi/lib/thumb/v7e-m+fp/hard/crt0.o (__libc_init_array)
/Applications/STM32CubeIDE.app/Contents/Eclipse/plugins/com.st.stm32cube.ide.mcu.externaltools.gnu-tools-for-stm32.13.3.rel1.macos64_1.0.100.202509120712/tools/bin/../lib/gcc/arm-none-eabi/13.3.1/../../../../arm-none-eabi/lib/thumb/v7e-m+fp/hard/libc_nano.a(libc_a-lock.o)
                              /Applications/STM32CubeIDE.app/Contents/Eclipse/plugins/com.st.stm32cube.ide.mcu.externaltools.gnu-tools-for-stm32.13.3.rel1.macos64_1.0.100.202509120712/tools/bin/../lib/gcc/arm-none-eabi/13.3.1/../../../../arm-none-eabi/lib/thumb/v7e-m+fp/hard/libc_nano.a(libc_a-findfp.o) (__retarget_lock_init_recursive)
/Applications/STM32CubeIDE.app/Contents/Eclipse/plugins/com.st.stm32cube.ide.mcu.externaltools.gnu-tools-for-stm32.13.3.rel1.macos64_1.0.100.202509120712/tools/bin/../lib/gcc/arm-none-eabi/13.3.1/../../../../arm-none-eabi/lib/thumb/v7e-m+fp/hard/libc_nano.a(libc_a-reent.o)
                              ./Middlewares/Third_Party/FreeRTOS/Source/tasks.o (_reclaim_reent)
/Applications/STM32CubeIDE.app/Contents/Eclipse/plugins/com.st.stm32cube.ide.mcu.externaltools.gnu-tools-for-stm32.13.3.rel1.macos64_1.0.100.202509120712/tools/bin/../lib/gcc/arm-none-eabi/13.3.1/../../../../arm-none-eabi/lib/thumb/v7e-m+fp/hard/libc_nano.a(libc_a-impure.o)
                              ./Middlewares/Third_Party/FreeRTOS/Source/tasks.o (_impure_ptr)
/Applications/STM32CubeIDE.app/Contents/Eclipse/plugins/com.st.stm32cube.ide.mcu.externaltools.gnu-tools-for-stm32.13.3.rel1.macos64_1.0.100.202509120712/tools/bin/../lib/gcc/arm-none-eabi/13.3.1/../../../../arm-none-eabi/lib/thumb/v7e-m+fp/hard/libc_nano.a(libc_a-memcpy-stub.o)
                              ./Middlewares/Third_Party/FreeRTOS/Source/CMSIS_RTOS_V2/cmsis_os2.o (memcpy)
[...]
Memory Configuration

Name             Origin             Length             Attributes
RAM              0x20000000         0x00018000         xrw
RAM2             0x10000000         0x00008000         xrw
FLASH            0x08000000         0x00100000         xr
*default*        0x00000000         0xffffffff

Linker script and memory map

LOAD /Applications/STM32CubeIDE.app/Contents/Eclipse/plugins/com.st.stm32cube.ide.mcu.externaltools.gnu-tools-for-stm32.13.3.rel1.macos64_1.0.100.202509120712/tools/bin/../lib/gcc/arm-none-eabi/13.3.1/thumb/v7e-m+fp/hard/crti.o
LOAD /Applications/STM32CubeIDE.app/Contents/Eclipse/plugins/com.st.stm32cube.ide.mcu.externaltools.gnu-tools-for-stm32.13.3.rel1.macos64_1.0.100.202509120712/tools/bin/../lib/gcc/arm-none-eabi/13.3.1/thumb/v7e-m+fp/hard/crtbegin.o
LOAD /Applications/STM32CubeIDE.app/Contents/Eclipse/plugins/com.st.stm32cube.ide.mcu.externaltools.gnu-tools-for-stm32.13.3.rel1.macos64_1.0.100.202509120712/tools/bin/../lib/gcc/arm-none-eabi/13.3.1/../../../../arm-none-eabi/lib/thumb/v7e-m+fp/hard/crt0.o
LOAD ./Core/Src/freertos.o
LOAD ./Core/Src/gpio.o
LOAD ./Core/Src/io_handler.o
LOAD ./Core/Src/main.o
LOAD ./Core/Src/spi.o
LOAD ./Core/Src/stm32l4xx_hal_msp.o
LOAD ./Core/Src/stm32l4xx_hal_timebase_tim.o
LOAD ./Core/Src/stm32l4xx_it.o
LOAD ./Core/Src/syscalls.o
LOAD ./Core/Src/sysmem.o
LOAD ./Core/Src/system_stm32l4xx.o
LOAD ./Core/Src/test.o
LOAD ./Core/Src/trafficstates.o
LOAD ./Core/Src/trafficsystem.o
LOAD ./Core/Src/usart.o
LOAD ./Core/Startup/startup_stm32l476rgtx.o
LOAD ./Drivers/STM32L4xx_HAL_Driver/Src/stm32l4xx_hal.o
LOAD ./Drivers/STM32L4xx_HAL_Driver/Src/stm32l4xx_hal_cortex.o
LOAD ./Drivers/STM32L4xx_HAL_Driver/Src/stm32l4xx_hal_dma.o
LOAD ./Drivers/STM32L4xx_HAL_Driver/Src/stm32l4xx_hal_dma_ex.o
LOAD ./Drivers/STM32L4xx_HAL_Driver/Src/stm32l4xx_hal_exti.o
LOAD ./Drivers/STM32L4xx_HAL_Driver/Src/stm32l4xx_hal_flash.o
LOAD ./Drivers/STM32L4xx_HAL_Driver/Src/stm32l4xx_hal_flash_ex.o
LOAD ./Drivers/STM32L4xx_HAL_Driver/Src/stm32l4xx_hal_flash_ramfunc.o
LOAD ./Drivers/STM32L4xx_HAL_Driver/Src/stm32l4xx_hal_gpio.o
LOAD ./Drivers/STM32L4xx_HAL_Driver/Src/stm32l4xx_hal_i2c.o
LOAD ./Drivers/STM32L4xx_HAL_Driver/Src/stm32l4xx_hal_i2c_ex.o
LOAD ./Drivers/STM32L4xx_HAL_Driver/Src/stm32l4xx_hal_pwr.o
LOAD ./Drivers/STM32L4xx_HAL_Driver/Src/stm32l4xx_hal_pwr_ex.o
LOAD ./Drivers/STM32L4xx_HAL_Driver/Src/stm32l4xx_hal_rcc.o
LOAD ./Drivers/STM32L4xx_HAL_Driver/Src/stm32l4xx_hal_rcc_ex.o
LOAD ./Drivers/STM32L4xx_HAL_Driver/Src/stm32l4xx_hal_spi.o
LOAD ./Drivers/STM32L4xx_HAL_Driver/Src/stm32l4xx_hal_spi_ex.o
LOAD ./Drivers/STM32L4xx_HAL_Driver/Src/stm32l4xx_hal_tim.o
LOAD ./Drivers/STM32L4xx_HAL_Driver/Src/stm32l4xx_hal_tim_ex.o
LOAD ./Drivers/STM32L4xx_HAL_Driver/Src/stm32l4xx_hal_uart.o
LOAD ./Drivers/STM32L4xx_HAL_Driver/Src/stm32l4xx_hal_uart_ex.o
LOAD ./Middlewares/Third_Party/FreeRTOS/Source/CMSIS_RTOS_V2/cmsis_os2.o
LOAD ./Middlewares/Third_Party/FreeRTOS/Source/croutine.o
LOAD ./Middlewares/Third_Party/FreeRTOS/Source/event_groups.o
LOAD ./Middlewares/Third_Party/FreeRTOS/Source/list.o
LOAD ./Middlewares/Third_Party/FreeRTOS/Source/queue.o
LOAD ./Middlewares/Third_Party/FreeRTOS/Source/stream_buffer.o
LOAD ./Middlewares/Third_Party/FreeRTOS/Source/tasks.o
LOAD ./Middlewares/Third_Party/FreeRTOS/Source/timers.o
LOAD ./Middlewares/Third_Party/FreeRTOS/Source/portable/GCC/ARM_CM4F/port.o
LOAD ./Middlewares/Third_Party/FreeRTOS/Source/portable/MemMang/heap_4.o
START GROUP
LOAD /Applications/STM32CubeIDE.app/Contents/Eclipse/plugins/com.st.stm32cube.ide.mcu.externaltools.gnu-tools-for-stm32.13.3.rel1.macos64_1.0.100.202509120712/tools/bin/../lib/gcc/arm-none-eabi/13.3.1/../../../../arm-none-eabi/lib/thumb/v7e-m+fp/hard/libc_nano.a
LOAD /Applications/STM32CubeIDE.app/Contents/Eclipse/plugins/com.st.stm32cube.ide.mcu.externaltools.gnu-tools-for-stm32.13.3.rel1.macos64_1.0.100.202509120712/tools/bin/../lib/gcc/arm-none-eabi/13.3.1/../../../../arm-none-eabi/lib/thumb/v7e-m+fp/hard/libm.a
END GROUP
START GROUP
LOAD /Applications/STM32CubeIDE.app/Contents/Eclipse/plugins/com.st.stm32cube.ide.mcu.externaltools.gnu-tools-for-stm32.13.3.rel1.macos64_1.0.100.202509120712/tools/bin/../lib/gcc/arm-none-eabi/13.3.1/thumb/v7e-m+fp/hard/libgcc.a
LOAD /Applications/STM32CubeIDE.app/Contents/Eclipse/plugins/com.st.stm32cube.ide.mcu.externaltools.gnu-tools-for-stm32.13.3.rel1.macos64_1.0.100.202509120712/tools/bin/../lib/gcc/arm-none-eabi/13.3.1/../../../../arm-none-eabi/lib/thumb/v7e-m+fp/hard/libc_nano.a
END GROUP
START GROUP
LOAD /Applications/STM32CubeIDE.app/Contents/Eclipse/plugins/com.st.stm32cube.ide.mcu.externaltools.gnu-tools-for-stm32.13.3.rel1.macos64_1.0.100.202509120712/tools/bin/../lib/gcc/arm-none-eabi/13.3.1/thumb/v7e-m+fp/hard/libgcc.a
LOAD /Applications/STM32CubeIDE.app/Contents/Eclipse/plugins/com.st.stm32cube.ide.mcu.externaltools.gnu-tools-for-stm32.13.3.rel1.macos64_1.0.100.202509120712/tools/bin/../lib/gcc/arm-none-eabi/13.3.1/../../../../arm-none-eabi/lib/thumb/v7e-m+fp/hard/libc_nano.a
LOAD /Applications/STM32CubeIDE.app/Contents/Eclipse/plugins/com.st.stm32cube.ide.mcu.externaltools.gnu-tools-for-stm32.13.3.rel1.macos64_1.0.100.202509120712/tools/bin/../lib/gcc/arm-none-eabi/13.3.1/../../../../arm-none-eabi/lib/thumb/v7e-m+fp/hard/libnosys.a
END GROUP
START GROUP
LOAD /Applications/STM32CubeIDE.app/Contents/Eclipse/plugins/com.st.stm32cube.ide.mcu.externaltools.gnu-tools-for-stm32.13.3.rel1.macos64_1.0.100.202509120712/tools/bin/../lib/gcc/arm-none-eabi/13.3.1/thumb/v7e-m+fp/hard/libgcc.a
LOAD /Applications/STM32CubeIDE.app/Contents/Eclipse/plugins/com.st.stm32cube.ide.mcu.externaltools.gnu-tools-for-stm32.13.3.rel1.macos64_1.0.100.202509120712/tools/bin/../lib/gcc/arm-none-eabi/13.3.1/../../../../arm-none-eabi/lib/thumb/v7e-m+fp/hard/libc_nano.a
LOAD /Applications/STM32CubeIDE.app/Contents/Eclipse/plugins/com.st.stm32cube.ide.mcu.externaltools.gnu-tools-for-stm32.13.3.rel1.macos64_1.0.100.202509120712/tools/bin/../lib/gcc/arm-none-eabi/13.3.1/../../../../arm-none-eabi/lib/thumb/v7e-m+fp/hard/libnosys.a
END GROUP
LOAD /Applications/STM32CubeIDE.app/Contents/Eclipse/plugins/com.st.stm32cube.ide.mcu.externaltools.gnu-tools-for-stm32.13.3.rel1.macos64_1.0.100.202509120712/tools/bin/../lib/gcc/arm-none-eabi/13.3.1/thumb/v7e-m+fp/hard/crtend.o
LOAD /Applications/STM32CubeIDE.app/Contents/Eclipse/plugins/com.st.stm32cube.ide.mcu.externaltools.gnu-tools-for-stm32.13.3.rel1.macos64_1.0.100.202509120712/tools/bin/../lib/gcc/arm-none-eabi/13.3.1/thumb/v7e-m+fp/hard/crtn.o
                0x20018000                        _estack = (ORIGIN (RAM) + LENGTH (RAM))
                0x00000200                        _Min_Heap_Size = 0x200
                0x00000400                        _Min_Stack_Size = 0x400

.isr_vector     0x08000000      0x188
                0x08000000                        . = ALIGN (0x4)
 *(.isr_vector)
 .isr_vector    0x08000000      0x188 ./Core/Startup/startup_stm32l476rgtx.o
                0x08000000                g_pfnVectors
                0x08000188                        . = ALIGN (0x4)

.text           0x08000190     0x73c0
                0x08000190                        . = ALIGN (0x4)
 *(.text)
 .text          0x08000190       0x40 /Applications/STM32CubeIDE.app/Contents/Eclipse/plugins/com.st.stm32cube.ide.mcu.externaltools.gnu-tools-for-stm32.13.3.rel1.macos64_1.0.100.202509120712/tools/bin/../lib/gcc/arm-none-eabi/13.3.1/thumb/v7e-m+fp/hard/crtbegin.o
 .text          0x080001d0       0x30 /Applications/STM32CubeIDE.app/Contents/Eclipse/plugins/com.st.stm32cube.ide.mcu.externaltools.gnu-tools-for-stm32.13.3.rel1.macos64_1.0.100.202509120712/tools/bin/../lib/gcc/arm-none-eabi/13.3.1/thumb/v7e-m+fp/hard/libgcc.a(_aeabi_uldivmod.o)
                0x080001d0                __aeabi_uldivmod
 .text          0x08000200      0x2f8 /Applications/STM32CubeIDE.app/Contents/Eclipse/plugins/com.st.stm32cube.ide.mcu.externaltools.gnu-tools-for-stm32.13.3.rel1.macos64_1.0.100.202509120712/tools/bin/../lib/gcc/arm-none-eabi/13.3.1/thumb/v7e-m+fp/hard/libgcc.a(_udivmoddi4.o)
                0x08000200                __udivmoddi4
 .text          0x080004f8        0x4 /Applications/STM32CubeIDE.app/Contents/Eclipse/plugins/com.st.stm32cube.ide.mcu.externaltools.gnu-tools-for-stm32.13.3.rel1.macos64_1.0.100.202509120712/tools/bin/../lib/gcc/arm-none-eabi/13.3.1/thumb/v7e-m+fp/hard/libgcc.a(_dvmd_tls.o)
                0x080004f8                __aeabi_ldiv0
                0x080004f8                __aeabi_idiv0
 *(.text*)
 .text.MX_FREERTOS_Init
                0x080004fc       0x5c ./Core/Src/freertos.o
                0x080004fc                MX_FREERTOS_Init
 .text.StartDefaultTask
                0x08000558       0x10 ./Core/Src/freertos.o
                0x08000558                StartDefaultTask
 .text.TrafficState
                0x08000568       0xa0 ./Core/Src/freertos.o
                0x08000568                TrafficState
 .text.Userinputs
                0x08000608       0xb0 ./Core/Src/freertos.o
                0x08000608                Userinputs
 .text.MX_GPIO_Init
                0x080006b8      0x174 ./Core/Src/gpio.o
                0x080006b8                MX_GPIO_Init
 .text.write_to_register
                0x0800082c       0x74 ./Core/Src/io_handler.o
                0x0800082c                write_to_register
 .text.read_input
                0x080008a0       0xb8 ./Core/Src/io_handler.o
                0x080008a0                read_input
 .text.main     0x08000958       0x28 ./Core/Src/main.o
                0x08000958                main
 .text.SystemClock_Config
                0x08000980       0xa2 ./Core/Src/main.o
                0x08000980                SystemClock_Config
 *fill*         0x08000a22        0x2 
 .text.HAL_TIM_PeriodElapsedCallback
                0x08000a24       0x24 ./Core/Src/main.o
                0x08000a24                HAL_TIM_PeriodElapsedCallback
 .text.Error_Handler
                0x08000a48        0xc ./Core/Src/main.o
                0x08000a48                Error_Handler
 .text.MX_SPI3_Init
                0x08000a54       0x7c ./Core/Src/spi.o
                0x08000a54                MX_SPI3_Init
 .text.HAL_SPI_MspInit
                0x08000ad0       0xc4 ./Core/Src/spi.o
                0x08000ad0                HAL_SPI_MspInit
 .text.HAL_MspInit
                0x08000b94       0x50 ./Core/Src/stm32l4xx_hal_msp.o
                0x08000b94                HAL_MspInit
 .text.HAL_InitTick
                0x08000be4       0xdc ./Core/Src/stm32l4xx_hal_timebase_tim.o
                0x08000be4                HAL_InitTick
 .text.NMI_Handler
                0x08000cc0        0x8 ./Core/Src/stm32l4xx_it.o
                0x08000cc0                NMI_Handler
 .text.HardFault_Handler
                0x08000cc8        0x8 ./Core/Src/stm32l4xx_it.o
                0x08000cc8                HardFault_Handler
 .text.MemManage_Handler
                0x08000cd0        0x8 ./Core/Src/stm32l4xx_it.o
                0x08000cd0                MemManage_Handler
 .text.BusFault_Handler
                0x08000cd8        0x8 ./Core/Src/stm32l4xx_it.o
                0x08000cd8                BusFault_Handler
 .text.UsageFault_Handler
                0x08000ce0        0x8 ./Core/Src/stm32l4xx_it.o
                0x08000ce0                UsageFault_Handler
 .text.DebugMon_Handler
                0x08000ce8        0xe ./Core/Src/stm32l4xx_it.o
                0x08000ce8                DebugMon_Handler
 *fill*         0x08000cf6        0x2 
 .text.TIM1_UP_TIM16_IRQHandler
                0x08000cf8       0x14 ./Core/Src/stm32l4xx_it.o
                0x08000cf8                TIM1_UP_TIM16_IRQHandler
 .text.SystemInit
                0x08000d0c       0x24 ./Core/Src/system_stm32l4xx.o
                0x08000d0c                SystemInit
 .text.toggle_bluelights
                0x08000d30       0x4c ./Core/Src/trafficstates.o
                0x08000d30                toggle_bluelights
 .text.update_lights_hardware
                0x08000d7c       0xe4 ./Core/Src/trafficstates.o
                0x08000d7c                update_lights_hardware
 .text.update_traffic_states
                0x08000e60      0x414 ./Core/Src/trafficstates.o
                0x08000e60                update_traffic_states
 .text.MX_USART2_UART_Init
                0x08001274       0x60 ./Core/Src/usart.o
                0x08001274                MX_USART2_UART_Init
 .text.HAL_UART_MspInit
                0x080012d4       0xb8 ./Core/Src/usart.o
                0x080012d4                HAL_UART_MspInit
 .text.Reset_Handler
                0x0800138c       0x50 ./Core/Startup/startup_stm32l476rgtx.o
                0x0800138c                Reset_Handler
 .text.Default_Handler
                0x080013dc        0x2 ./Core/Startup/startup_stm32l476rgtx.o
                0x080013dc                TIM1_BRK_TIM15_IRQHandler
                0x080013dc                EXTI2_IRQHandler
                0x080013dc                TIM8_TRG_COM_IRQHandler
                0x080013dc                TIM8_CC_IRQHandler
                0x080013dc                TIM1_CC_IRQHandler
                0x080013dc                TSC_IRQHandler
                0x080013dc                TAMP_STAMP_IRQHandler
                0x080013dc                EXTI3_IRQHandler
                0x080013dc                LPTIM2_IRQHandler
                0x080013dc                DFSDM1_FLT1_IRQHandler
                0x080013dc                I2C3_ER_IRQHandler
                0x080013dc                DFSDM1_FLT2_IRQHandler
                0x080013dc                EXTI0_IRQHandler
                0x080013dc                I2C2_EV_IRQHandler
                0x080013dc                CAN1_RX0_IRQHandler
                0x080013dc                FPU_IRQHandler
                0x080013dc                ADC1_2_IRQHandler
                0x080013dc                SPI1_IRQHandler
                0x080013dc                TIM6_DAC_IRQHandler
                0x080013dc                TIM8_UP_IRQHandler
                0x080013dc                DMA2_Channel2_IRQHandler
                0x080013dc                DMA1_Channel4_IRQHandler
                0x080013dc                SAI2_IRQHandler
                0x080013dc                DFSDM1_FLT3_IRQHandler
                0x080013dc                USART3_IRQHandler
                0x080013dc                DMA1_Channel7_IRQHandler
                0x080013dc                CAN1_RX1_IRQHandler
                0x080013dc                LCD_IRQHandler
                0x080013dc                UART5_IRQHandler
                0x080013dc                ADC3_IRQHandler
                0x080013dc                TIM4_IRQHandler
                0x080013dc                DMA2_Channel1_IRQHandler
                0x080013dc                QUADSPI_IRQHandler
                0x080013dc                I2C1_EV_IRQHandler
                0x080013dc                DMA1_Channel6_IRQHandler
                0x080013dc                UART4_IRQHandler
                0x080013dc                DMA2_Channel4_IRQHandler
                0x080013dc                TIM3_IRQHandler
                0x080013dc                RCC_IRQHandler
                0x080013dc                DMA1_Channel1_IRQHandler
                0x080013dc                Default_Handler
                0x080013dc                DMA2_Channel7_IRQHandler
                0x080013dc                EXTI15_10_IRQHandler
                0x080013dc                TIM7_IRQHandler
                0x080013dc                SDMMC1_IRQHandler
                0x080013dc                TIM5_IRQHandler
                0x080013dc                I2C3_EV_IRQHandler
                0x080013dc                EXTI9_5_IRQHandler
                0x080013dc                RTC_WKUP_IRQHandler
                0x080013dc                PVD_PVM_IRQHandler
                0x080013dc                SPI2_IRQHandler
                0x080013dc                CAN1_TX_IRQHandler
                0x080013dc                DMA2_Channel5_IRQHandler
                0x080013dc                DMA1_Channel5_IRQHandler
                0x080013dc                EXTI4_IRQHandler
                0x080013dc                RNG_IRQHandler
                0x080013dc                TIM1_TRG_COM_TIM17_IRQHandler
                0x080013dc                DMA1_Channel3_IRQHandler
                0x080013dc                COMP_IRQHandler
                0x080013dc                WWDG_IRQHandler
                0x080013dc                LPUART1_IRQHandler
                0x080013dc                DMA2_Channel6_IRQHandler
                0x080013dc                TIM2_IRQHandler
                0x080013dc                EXTI1_IRQHandler
                0x080013dc                USART2_IRQHandler
                0x080013dc                DFSDM1_FLT0_IRQHandler
                0x080013dc                I2C2_ER_IRQHandler
                0x080013dc                DMA1_Channel2_IRQHandler
                0x080013dc                TIM8_BRK_IRQHandler
                0x080013dc                CAN1_SCE_IRQHandler
                0x080013dc                FLASH_IRQHandler
                0x080013dc                USART1_IRQHandler
                0x080013dc                OTG_FS_IRQHandler
                0x080013dc                SPI3_IRQHandler
                0x080013dc                I2C1_ER_IRQHandler
                0x080013dc                FMC_IRQHandler
                0x080013dc                SWPMI1_IRQHandler
                0x080013dc                LPTIM1_IRQHandler
                0x080013dc                SAI1_IRQHandler
                0x080013dc                DMA2_Channel3_IRQHandler
                0x080013dc                RTC_Alarm_IRQHandler
 *fill*         0x080013de        0x2 
 .text.HAL_Init
                0x080013e0       0x40 ./Drivers/STM32L4xx_HAL_Driver/Src/stm32l4xx_hal.o
                0x080013e0                HAL_Init
 .text.HAL_IncTick
                0x08001420       0x28 ./Drivers/STM32L4xx_HAL_Driver/Src/stm32l4xx_hal.o
                0x08001420                HAL_IncTick
 .text.HAL_GetTick
                0x08001448       0x18 ./Drivers/STM32L4xx_HAL_Driver/Src/stm32l4xx_hal.o
                0x08001448                HAL_GetTick
 .text.__NVIC_SetPriorityGrouping
                0x08001460       0x48 ./Drivers/STM32L4xx_HAL_Driver/Src/stm32l4xx_hal_cortex.o
 .text.__NVIC_GetPriorityGrouping
                0x080014a8       0x1c ./Drivers/STM32L4xx_HAL_Driver/Src/stm32l4xx_hal_cortex.o
 .text.__NVIC_EnableIRQ
                0x080014c4       0x3c ./Drivers/STM32L4xx_HAL_Driver/Src/stm32l4xx_hal_cortex.o
 .text.__NVIC_SetPriority
                0x08001500       0x54 ./Drivers/STM32L4xx_HAL_Driver/Src/stm32l4xx_hal_cortex.o
 .text.NVIC_EncodePriority
                0x08001554       0x66 ./Drivers/STM32L4xx_HAL_Driver/Src/stm32l4xx_hal_cortex.o
 .text.HAL_NVIC_SetPriorityGrouping
                0x080015ba       0x16 ./Drivers/STM32L4xx_HAL_Driver/Src/stm32l4xx_hal_cortex.o
                0x080015ba                HAL_NVIC_SetPriorityGrouping
 .text.HAL_NVIC_SetPriority
                0x080015d0       0x38 ./Drivers/STM32L4xx_HAL_Driver/Src/stm32l4xx_hal_cortex.o
                0x080015d0                HAL_NVIC_SetPriority
 .text.HAL_NVIC_EnableIRQ
                0x08001608       0x1c ./Drivers/STM32L4xx_HAL_Driver/Src/stm32l4xx_hal_cortex.o
                0x08001608                HAL_NVIC_EnableIRQ
 .text.HAL_GPIO_Init
                0x08001624      0x354 ./Drivers/STM32L4xx_HAL_Driver/Src/stm32l4xx_hal_gpio.o
                0x08001624                HAL_GPIO_Init
 .text.HAL_GPIO_ReadPin
                0x08001978       0x30 ./Drivers/STM32L4xx_HAL_Driver/Src/stm32l4xx_hal_gpio.o
                0x08001978                HAL_GPIO_ReadPin
 .text.HAL_GPIO_WritePin
                0x080019a8       0x30 ./Drivers/STM32L4xx_HAL_Driver/Src/stm32l4xx_hal_gpio.o
                0x080019a8                HAL_GPIO_WritePin
 .text.HAL_PWREx_GetVoltageRange
                0x080019d8       0x1c ./Drivers/STM32L4xx_HAL_Driver/Src/stm32l4xx_hal_pwr_ex.o
                0x080019d8                HAL_PWREx_GetVoltageRange
 .text.HAL_PWREx_ControlVoltageScaling
                0x080019f4       0xac ./Drivers/STM32L4xx_HAL_Driver/Src/stm32l4xx_hal_pwr_ex.o
                0x080019f4                HAL_PWREx_ControlVoltageScaling
 .text.HAL_RCC_OscConfig
                0x08001aa0      0x7b8 ./Drivers/STM32L4xx_HAL_Driver/Src/stm32l4xx_hal_rcc.o
                0x08001aa0                HAL_RCC_OscConfig
 .text.HAL_RCC_ClockConfig
                0x08002258      0x200 ./Drivers/STM32L4xx_HAL_Driver/Src/stm32l4xx_hal_rcc.o
                0x08002258                HAL_RCC_ClockConfig
 .text.HAL_RCC_GetSysClockFreq
                0x08002458      0x118 ./Drivers/STM32L4xx_HAL_Driver/Src/stm32l4xx_hal_rcc.o
                0x08002458                HAL_RCC_GetSysClockFreq
 .text.HAL_RCC_GetHCLKFreq
                0x08002570       0x18 ./Drivers/STM32L4xx_HAL_Driver/Src/stm32l4xx_hal_rcc.o
                0x08002570                HAL_RCC_GetHCLKFreq
 .text.HAL_RCC_GetPCLK1Freq
                0x08002588       0x2c ./Drivers/STM32L4xx_HAL_Driver/Src/stm32l4xx_hal_rcc.o
                0x08002588                HAL_RCC_GetPCLK1Freq
 .text.HAL_RCC_GetPCLK2Freq
                0x080025b4       0x2c ./Drivers/STM32L4xx_HAL_Driver/Src/stm32l4xx_hal_rcc.o
                0x080025b4                HAL_RCC_GetPCLK2Freq
 .text.HAL_RCC_GetClockConfig
                0x080025e0       0x64 ./Drivers/STM32L4xx_HAL_Driver/Src/stm32l4xx_hal_rcc.o
                0x080025e0                HAL_RCC_GetClockConfig
 .text.RCC_SetFlashLatencyFromMSIRange
                0x08002644       0xc0 ./Drivers/STM32L4xx_HAL_Driver/Src/stm32l4xx_hal_rcc.o
 .text.HAL_RCCEx_PeriphCLKConfig
                0x08002704      0x5d4 ./Drivers/STM32L4xx_HAL_Driver/Src/stm32l4xx_hal_rcc_ex.o
                0x08002704                HAL_RCCEx_PeriphCLKConfig
 .text.RCCEx_PLLSAI1_Config
                0x08002cd8      0x1e8 ./Drivers/STM32L4xx_HAL_Driver/Src/stm32l4xx_hal_rcc_ex.o
 .text.RCCEx_PLLSAI2_Config
                0x08002ec0      0x1bc ./Drivers/STM32L4xx_HAL_Driver/Src/stm32l4xx_hal_rcc_ex.o
 .text.HAL_SPI_Init
                0x0800307c      0x146 ./Drivers/STM32L4xx_HAL_Driver/Src/stm32l4xx_hal_spi.o
                0x0800307c                HAL_SPI_Init
 .text.HAL_SPI_Transmit
                0x080031c2      0x2ec ./Drivers/STM32L4xx_HAL_Driver/Src/stm32l4xx_hal_spi.o
                0x080031c2                HAL_SPI_Transmit
 *fill*         0x080034ae        0x2 
 .text.SPI_WaitFlagStateUntilTimeout
                0x080034b0      0x110 ./Drivers/STM32L4xx_HAL_Driver/Src/stm32l4xx_hal_spi.o
 .text.SPI_WaitFifoStateUntilTimeout
                0x080035c0      0x12c ./Drivers/STM32L4xx_HAL_Driver/Src/stm32l4xx_hal_spi.o
 .text.SPI_EndRxTxTransaction
                0x080036ec       0x8c ./Drivers/STM32L4xx_HAL_Driver/Src/stm32l4xx_hal_spi.o
 .text.HAL_TIM_Base_Init
                0x08003778       0xae ./Drivers/STM32L4xx_HAL_Driver/Src/stm32l4xx_hal_tim.o
                0x08003778                HAL_TIM_Base_Init
 .text.HAL_TIM_Base_MspInit
                0x08003826       0x14 ./Drivers/STM32L4xx_HAL_Driver/Src/stm32l4xx_hal_tim.o
                0x08003826                HAL_TIM_Base_MspInit
 *fill*         0x0800383a        0x2 
 .text.HAL_TIM_Base_Start_IT
                0x0800383c       0xe0 ./Drivers/STM32L4xx_HAL_Driver/Src/stm32l4xx_hal_tim.o
                0x0800383c                HAL_TIM_Base_Start_IT
 .text.HAL_TIM_IRQHandler
                0x0800391c      0x20e ./Drivers/STM32L4xx_HAL_Driver/Src/stm32l4xx_hal_tim.o
                0x0800391c                HAL_TIM_IRQHandler
 .text.HAL_TIM_OC_DelayElapsedCallback
                0x08003b2a       0x14 ./Drivers/STM32L4xx_HAL_Driver/Src/stm32l4xx_hal_tim.o
                0x08003b2a                HAL_TIM_OC_DelayElapsedCallback
 .text.HAL_TIM_IC_CaptureCallback
                0x08003b3e       0x14 ./Drivers/STM32L4xx_HAL_Driver/Src/stm32l4xx_hal_tim.o
                0x08003b3e                HAL_TIM_IC_CaptureCallback
 .text.HAL_TIM_PWM_PulseFinishedCallback
                0x08003b52       0x14 ./Drivers/STM32L4xx_HAL_Driver/Src/stm32l4xx_hal_tim.o
                0x08003b52                HAL_TIM_PWM_PulseFinishedCallback
 .text.HAL_TIM_TriggerCallback
                0x08003b66       0x14 ./Drivers/STM32L4xx_HAL_Driver/Src/stm32l4xx_hal_tim.o
                0x08003b66                HAL_TIM_TriggerCallback
 *fill*         0x08003b7a        0x2 
 .text.TIM_Base_SetConfig
                0x08003b7c      0x14c ./Drivers/STM32L4xx_HAL_Driver/Src/stm32l4xx_hal_tim.o
                0x08003b7c                TIM_Base_SetConfig
 .text.HAL_TIMEx_CommutCallback
                0x08003cc8       0x14 ./Drivers/STM32L4xx_HAL_Driver/Src/stm32l4xx_hal_tim_ex.o
                0x08003cc8                HAL_TIMEx_CommutCallback
 .text.HAL_TIMEx_BreakCallback
                0x08003cdc       0x14 ./Drivers/STM32L4xx_HAL_Driver/Src/stm32l4xx_hal_tim_ex.o
                0x08003cdc                HAL_TIMEx_BreakCallback
 .text.HAL_TIMEx_Break2Callback
                0x08003cf0       0x14 ./Drivers/STM32L4xx_HAL_Driver/Src/stm32l4xx_hal_tim_ex.o
                0x08003cf0                HAL_TIMEx_Break2Callback
 .text.HAL_UART_Init
                0x08003d04       0x9c ./Drivers/STM32L4xx_HAL_Driver/Src/stm32l4xx_hal_uart.o
                0x08003d04                HAL_UART_Init
 .text.UART_SetConfig
                0x08003da0      0x570 ./Drivers/STM32L4xx_HAL_Driver/Src/stm32l4xx_hal_uart.o
                0x08003da0                UART_SetConfig
 .text.UART_AdvFeatureConfig
                0x08004310      0x144 ./Drivers/STM32L4xx_HAL_Driver/Src/stm32l4xx_hal_uart.o
                0x08004310                UART_AdvFeatureConfig
 .text.UART_CheckIdleState
                0x08004454      0x150 ./Drivers/STM32L4xx_HAL_Driver/Src/stm32l4xx_hal_uart.o
                0x08004454                UART_CheckIdleState
 .text.UART_WaitOnFlagUntilTimeout
                0x080045a4       0xda ./Drivers/STM32L4xx_HAL_Driver/Src/stm32l4xx_hal_uart.o
                0x080045a4                UART_WaitOnFlagUntilTimeout
 .text.UART_EndRxTransfer
                0x0800467e       0xc8 ./Drivers/STM32L4xx_HAL_Driver/Src/stm32l4xx_hal_uart.o
 *fill*         0x08004746        0x2 
 .text.__NVIC_SetPriority
                0x08004748       0x54 ./Middlewares/Third_Party/FreeRTOS/Source/CMSIS_RTOS_V2/cmsis_os2.o
 .text.SysTick_Handler
                0x0800479c       0x20 ./Middlewares/Third_Party/FreeRTOS/Source/CMSIS_RTOS_V2/cmsis_os2.o
                0x0800479c                SysTick_Handler
 .text.SVC_Setup
                0x080047bc       0x12 ./Middlewares/Third_Party/FreeRTOS/Source/CMSIS_RTOS_V2/cmsis_os2.o
 *fill*         0x080047ce        0x2 
 .text.osKernelInitialize
                0x080047d0       0x48 ./Middlewares/Third_Party/FreeRTOS/Source/CMSIS_RTOS_V2/cmsis_os2.o
                0x080047d0                osKernelInitialize
 .text.osKernelStart
                0x08004818       0x4c ./Middlewares/Third_Party/FreeRTOS/Source/CMSIS_RTOS_V2/cmsis_os2.o
                0x08004818                osKernelStart
 .text.osThreadNew
                0x08004864      0x124 ./Middlewares/Third_Party/FreeRTOS/Source/CMSIS_RTOS_V2/cmsis_os2.o
                0x08004864                osThreadNew
 .text.osDelay  0x08004988       0x36 ./Middlewares/Third_Party/FreeRTOS/Source/CMSIS_RTOS_V2/cmsis_os2.o
                0x08004988                osDelay
 *fill*         0x080049be        0x2 
 .text.vApplicationGetIdleTaskMemory
                0x080049c0       0x34 ./Middlewares/Third_Party/FreeRTOS/Source/CMSIS_RTOS_V2/cmsis_os2.o
                0x080049c0                vApplicationGetIdleTaskMemory
 .text.vApplicationGetTimerTaskMemory
                0x080049f4       0x34 ./Middlewares/Third_Party/FreeRTOS/Source/CMSIS_RTOS_V2/cmsis_os2.o
                0x080049f4                vApplicationGetTimerTaskMemory
 .text.vListInitialise
                0x08004a28       0x40 ./Middlewares/Third_Party/FreeRTOS/Source/list.o
                0x08004a28                vListInitialise
 .text.vListInitialiseItem
                0x08004a68       0x1a ./Middlewares/Third_Party/FreeRTOS/Source/list.o
                0x08004a68                vListInitialiseItem
 .text.vListInsertEnd
                0x08004a82       0x48 ./Middlewares/Third_Party/FreeRTOS/Source/list.o
                0x08004a82                vListInsertEnd
 .text.vListInsert
                0x08004aca       0x72 ./Middlewares/Third_Party/FreeRTOS/Source/list.o
                0x08004aca                vListInsert
 .text.uxListRemove
                0x08004b3c       0x54 ./Middlewares/Third_Party/FreeRTOS/Source/list.o
                0x08004b3c                uxListRemove
 .text.xQueueGenericReset
                0x08004b90       0xd4 ./Middlewares/Third_Party/FreeRTOS/Source/queue.o
                0x08004b90                xQueueGenericReset
 .text.xQueueGenericCreateStatic
                0x08004c64       0xfa ./Middlewares/Third_Party/FreeRTOS/Source/queue.o
                0x08004c64                xQueueGenericCreateStatic
 .text.prvInitialiseNewQueue
                0x08004d5e       0x46 ./Middlewares/Third_Party/FreeRTOS/Source/queue.o
 .text.xQueueGenericSend
                0x08004da4      0x204 ./Middlewares/Third_Party/FreeRTOS/Source/queue.o
                0x08004da4                xQueueGenericSend
 .text.xQueueGenericSendFromISR
                0x08004fa8      0x13c ./Middlewares/Third_Party/FreeRTOS/Source/queue.o
                0x08004fa8                xQueueGenericSendFromISR
 .text.xQueueReceive
                0x080050e4      0x1c4 ./Middlewares/Third_Party/FreeRTOS/Source/queue.o
                0x080050e4                xQueueReceive
 .text.prvCopyDataToQueue
                0x080052a8       0xd4 ./Middlewares/Third_Party/FreeRTOS/Source/queue.o
 .text.prvCopyDataFromQueue
                0x0800537c       0x4c ./Middlewares/Third_Party/FreeRTOS/Source/queue.o
 .text.prvUnlockQueue
                0x080053c8       0xa4 ./Middlewares/Third_Party/FreeRTOS/Source/queue.o
 .text.prvIsQueueEmpty
                0x0800546c       0x2c ./Middlewares/Third_Party/FreeRTOS/Source/queue.o
 .text.prvIsQueueFull
                0x08005498       0x30 ./Middlewares/Third_Party/FreeRTOS/Source/queue.o
 .text.vQueueAddToRegistry
                0x080054c8       0x54 ./Middlewares/Third_Party/FreeRTOS/Source/queue.o
                0x080054c8                vQueueAddToRegistry
 .text.vQueueWaitForMessageRestricted
                0x0800551c       0x68 ./Middlewares/Third_Party/FreeRTOS/Source/queue.o
                0x0800551c                vQueueWaitForMessageRestricted
 .text.xTaskCreateStatic
                0x08005584       0xc0 ./Middlewares/Third_Party/FreeRTOS/Source/tasks.o
                0x08005584                xTaskCreateStatic
 .text.xTaskCreate
                0x08005644       0x8a ./Middlewares/Third_Party/FreeRTOS/Source/tasks.o
                0x08005644                xTaskCreate
 *fill*         0x080056ce        0x2 
 .text.prvInitialiseNewTask
                0x080056d0      0x150 ./Middlewares/Third_Party/FreeRTOS/Source/tasks.o
 .text.prvAddNewTaskToReadyList
                0x08005820       0xe0 ./Middlewares/Third_Party/FreeRTOS/Source/tasks.o
 .text.vTaskDelay
                0x08005900       0x6c ./Middlewares/Third_Party/FreeRTOS/Source/tasks.o
                0x08005900                vTaskDelay
 .text.vTaskStartScheduler
                0x0800596c       0xe0 ./Middlewares/Third_Party/FreeRTOS/Source/tasks.o
                0x0800596c                vTaskStartScheduler
 .text.vTaskSuspendAll
                0x08005a4c       0x1c ./Middlewares/Third_Party/FreeRTOS/Source/tasks.o
                0x08005a4c                vTaskSuspendAll
 .text.xTaskResumeAll
                0x08005a68      0x13c ./Middlewares/Third_Party/FreeRTOS/Source/tasks.o
                0x08005a68                xTaskResumeAll
 .text.xTaskGetTickCount
                0x08005ba4       0x20 ./Middlewares/Third_Party/FreeRTOS/Source/tasks.o
                0x08005ba4                xTaskGetTickCount
 .text.xTaskIncrementTick
                0x08005bc4      0x174 ./Middlewares/Third_Party/FreeRTOS/Source/tasks.o
                0x08005bc4                xTaskIncrementTick
 .text.vTaskSwitchContext
                0x08005d38       0xcc ./Middlewares/Third_Party/FreeRTOS/Source/tasks.o
                0x08005d38                vTaskSwitchContext
 .text.vTaskPlaceOnEventList
                0x08005e04       0x4c ./Middlewares/Third_Party/FreeRTOS/Source/tasks.o
                0x08005e04                vTaskPlaceOnEventList
 .text.vTaskPlaceOnEventListRestricted
                0x08005e50       0x58 ./Middlewares/Third_Party/FreeRTOS/Source/tasks.o
                0x08005e50                vTaskPlaceOnEventListRestricted
 .text.xTaskRemoveFromEventList
                0x08005ea8       0xc8 ./Middlewares/Third_Party/FreeRTOS/Source/tasks.o
                0x08005ea8                xTaskRemoveFromEventList
 .text.vTaskInternalSetTimeOutState
                0x08005f70       0x2c ./Middlewares/Third_Party/FreeRTOS/Source/tasks.o
                0x08005f70                vTaskInternalSetTimeOutState
 .text.xTaskCheckForTimeOut
                0x08005f9c       0xc8 ./Middlewares/Third_Party/FreeRTOS/Source/tasks.o
                0x08005f9c                xTaskCheckForTimeOut
 .text.vTaskMissedYield
                0x08006064       0x18 ./Middlewares/Third_Party/FreeRTOS/Source/tasks.o
                0x08006064                vTaskMissedYield
 .text.prvIdleTask
                0x0800607c       0x30 ./Middlewares/Third_Party/FreeRTOS/Source/tasks.o
 .text.prvInitialiseTaskLists
                0x080060ac       0x80 ./Middlewares/Third_Party/FreeRTOS/Source/tasks.o
 .text.prvCheckTasksWaitingTermination
                0x0800612c       0x5c ./Middlewares/Third_Party/FreeRTOS/Source/tasks.o
 .text.prvDeleteTCB
                0x08006188       0x6a ./Middlewares/Third_Party/FreeRTOS/Source/tasks.o
 *fill*         0x080061f2        0x2 
 .text.prvResetNextTaskUnblockTime
                0x080061f4       0x40 ./Middlewares/Third_Party/FreeRTOS/Source/tasks.o
 .text.xTaskGetSchedulerState
                0x08006234       0x3c ./Middlewares/Third_Party/FreeRTOS/Source/tasks.o
                0x08006234                xTaskGetSchedulerState
 .text.xTaskPriorityDisinherit
                0x08006270       0xe0 ./Middlewares/Third_Party/FreeRTOS/Source/tasks.o
                0x08006270                xTaskPriorityDisinherit
 .text.prvAddCurrentTaskToDelayedList
                0x08006350       0xa8 ./Middlewares/Third_Party/FreeRTOS/Source/tasks.o
 .text.xTimerCreateTimerTask
                0x080063f8       0x94 ./Middlewares/Third_Party/FreeRTOS/Source/timers.o
                0x080063f8                xTimerCreateTimerTask
 .text.xTimerGenericCommand
                0x0800648c       0x9c ./Middlewares/Third_Party/FreeRTOS/Source/timers.o
                0x0800648c                xTimerGenericCommand
 .text.prvProcessExpiredTimer
                0x08006528       0x9c ./Middlewares/Third_Party/FreeRTOS/Source/timers.o
 .text.prvTimerTask
                0x080065c4       0x26 ./Middlewares/Third_Party/FreeRTOS/Source/timers.o
 *fill*         0x080065ea        0x2 
 .text.prvProcessTimerOrBlockTask
                0x080065ec       0x9c ./Middlewares/Third_Party/FreeRTOS/Source/timers.o
 .text.prvGetNextExpireTime
                0x08006688       0x48 ./Middlewares/Third_Party/FreeRTOS/Source/timers.o
 .text.prvSampleTimeNow
                0x080066d0       0x40 ./Middlewares/Third_Party/FreeRTOS/Source/timers.o
 .text.prvInsertTimerInActiveList
                0x08006710       0x84 ./Middlewares/Third_Party/FreeRTOS/Source/timers.o
 .text.prvProcessReceivedCommands
                0x08006794      0x1cc ./Middlewares/Third_Party/FreeRTOS/Source/timers.o
 .text.prvSwitchTimerLists
                0x08006960       0xcc ./Middlewares/Third_Party/FreeRTOS/Source/timers.o
 .text.prvCheckForValidListAndQueue
                0x08006a2c       0x80 ./Middlewares/Third_Party/FreeRTOS/Source/timers.o
 .text.pxPortInitialiseStack
                0x08006aac       0x68 ./Middlewares/Third_Party/FreeRTOS/Source/portable/GCC/ARM_CM4F/port.o
                0x08006aac                pxPortInitialiseStack
 .text.prvTaskExitError
                0x08006b14       0x5c ./Middlewares/Third_Party/FreeRTOS/Source/portable/GCC/ARM_CM4F/port.o
 .text.SVC_Handler
                0x08006b70       0x28 ./Middlewares/Third_Party/FreeRTOS/Source/portable/GCC/ARM_CM4F/port.o
                0x08006b70                SVC_Handler
 .text.prvPortStartFirstTask
                0x08006b98       0x28 ./Middlewares/Third_Party/FreeRTOS/Source/portable/GCC/ARM_CM4F/port.o
 .text.xPortStartScheduler
                0x08006bc0      0x16c ./Middlewares/Third_Party/FreeRTOS/Source/portable/GCC/ARM_CM4F/port.o
                0x08006bc0                xPortStartScheduler
 .text.vPortEnterCritical
                0x08006d2c       0x64 ./Middlewares/Third_Party/FreeRTOS/Source/portable/GCC/ARM_CM4F/port.o
                0x08006d2c                vPortEnterCritical
 .text.vPortExitCritical
                0x08006d90       0x54 ./Middlewares/Third_Party/FreeRTOS/Source/portable/GCC/ARM_CM4F/port.o
                0x08006d90                vPortExitCritical
 *fill*         0x08006de4        0xc 
 .text.PendSV_Handler
                0x08006df0       0x68 ./Middlewares/Third_Party/FreeRTOS/Source/portable/GCC/ARM_CM4F/port.o
                0x08006df0                PendSV_Handler
 .text.xPortSysTickHandler
                0x08006e58       0x44 ./Middlewares/Third_Party/FreeRTOS/Source/portable/GCC/ARM_CM4F/port.o
                0x08006e58                xPortSysTickHandler
 .text.vPortSetupTimerInterrupt
                0x08006e9c       0x48 ./Middlewares/Third_Party/FreeRTOS/Source/portable/GCC/ARM_CM4F/port.o
                0x08006e9c                vPortSetupTimerInterrupt
 .text.vPortEnableVFP
                0x08006ee4       0x14 ./Middlewares/Third_Party/FreeRTOS/Source/portable/GCC/ARM_CM4F/port.o
 .text.vPortValidateInterruptPriority
                0x08006ef8       0x84 ./Middlewares/Third_Party/FreeRTOS/Source/portable/GCC/ARM_CM4F/port.o
                0x08006ef8                vPortValidateInterruptPriority
 .text.pvPortMalloc
                0x08006f7c      0x19c ./Middlewares/Third_Party/FreeRTOS/Source/portable/MemMang/heap_4.o
                0x08006f7c                pvPortMalloc
 .text.vPortFree
                0x08007118       0xc8 ./Middlewares/Third_Party/FreeRTOS/Source/portable/MemMang/heap_4.o
                0x08007118                vPortFree
 .text.prvHeapInit
                0x080071e0       0xc4 ./Middlewares/Third_Party/FreeRTOS/Source/portable/MemMang/heap_4.o
 .text.prvInsertBlockIntoFreeList
                0x080072a4       0xb4 ./Middlewares/Third_Party/FreeRTOS/Source/portable/MemMang/heap_4.o
 .text.memset   0x08007358       0x10 /Applications/STM32CubeIDE.app/Contents/Eclipse/plugins/com.st.stm32cube.ide.mcu.externaltools.gnu-tools-for-stm32.13.3.rel1.macos64_1.0.100.202509120712/tools/bin/../lib/gcc/arm-none-eabi/13.3.1/../../../../arm-none-eabi/lib/thumb/v7e-m+fp/hard/libc_nano.a(libc_a-memset.o)
                0x08007358                memset
 .text.__libc_init_array
                0x08007368       0x48 /Applications/STM32CubeIDE.app/Contents/Eclipse/plugins/com.st.stm32cube.ide.mcu.externaltools.gnu-tools-for-stm32.13.3.rel1.macos64_1.0.100.202509120712/tools/bin/../lib/gcc/arm-none-eabi/13.3.1/../../../../arm-none-eabi/lib/thumb/v7e-m+fp/hard/libc_nano.a(libc_a-init.o)
                0x08007368                __libc_init_array
 .text.__retarget_lock_acquire_recursive
                0x080073b0        0x2 /Applications/STM32CubeIDE.app/Contents/Eclipse/plugins/com.st.stm32cube.ide.mcu.externaltools.gnu-tools-for-stm32.13.3.rel1.macos64_1.0.100.202509120712/tools/bin/../lib/gcc/arm-none-eabi/13.3.1/../../../../arm-none-eabi/lib/thumb/v7e-m+fp/hard/libc_nano.a(libc_a-lock.o)
                0x080073b0                __retarget_lock_acquire_recursive
 .text.__retarget_lock_release_recursive
                0x080073b2        0x2 /Applications/STM32CubeIDE.app/Contents/Eclipse/plugins/com.st.stm32cube.ide.mcu.externaltools.gnu-tools-for-stm32.13.3.rel1.macos64_1.0.100.202509120712/tools/bin/../lib/gcc/arm-none-eabi/13.3.1/../../../../arm-none-eabi/lib/thumb/v7e-m+fp/hard/libc_nano.a(libc_a-lock.o)
                0x080073b2                __retarget_lock_release_recursive
 .text._reclaim_reent
                0x080073b4       0xbc /Applications/STM32CubeIDE.app/Contents/Eclipse/plugins/com.st.stm32cube.ide.mcu.externaltools.gnu-tools-for-stm32.13.3.rel1.macos64_1.0.100.202509120712/tools/bin/../lib/gcc/arm-none-eabi/13.3.1/../../../../arm-none-eabi/lib/thumb/v7e-m+fp/hard/libc_nano.a(libc_a-reent.o)
                0x080073b4                _reclaim_reent
 .text.memcpy   0x08007470       0x1c /Applications/STM32CubeIDE.app/Contents/Eclipse/plugins/com.st.stm32cube.ide.mcu.externaltools.gnu-tools-for-stm32.13.3.rel1.macos64_1.0.100.202509120712/tools/bin/../lib/gcc/arm-none-eabi/13.3.1/../../../../arm-none-eabi/lib/thumb/v7e-m+fp/hard/libc_nano.a(libc_a-memcpy-stub.o)
                0x08007470                memcpy
 .text._free_r  0x0800748c       0x94 /Applications/STM32CubeIDE.app/Contents/Eclipse/plugins/com.st.stm32cube.ide.mcu.externaltools.gnu-tools-for-stm32.13.3.rel1.macos64_1.0.100.202509120712/tools/bin/../lib/gcc/arm-none-eabi/13.3.1/../../../../arm-none-eabi/lib/thumb/v7e-m+fp/hard/libc_nano.a(libc_a-freer.o)
                0x0800748c                _free_r
 .text.__malloc_lock
                0x08007520        0xc /Applications/STM32CubeIDE.app/Contents/Eclipse/plugins/com.st.stm32cube.ide.mcu.externaltools.gnu-tools-for-stm32.13.3.rel1.macos64_1.0.100.202509120712/tools/bin/../lib/gcc/arm-none-eabi/13.3.1/../../../../arm-none-eabi/lib/thumb/v7e-m+fp/hard/libc_nano.a(libc_a-mlock.o)
                0x08007520                __malloc_lock
 .text.__malloc_unlock
                0x0800752c        0xc /Applications/STM32CubeIDE.app/Contents/Eclipse/plugins/com.st.stm32cube.ide.mcu.externaltools.gnu-tools-for-stm32.13.3.rel1.macos64_1.0.100.202509120712/tools/bin/../lib/gcc/arm-none-eabi/13.3.1/../../../../arm-none-eabi/lib/thumb/v7e-m+fp/hard/libc_nano.a(libc_a-mlock.o)
                0x0800752c                __malloc_unlock
 *(.glue_7)
 .glue_7        0x08007538        0x0 linker stubs
 *(.glue_7t)
 .glue_7t       0x08007538        0x0 linker stubs
 *(.eh_frame)
 .eh_frame      0x08007538        0x0 /Applications/STM32CubeIDE.app/Contents/Eclipse/plugins/com.st.stm32cube.ide.mcu.externaltools.gnu-tools-for-stm32.13.3.rel1.macos64_1.0.100.202509120712/tools/bin/../lib/gcc/arm-none-eabi/13.3.1/thumb/v7e-m+fp/hard/crtbegin.o
 *(.init)
 .init          0x08007538        0x4 /Applications/STM32CubeIDE.app/Contents/Eclipse/plugins/com.st.stm32cube.ide.mcu.externaltools.gnu-tools-for-stm32.13.3.rel1.macos64_1.0.100.202509120712/tools/bin/../lib/gcc/arm-none-eabi/13.3.1/thumb/v7e-m+fp/hard/crti.o
                0x08007538                _init
 .init          0x0800753c        0x8 /Applications/STM32CubeIDE.app/Contents/Eclipse/plugins/com.st.stm32cube.ide.mcu.externaltools.gnu-tools-for-stm32.13.3.rel1.macos64_1.0.100.202509120712/tools/bin/../lib/gcc/arm-none-eabi/13.3.1/thumb/v7e-m+fp/hard/crtn.o
 *(.fini)
 .fini          0x08007544        0x4 /Applications/STM32CubeIDE.app/Contents/Eclipse/plugins/com.st.stm32cube.ide.mcu.externaltools.gnu-tools-for-stm32.13.3.rel1.macos64_1.0.100.202509120712/tools/bin/../lib/gcc/arm-none-eabi/13.3.1/thumb/v7e-m+fp/hard/crti.o
                0x08007544                _fini
 .fini          0x08007548        0x8 /Applications/STM32CubeIDE.app/Contents/Eclipse/plugins/com.st.stm32cube.ide.mcu.externaltools.gnu-tools-for-stm32.13.3.rel1.macos64_1.0.100.202509120712/tools/bin/../lib/gcc/arm-none-eabi/13.3.1/thumb/v7e-m+fp/hard/crtn.o
                0x08007550                        . = ALIGN (0x4)
                0x08007550                        _etext = .

.vfp11_veneer   0x08007550        0x0
 .vfp11_veneer  0x08007550        0x0 linker stubs

.v4_bx          0x08007550        0x0
 .v4_bx         0x08007550        0x0 linker stubs

.iplt           0x08007550        0x0
 .iplt          0x08007550        0x0 /Applications/STM32CubeIDE.app/Contents/Eclipse/plugins/com.st.stm32cube.ide.mcu.externaltools.gnu-tools-for-stm32.13.3.rel1.macos64_1.0.100.202509120712/tools/bin/../lib/gcc/arm-none-eabi/13.3.1/thumb/v7e-m+fp/hard/crtbegin.o

.rodata         0x08007550       0xf4
                0x08007550                        . = ALIGN (0x4)
 *(.rodata)
 .rodata        0x08007550       0x26 ./Core/Src/freertos.o
 *fill*         0x08007576        0x2 
 .rodata        0x08007578        0x5 ./Middlewares/Third_Party/FreeRTOS/Source/tasks.o
 *fill*         0x0800757d        0x3 
 .rodata        0x08007580        0xd ./Middlewares/Third_Party/FreeRTOS/Source/timers.o
 *(.rodata*)
 *fill*         0x0800758d        0x3 
 .rodata.defaultTask_attributes
                0x08007590       0x24 ./Core/Src/freertos.o
                0x08007590                defaultTask_attributes
 .rodata.TrafficStates_attributes
                0x080075b4       0x24 ./Core/Src/freertos.o
                0x080075b4                TrafficStates_attributes
 .rodata.UserInput_attributes
                0x080075d8       0x24 ./Core/Src/freertos.o
                0x080075d8                UserInput_attributes
 .rodata.AHBPrescTable
                0x080075fc       0x10 ./Core/Src/system_stm32l4xx.o
                0x080075fc                AHBPrescTable
 .rodata.APBPrescTable
                0x0800760c        0x8 ./Core/Src/system_stm32l4xx.o
                0x0800760c                APBPrescTable
 .rodata.MSIRangeTable
                0x08007614       0x30 ./Core/Src/system_stm32l4xx.o
                0x08007614                MSIRangeTable
                0x08007644                        . = ALIGN (0x4)

.ARM.extab      0x08007644        0x0
                0x08007644                        . = ALIGN (0x4)
 *(.ARM.extab* .gnu.linkonce.armextab.*)
                0x08007644                        . = ALIGN (0x4)

.ARM            0x08007644        0x8
                0x08007644                        . = ALIGN (0x4)
                0x08007644                        __exidx_start = .
 *(.ARM.exidx*)
 .ARM.exidx     0x08007644        0x8 /Applications/STM32CubeIDE.app/Contents/Eclipse/plugins/com.st.stm32cube.ide.mcu.externaltools.gnu-tools-for-stm32.13.3.rel1.macos64_1.0.100.202509120712/tools/bin/../lib/gcc/arm-none-eabi/13.3.1/thumb/v7e-m+fp/hard/libgcc.a(_udivmoddi4.o)
                0x0800764c                        __exidx_end = .
                0x0800764c                        . = ALIGN (0x4)

.preinit_array  0x0800764c        0x0
                0x0800764c                        . = ALIGN (0x4)
                0x0800764c                        PROVIDE (__preinit_array_start = .)
 *(.preinit_array*)
                0x0800764c                        PROVIDE (__preinit_array_end = .)
                0x0800764c                        . = ALIGN (0x4)

.init_array     0x0800764c        0x4
                0x0800764c                        . = ALIGN (0x4)
                0x0800764c                        PROVIDE (__init_array_start = .)
 *(SORT_BY_NAME(.init_array.*))
 *(.init_array*)
 .init_array    0x0800764c        0x4 /Applications/STM32CubeIDE.app/Contents/Eclipse/plugins/com.st.stm32cube.ide.mcu.externaltools.gnu-tools-for-stm32.13.3.rel1.macos64_1.0.100.202509120712/tools/bin/../lib/gcc/arm-none-eabi/13.3.1/thumb/v7e-m+fp/hard/crtbegin.o
                0x08007650                        PROVIDE (__init_array_end = .)
                0x08007650                        . = ALIGN (0x4)

.fini_array     0x08007650        0x4
                0x08007650                        . = ALIGN (0x4)
                [!provide]                        PROVIDE (__fini_array_start = .)
 *(SORT_BY_NAME(.fini_array.*))
 *(.fini_array*)
 .fini_array    0x08007650        0x4 /Applications/STM32CubeIDE.app/Contents/Eclipse/plugins/com.st.stm32cube.ide.mcu.externaltools.gnu-tools-for-stm32.13.3.rel1.macos64_1.0.100.202509120712/tools/bin/../lib/gcc/arm-none-eabi/13.3.1/thumb/v7e-m+fp/hard/crtbegin.o
                [!provide]                        PROVIDE (__fini_array_end = .)
                0x08007654                        . = ALIGN (0x4)
                0x08007654                        _sidata = LOADADDR (.data)

.rel.dyn        0x08007654        0x0
 .rel.iplt      0x08007654        0x0 /Applications/STM32CubeIDE.app/Contents/Eclipse/plugins/com.st.stm32cube.ide.mcu.externaltools.gnu-tools-for-stm32.13.3.rel1.macos64_1.0.100.202509120712/tools/bin/../lib/gcc/arm-none-eabi/13.3.1/thumb/v7e-m+fp/hard/crtbegin.o

.data           0x20000000       0x7c load address 0x08007654
                0x20000000                        . = ALIGN (0x4)
                0x20000000                        _sdata = .
 *(.data)
 *(.data*)
 .data.pedestrianDelay
                0x20000000        0x4 ./Core/Src/freertos.o
                0x20000000                pedestrianDelay
 .data.walkingDelay
                0x20000004        0x4 ./Core/Src/freertos.o
                0x20000004                walkingDelay
 .data.orangeDelay
                0x20000008        0x4 ./Core/Src/freertos.o
                0x20000008                orangeDelay
 .data.toggleFreq
                0x2000000c        0x4 ./Core/Src/freertos.o
                0x2000000c                toggleFreq
 .data.greenDelay
                0x20000010        0x4 ./Core/Src/freertos.o
                0x20000010                greenDelay
 .data.redDelay
                0x20000014        0x4 ./Core/Src/freertos.o
                0x20000014                redDelay
 .data.redDelayMax
                0x20000018        0x4 ./Core/Src/freertos.o
                0x20000018                redDelayMax
 .data.SystemCoreClock
                0x2000001c        0x4 ./Core/Src/system_stm32l4xx.o
                0x2000001c                SystemCoreClock
 .data.uwTickPrio
                0x20000020        0x4 ./Drivers/STM32L4xx_HAL_Driver/Src/stm32l4xx_hal.o
                0x20000020                uwTickPrio
 .data.uwTickFreq
                0x20000024        0x1 ./Drivers/STM32L4xx_HAL_Driver/Src/stm32l4xx_hal.o
                0x20000024                uwTickFreq
 *fill*         0x20000025        0x3 
 .data.uxCriticalNesting
                0x20000028        0x4 ./Middlewares/Third_Party/FreeRTOS/Source/portable/GCC/ARM_CM4F/port.o
 .data._impure_ptr
                0x2000002c        0x4 /Applications/STM32CubeIDE.app/Contents/Eclipse/plugins/com.st.stm32cube.ide.mcu.externaltools.gnu-tools-for-stm32.13.3.rel1.macos64_1.0.100.202509120712/tools/bin/../lib/gcc/arm-none-eabi/13.3.1/../../../../arm-none-eabi/lib/thumb/v7e-m+fp/hard/libc_nano.a(libc_a-impure.o)
                0x2000002c                _impure_ptr
 .data._impure_data
                0x20000030       0x4c /Applications/STM32CubeIDE.app/Contents/Eclipse/plugins/com.st.stm32cube.ide.mcu.externaltools.gnu-tools-for-stm32.13.3.rel1.macos64_1.0.100.202509120712/tools/bin/../lib/gcc/arm-none-eabi/13.3.1/../../../../arm-none-eabi/lib/thumb/v7e-m+fp/hard/libc_nano.a(libc_a-impure.o)
                0x20000030                _impure_data
 *(.RamFunc)
 *(.RamFunc*)
                0x2000007c                        . = ALIGN (0x4)
                0x2000007c                        _edata = .

.igot.plt       0x2000007c        0x0 load address 0x080076d0
 .igot.plt      0x2000007c        0x0 /Applications/STM32CubeIDE.app/Contents/Eclipse/plugins/com.st.stm32cube.ide.mcu.externaltools.gnu-tools-for-stm32.13.3.rel1.macos64_1.0.100.202509120712/tools/bin/../lib/gcc/arm-none-eabi/13.3.1/thumb/v7e-m+fp/hard/crtbegin.o
                0x2000007c                        . = ALIGN (0x4)

.bss            0x2000007c     0x1c54 load address 0x080076d0
                0x2000007c                        _sbss = .
                0x2000007c                        __bss_start__ = _sbss
 *(.bss)
 .bss           0x2000007c       0x1c /Applications/STM32CubeIDE.app/Contents/Eclipse/plugins/com.st.stm32cube.ide.mcu.externaltools.gnu-tools-for-stm32.13.3.rel1.macos64_1.0.100.202509120712/tools/bin/../lib/gcc/arm-none-eabi/13.3.1/thumb/v7e-m+fp/hard/crtbegin.o
 *(.bss*)
 .bss.car_ns_waiting
                0x20000098        0x1 ./Core/Src/freertos.o
                0x20000098                car_ns_waiting
 .bss.car_ew_waiting
                0x20000099        0x1 ./Core/Src/freertos.o
                0x20000099                car_ew_waiting
 .bss.ped_ns_waiting
                0x2000009a        0x1 ./Core/Src/freertos.o
                0x2000009a                ped_ns_waiting
 *fill*         0x2000009b        0x1 
 .bss.defaultTaskHandle
                0x2000009c        0x4 ./Core/Src/freertos.o
                0x2000009c                defaultTaskHandle
 .bss.TrafficStatesHandle
                0x200000a0        0x4 ./Core/Src/freertos.o
                0x200000a0                TrafficStatesHandle
 .bss.UserInputHandle
                0x200000a4        0x4 ./Core/Src/freertos.o
                0x200000a4                UserInputHandle
 .bss.n_ped_wait.2
                0x200000a8        0x1 ./Core/Src/freertos.o
 .bss.states.1  0x200000a9        0x1 ./Core/Src/freertos.o
 *fill*         0x200000aa        0x2 
 .bss.blink_timer.0
                0x200000ac        0x4 ./Core/Src/freertos.o
 .bss.hspi3     0x200000b0       0x64 ./Core/Src/spi.o
                0x200000b0                hspi3
 .bss.htim1     0x20000114       0x4c ./Core/Src/stm32l4xx_hal_timebase_tim.o
                0x20000114                htim1
 .bss.k         0x20000160        0x1 ./Core/Src/trafficstates.o
                0x20000160                k
 .bss.testbits  0x20000161        0x1 ./Core/Src/trafficstates.o
                0x20000161                testbits
 .bss.blue_on.0
                0x20000162        0x1 ./Core/Src/trafficstates.o
 *fill*         0x20000163        0x1 
 .bss.huart2    0x20000164       0x88 ./Core/Src/usart.o
                0x20000164                huart2
 .bss.uwTick    0x200001ec        0x4 ./Drivers/STM32L4xx_HAL_Driver/Src/stm32l4xx_hal.o
                0x200001ec                uwTick
 .bss.KernelState
                0x200001f0        0x4 ./Middlewares/Third_Party/FreeRTOS/Source/CMSIS_RTOS_V2/cmsis_os2.o
 .bss.Idle_TCB.3
                0x200001f4       0xa8 ./Middlewares/Third_Party/FreeRTOS/Source/CMSIS_RTOS_V2/cmsis_os2.o
 .bss.Idle_Stack.2
                0x2000029c      0x200 ./Middlewares/Third_Party/FreeRTOS/Source/CMSIS_RTOS_V2/cmsis_os2.o
 .bss.Timer_TCB.1
                0x2000049c       0xa8 ./Middlewares/Third_Party/FreeRTOS/Source/CMSIS_RTOS_V2/cmsis_os2.o
 .bss.Timer_Stack.0
                0x20000544      0x400 ./Middlewares/Third_Party/FreeRTOS/Source/CMSIS_RTOS_V2/cmsis_os2.o
 .bss.xQueueRegistry
                0x20000944       0x40 ./Middlewares/Third_Party/FreeRTOS/Source/queue.o
                0x20000944                xQueueRegistry
 .bss.pxCurrentTCB
                0x20000984        0x4 ./Middlewares/Third_Party/FreeRTOS/Source/tasks.o
                0x20000984                pxCurrentTCB
 .bss.pxReadyTasksLists
                0x20000988      0x460 ./Middlewares/Third_Party/FreeRTOS/Source/tasks.o
 .bss.xDelayedTaskList1
                0x20000de8       0x14 ./Middlewares/Third_Party/FreeRTOS/Source/tasks.o
 .bss.xDelayedTaskList2
                0x20000dfc       0x14 ./Middlewares/Third_Party/FreeRTOS/Source/tasks.o
 .bss.pxDelayedTaskList
                0x20000e10        0x4 ./Middlewares/Third_Party/FreeRTOS/Source/tasks.o
 .bss.pxOverflowDelayedTaskList
                0x20000e14        0x4 ./Middlewares/Third_Party/FreeRTOS/Source/tasks.o
 .bss.xPendingReadyList
                0x20000e18       0x14 ./Middlewares/Third_Party/FreeRTOS/Source/tasks.o
 .bss.xTasksWaitingTermination
                0x20000e2c       0x14 ./Middlewares/Third_Party/FreeRTOS/Source/tasks.o
 .bss.uxDeletedTasksWaitingCleanUp
                0x20000e40        0x4 ./Middlewares/Third_Party/FreeRTOS/Source/tasks.o
 .bss.xSuspendedTaskList
                0x20000e44       0x14 ./Middlewares/Third_Party/FreeRTOS/Source/tasks.o
 .bss.uxCurrentNumberOfTasks
                0x20000e58        0x4 ./Middlewares/Third_Party/FreeRTOS/Source/tasks.o
 .bss.xTickCount
                0x20000e5c        0x4 ./Middlewares/Third_Party/FreeRTOS/Source/tasks.o
 .bss.uxTopReadyPriority
                0x20000e60        0x4 ./Middlewares/Third_Party/FreeRTOS/Source/tasks.o
 .bss.xSchedulerRunning
                0x20000e64        0x4 ./Middlewares/Third_Party/FreeRTOS/Source/tasks.o
 .bss.xPendedTicks
                0x20000e68        0x4 ./Middlewares/Third_Party/FreeRTOS/Source/tasks.o
 .bss.xYieldPending
                0x20000e6c        0x4 ./Middlewares/Third_Party/FreeRTOS/Source/tasks.o
 .bss.xNumOfOverflows
                0x20000e70        0x4 ./Middlewares/Third_Party/FreeRTOS/Source/tasks.o
 .bss.uxTaskNumber
                0x20000e74        0x4 ./Middlewares/Third_Party/FreeRTOS/Source/tasks.o
 .bss.xNextTaskUnblockTime
                0x20000e78        0x4 ./Middlewares/Third_Party/FreeRTOS/Source/tasks.o
 .bss.xIdleTaskHandle
                0x20000e7c        0x4 ./Middlewares/Third_Party/FreeRTOS/Source/tasks.o
 .bss.uxSchedulerSuspended
                0x20000e80        0x4 ./Middlewares/Third_Party/FreeRTOS/Source/tasks.o
 .bss.xActiveTimerList1
                0x20000e84       0x14 ./Middlewares/Third_Party/FreeRTOS/Source/timers.o
 .bss.xActiveTimerList2
                0x20000e98       0x14 ./Middlewares/Third_Party/FreeRTOS/Source/timers.o
 .bss.pxCurrentTimerList
                0x20000eac        0x4 ./Middlewares/Third_Party/FreeRTOS/Source/timers.o
 .bss.pxOverflowTimerList
                0x20000eb0        0x4 ./Middlewares/Third_Party/FreeRTOS/Source/timers.o
 .bss.xTimerQueue
                0x20000eb4        0x4 ./Middlewares/Third_Party/FreeRTOS/Source/timers.o
 .bss.xTimerTaskHandle
                0x20000eb8        0x4 ./Middlewares/Third_Party/FreeRTOS/Source/timers.o
 .bss.xLastTime.2
                0x20000ebc        0x4 ./Middlewares/Third_Party/FreeRTOS/Source/timers.o
 .bss.ucStaticTimerQueueStorage.1
                0x20000ec0       0xa0 ./Middlewares/Third_Party/FreeRTOS/Source/timers.o
 .bss.xStaticTimerQueue.0
                0x20000f60       0x50 ./Middlewares/Third_Party/FreeRTOS/Source/timers.o
 .bss.ucMaxSysCallPriority
                0x20000fb0        0x1 ./Middlewares/Third_Party/FreeRTOS/Source/portable/GCC/ARM_CM4F/port.o
 *fill*         0x20000fb1        0x3 
 .bss.ulMaxPRIGROUPValue
                0x20000fb4        0x4 ./Middlewares/Third_Party/FreeRTOS/Source/portable/GCC/ARM_CM4F/port.o
 .bss.ucHeap    0x20000fb8      0xbb8 ./Middlewares/Third_Party/FreeRTOS/Source/portable/MemMang/heap_4.o
 .bss.xStart    0x20001b70        0x8 ./Middlewares/Third_Party/FreeRTOS/Source/portable/MemMang/heap_4.o
 .bss.pxEnd     0x20001b78        0x4 ./Middlewares/Third_Party/FreeRTOS/Source/portable/MemMang/heap_4.o
 .bss.xFreeBytesRemaining
                0x20001b7c        0x4 ./Middlewares/Third_Party/FreeRTOS/Source/portable/MemMang/heap_4.o
 .bss.xMinimumEverFreeBytesRemaining
                0x20001b80        0x4 ./Middlewares/Third_Party/FreeRTOS/Source/portable/MemMang/heap_4.o
 .bss.xNumberOfSuccessfulAllocations
                0x20001b84        0x4 ./Middlewares/Third_Party/FreeRTOS/Source/portable/MemMang/heap_4.o
 .bss.xNumberOfSuccessfulFrees
                0x20001b88        0x4 ./Middlewares/Third_Party/FreeRTOS/Source/portable/MemMang/heap_4.o
 .bss.xBlockAllocatedBit
                0x20001b8c        0x4 ./Middlewares/Third_Party/FreeRTOS/Source/portable/MemMang/heap_4.o
 .bss.__sf      0x20001b90      0x138 /Applications/STM32CubeIDE.app/Contents/Eclipse/plugins/com.st.stm32cube.ide.mcu.externaltools.gnu-tools-for-stm32.13.3.rel1.macos64_1.0.100.202509120712/tools/bin/../lib/gcc/arm-none-eabi/13.3.1/../../../../arm-none-eabi/lib/thumb/v7e-m+fp/hard/libc_nano.a(libc_a-findfp.o)
                0x20001b90                __sf
 .bss.__lock___malloc_recursive_mutex
                0x20001cc8        0x1 /Applications/STM32CubeIDE.app/Contents/Eclipse/plugins/com.st.stm32cube.ide.mcu.externaltools.gnu-tools-for-stm32.13.3.rel1.macos64_1.0.100.202509120712/tools/bin/../lib/gcc/arm-none-eabi/13.3.1/../../../../arm-none-eabi/lib/thumb/v7e-m+fp/hard/libc_nano.a(libc_a-lock.o)
                0x20001cc8                __lock___malloc_recursive_mutex
 *fill*         0x20001cc9        0x3 
 .bss.__malloc_free_list
                0x20001ccc        0x4 /Applications/STM32CubeIDE.app/Contents/Eclipse/plugins/com.st.stm32cube.ide.mcu.externaltools.gnu-tools-for-stm32.13.3.rel1.macos64_1.0.100.202509120712/tools/bin/../lib/gcc/arm-none-eabi/13.3.1/../../../../arm-none-eabi/lib/thumb/v7e-m+fp/hard/libc_nano.a(libc_a-mallocr.o)
                0x20001ccc                __malloc_free_list
 *(COMMON)
                0x20001cd0                        . = ALIGN (0x4)
                0x20001cd0                        _ebss = .
                0x20001cd0                        __bss_end__ = _ebss

._user_heap_stack
                0x20001cd0      0x600 load address 0x080076d0
                0x20001cd0                        . = ALIGN (0x8)
                [!provide]                        PROVIDE (end = .)
                0x20001cd0                        PROVIDE (_end = .)
                0x20001ed0                        . = (. + _Min_Heap_Size)
 *fill*         0x20001cd0      0x200 
                0x200022d0                        . = (. + _Min_Stack_Size)
 *fill*         0x20001ed0      0x400 
                0x200022d0                        . = ALIGN (0x8)

/DISCARD/
 libc.a(*)
 libm.a(*)
 libgcc.a(*)

.ARM.attributes
                0x00000000       0x30
 *(.ARM.attributes)
 .ARM.attributes
                0x00000000       0x22 /Applications/STM32CubeIDE.app/Contents/Eclipse/plugins/com.st.stm32cube.ide.mcu.externaltools.gnu-tools-for-stm32.13.3.rel1.macos64_1.0.100.202509120712/tools/bin/../lib/gcc/arm-none-eabi/13.3.1/thumb/v7e-m+fp/hard/crti.o
 .ARM.attributes
                0x00000022       0x34 /Applications/STM32CubeIDE.app/Contents/Eclipse/plugins/com.st.stm32cube.ide.mcu.externaltools.gnu-tools-for-stm32.13.3.rel1.macos64_1.0.100.202509120712/tools/bin/../lib/gcc/arm-none-eabi/13.3.1/thumb/v7e-m+fp/hard/crtbegin.o
 .ARM.attributes
                0x00000056       0x34 ./Core/Src/freertos.o
 .ARM.attributes
                0x0000008a       0x34 ./Core/Src/gpio.o
 .ARM.attributes
                0x000000be       0x34 ./Core/Src/io_handler.o
 .ARM.attributes
                0x000000f2       0x34 ./Core/Src/main.o
 .ARM.attributes
                0x00000126       0x34 ./Core/Src/spi.o
 .ARM.attributes
                0x0000015a       0x34 ./Core/Src/stm32l4xx_hal_msp.o
 .ARM.attributes
                0x0000018e       0x34 ./Core/Src/stm32l4xx_hal_timebase_tim.o
 .ARM.attributes
                0x000001c2       0x34 ./Core/Src/stm32l4xx_it.o
 .ARM.attributes
                0x000001f6       0x34 ./Core/Src/system_stm32l4xx.o
 .ARM.attributes
                0x0000022a       0x34 ./Core/Src/trafficstates.o
 .ARM.attributes
                0x0000025e       0x34 ./Core/Src/usart.o
 .ARM.attributes
                0x00000292       0x21 ./Core/Startup/startup_stm32l476rgtx.o
 .ARM.attributes
                0x000002b3       0x34 ./Drivers/STM32L4xx_HAL_Driver/Src/stm32l4xx_hal.o
 .ARM.attributes
                0x000002e7       0x34 ./Drivers/STM32L4xx_HAL_Driver/Src/stm32l4xx_hal_cortex.o
 .ARM.attributes
                0x0000031b       0x34 ./Drivers/STM32L4xx_HAL_Driver/Src/stm32l4xx_hal_gpio.o
 .ARM.attributes
                0x0000034f       0x34 ./Drivers/STM32L4xx_HAL_Driver/Src/stm32l4xx_hal_pwr_ex.o
 .ARM.attributes
                0x00000383       0x34 ./Drivers/STM32L4xx_HAL_Driver/Src/stm32l4xx_hal_rcc.o
 .ARM.attributes
                0x000003b7       0x34 ./Drivers/STM32L4xx_HAL_Driver/Src/stm32l4xx_hal_rcc_ex.o
 .ARM.attributes
                0x000003eb       0x34 ./Drivers/STM32L4xx_HAL_Driver/Src/stm32l4xx_hal_spi.o
 .ARM.attributes
                0x0000041f       0x34 ./Drivers/STM32L4xx_HAL_Driver/Src/stm32l4xx_hal_tim.o
 .ARM.attributes
                0x00000453       0x34 ./Drivers/STM32L4xx_HAL_Driver/Src/stm32l4xx_hal_tim_ex.o
 .ARM.attributes
                0x00000487       0x34 ./Drivers/STM32L4xx_HAL_Driver/Src/stm32l4xx_hal_uart.o
 .ARM.attributes
                0x000004bb       0x34 ./Middlewares/Third_Party/FreeRTOS/Source/CMSIS_RTOS_V2/cmsis_os2.o
 .ARM.attributes
                0x000004ef       0x34 ./Middlewares/Third_Party/FreeRTOS/Source/list.o
 .ARM.attributes
                0x00000523       0x34 ./Middlewares/Third_Party/FreeRTOS/Source/queue.o
 .ARM.attributes
                0x00000557       0x34 ./Middlewares/Third_Party/FreeRTOS/Source/tasks.o
 .ARM.attributes
                0x0000058b       0x34 ./Middlewares/Third_Party/FreeRTOS/Source/timers.o
 .ARM.attributes
                0x000005bf       0x34 ./Middlewares/Third_Party/FreeRTOS/Source/portable/GCC/ARM_CM4F/port.o
 .ARM.attributes
                0x000005f3       0x34 ./Middlewares/Third_Party/FreeRTOS/Source/portable/MemMang/heap_4.o
 .ARM.attributes
                0x00000627       0x34 /Applications/STM32CubeIDE.app/Contents/Eclipse/plugins/com.st.stm32cube.ide.mcu.externaltools.gnu-tools-for-stm32.13.3.rel1.macos64_1.0.100.202509120712/tools/bin/../lib/gcc/arm-none-eabi/13.3.1/../../../../arm-none-eabi/lib/thumb/v7e-m+fp/hard/libc_nano.a(libc_a-findfp.o)
 .ARM.attributes
                0x0000065b       0x34 /Applications/STM32CubeIDE.app/Contents/Eclipse/plugins/com.st.stm32cube.ide.mcu.externaltools.gnu-tools-for-stm32.13.3.rel1.macos64_1.0.100.202509120712/tools/bin/../lib/gcc/arm-none-eabi/13.3.1/../../../../arm-none-eabi/lib/thumb/v7e-m+fp/hard/libc_nano.a(libc_a-memset.o)
 .ARM.attributes
                0x0000068f       0x34 /Applications/STM32CubeIDE.app/Contents/Eclipse/plugins/com.st.stm32cube.ide.mcu.externaltools.gnu-tools-for-stm32.13.3.rel1.macos64_1.0.100.202509120712/tools/bin/../lib/gcc/arm-none-eabi/13.3.1/../../../../arm-none-eabi/lib/thumb/v7e-m+fp/hard/libc_nano.a(libc_a-init.o)
 .ARM.attributes
                0x000006c3       0x34 /Applications/STM32CubeIDE.app/Contents/Eclipse/plugins/com.st.stm32cube.ide.mcu.externaltools.gnu-tools-for-stm32.13.3.rel1.macos64_1.0.100.202509120712/tools/bin/../lib/gcc/arm-none-eabi/13.3.1/../../../../arm-none-eabi/lib/thumb/v7e-m+fp/hard/libc_nano.a(libc_a-lock.o)
 .ARM.attributes
                0x000006f7       0x34 /Applications/STM32CubeIDE.app/Contents/Eclipse/plugins/com.st.stm32cube.ide.mcu.externaltools.gnu-tools-for-stm32.13.3.rel1.macos64_1.0.100.202509120712/tools/bin/../lib/gcc/arm-none-eabi/13.3.1/../../../../arm-none-eabi/lib/thumb/v7e-m+fp/hard/libc_nano.a(libc_a-reent.o)
 .ARM.attributes
                0x0000072b       0x34 /Applications/STM32CubeIDE.app/Contents/Eclipse/plugins/com.st.stm32cube.ide.mcu.externaltools.gnu-tools-for-stm32.13.3.rel1.macos64_1.0.100.202509120712/tools/bin/../lib/gcc/arm-none-eabi/13.3.1/../../../../arm-none-eabi/lib/thumb/v7e-m+fp/hard/libc_nano.a(libc_a-impure.o)
 .ARM.attributes
                0x0000075f       0x34 /Applications/STM32CubeIDE.app/Contents/Eclipse/plugins/com.st.stm32cube.ide.mcu.externaltools.gnu-tools-for-stm32.13.3.rel1.macos64_1.0.100.202509120712/tools/bin/../lib/gcc/arm-none-eabi/13.3.1/../../../../arm-none-eabi/lib/thumb/v7e-m+fp/hard/libc_nano.a(libc_a-memcpy-stub.o)
 .ARM.attributes
                0x00000793       0x34 /Applications/STM32CubeIDE.app/Contents/Eclipse/plugins/com.st.stm32cube.ide.mcu.externaltools.gnu-tools-for-stm32.13.3.rel1.macos64_1.0.100.202509120712/tools/bin/../lib/gcc/arm-none-eabi/13.3.1/../../../../arm-none-eabi/lib/thumb/v7e-m+fp/hard/libc_nano.a(libc_a-freer.o)
 .ARM.attributes
                0x000007c7       0x34 /Applications/STM32CubeIDE.app/Contents/Eclipse/plugins/com.st.stm32cube.ide.mcu.externaltools.gnu-tools-for-stm32.13.3.rel1.macos64_1.0.100.202509120712/tools/bin/../lib/gcc/arm-none-eabi/13.3.1/../../../../arm-none-eabi/lib/thumb/v7e-m+fp/hard/libc_nano.a(libc_a-mallocr.o)
 .ARM.attributes
                0x000007fb       0x34 /Applications/STM32CubeIDE.app/Contents/Eclipse/plugins/com.st.stm32cube.ide.mcu.externaltools.gnu-tools-for-stm32.13.3.rel1.macos64_1.0.100.202509120712/tools/bin/../lib/gcc/arm-none-eabi/13.3.1/../../../../arm-none-eabi/lib/thumb/v7e-m+fp/hard/libc_nano.a(libc_a-mlock.o)
 .ARM.attributes
                0x0000082f       0x22 /Applications/STM32CubeIDE.app/Contents/Eclipse/plugins/com.st.stm32cube.ide.mcu.externaltools.gnu-tools-for-stm32.13.3.rel1.macos64_1.0.100.202509120712/tools/bin/../lib/gcc/arm-none-eabi/13.3.1/thumb/v7e-m+fp/hard/libgcc.a(_aeabi_uldivmod.o)
 .ARM.attributes
                0x00000851       0x34 /Applications/STM32CubeIDE.app/Contents/Eclipse/plugins/com.st.stm32cube.ide.mcu.externaltools.gnu-tools-for-stm32.13.3.rel1.macos64_1.0.100.202509120712/tools/bin/../lib/gcc/arm-none-eabi/13.3.1/thumb/v7e-m+fp/hard/libgcc.a(_udivmoddi4.o)
 .ARM.attributes
                0x00000885       0x22 /Applications/STM32CubeIDE.app/Contents/Eclipse/plugins/com.st.stm32cube.ide.mcu.externaltools.gnu-tools-for-stm32.13.3.rel1.macos64_1.0.100.202509120712/tools/bin/../lib/gcc/arm-none-eabi/13.3.1/thumb/v7e-m+fp/hard/libgcc.a(_dvmd_tls.o)
 .ARM.attributes
                0x000008a7       0x22 /Applications/STM32CubeIDE.app/Contents/Eclipse/plugins/com.st.stm32cube.ide.mcu.externaltools.gnu-tools-for-stm32.13.3.rel1.macos64_1.0.100.202509120712/tools/bin/../lib/gcc/arm-none-eabi/13.3.1/thumb/v7e-m+fp/hard/crtn.o
OUTPUT(PRO1_Simon_Stal_V2.elf elf32-littlearm)
LOAD linker stubs
LOAD /Applications/STM32CubeIDE.app/Contents/Eclipse/plugins/com.st.stm32cube.ide.mcu.externaltools.gnu-tools-for-stm32.13.3.rel1.macos64_1.0.100.202509120712/tools/bin/../lib/gcc/arm-none-eabi/13.3.1/../../../../arm-none-eabi/lib/thumb/v7e-m+fp/hard/libc.a
LOAD /Applications/STM32CubeIDE.app/Contents/Eclipse/plugins/com.st.stm32cube.ide.mcu.externaltools.gnu-tools-for-stm32.13.3.rel1.macos64_1.0.100.202509120712/tools/bin/../lib/gcc/arm-none-eabi/13.3.1/../../../../arm-none-eabi/lib/thumb/v7e-m+fp/hard/libm.a
LOAD /Applications/STM32CubeIDE.app/Contents/Eclipse/plugins/com.st.stm32cube.ide.mcu.externaltools.gnu-tools-for-stm32.13.3.rel1.macos64_1.0.100.202509120712/tools/bin/../lib/gcc/arm-none-eabi/13.3.1/thumb/v7e-m+fp/hard/libgcc.a

.debug_info     0x00000000    0x1d747
 .debug_info    0x00000000      0x6ab ./Core/Src/freertos.o
 .debug_info    0x000006ab      0x473 ./Core/Src/gpio.o
 .debug_info    0x00000b1e      0x7b0 ./Core/Src/io_handler.o
 .debug_info    0x000012ce      0x972 ./Core/Src/main.o
 .debug_info    0x00001c40      0x9a1 ./Core/Src/spi.o
 .debug_info    0x000025e1      0x50d ./Core/Src/stm32l4xx_hal_msp.o
 .debug_info    0x00002aee      0xc71 ./Core/Src/stm32l4xx_hal_timebase_tim.o
 .debug_info    0x0000375f      0x6d1 ./Core/Src/stm32l4xx_it.o
 .debug_info    0x00003e30      0x5b1 ./Core/Src/system_stm32l4xx.o
 .debug_info    0x000043e1      0x277 ./Core/Src/trafficstates.o
 .debug_info    0x00004658      0xd1b ./Core/Src/usart.o
 .debug_info    0x00005373       0x30 ./Core/Startup/startup_stm32l476rgtx.o
 .debug_info    0x000053a3      0xc09 ./Drivers/STM32L4xx_HAL_Driver/Src/stm32l4xx_hal.o
 .debug_info    0x00005fac      0xd81 ./Drivers/STM32L4xx_HAL_Driver/Src/stm32l4xx_hal_cortex.o
 .debug_info    0x00006d2d      0x757 ./Drivers/STM32L4xx_HAL_Driver/Src/stm32l4xx_hal_gpio.o
 .debug_info    0x00007484      0x99e ./Drivers/STM32L4xx_HAL_Driver/Src/stm32l4xx_hal_pwr_ex.o
 .debug_info    0x00007e22      0xc14 ./Drivers/STM32L4xx_HAL_Driver/Src/stm32l4xx_hal_rcc.o
 .debug_info    0x00008a36      0xe11 ./Drivers/STM32L4xx_HAL_Driver/Src/stm32l4xx_hal_rcc_ex.o
 .debug_info    0x00009847     0x1549 ./Drivers/STM32L4xx_HAL_Driver/Src/stm32l4xx_hal_spi.o
 .debug_info    0x0000ad90     0x2a9a ./Drivers/STM32L4xx_HAL_Driver/Src/stm32l4xx_hal_tim.o
 .debug_info    0x0000d82a     0x169e ./Drivers/STM32L4xx_HAL_Driver/Src/stm32l4xx_hal_tim_ex.o
 .debug_info    0x0000eec8     0x3b69 ./Drivers/STM32L4xx_HAL_Driver/Src/stm32l4xx_hal_uart.o
 .debug_info    0x00012a31     0x410d ./Middlewares/Third_Party/FreeRTOS/Source/CMSIS_RTOS_V2/cmsis_os2.o
 .debug_info    0x00016b3e      0x2af ./Middlewares/Third_Party/FreeRTOS/Source/list.o
 .debug_info    0x00016ded     0x1b79 ./Middlewares/Third_Party/FreeRTOS/Source/queue.o
 .debug_info    0x00018966     0x28c1 ./Middlewares/Third_Party/FreeRTOS/Source/tasks.o
 .debug_info    0x0001b227     0x1b50 ./Middlewares/Third_Party/FreeRTOS/Source/timers.o
 .debug_info    0x0001cd77      0x4fb ./Middlewares/Third_Party/FreeRTOS/Source/portable/GCC/ARM_CM4F/port.o
 .debug_info    0x0001d272      0x4d5 ./Middlewares/Third_Party/FreeRTOS/Source/portable/MemMang/heap_4.o

.debug_abbrev   0x00000000     0x4075
 .debug_abbrev  0x00000000      0x1b6 ./Core/Src/freertos.o
 .debug_abbrev  0x000001b6      0x152 ./Core/Src/gpio.o
 .debug_abbrev  0x00000308      0x1db ./Core/Src/io_handler.o
 .debug_abbrev  0x000004e3      0x22e ./Core/Src/main.o
 .debug_abbrev  0x00000711      0x1fa ./Core/Src/spi.o
 .debug_abbrev  0x0000090b      0x107 ./Core/Src/stm32l4xx_hal_msp.o
 .debug_abbrev  0x00000a12      0x1f4 ./Core/Src/stm32l4xx_hal_timebase_tim.o
 .debug_abbrev  0x00000c06      0x17e ./Core/Src/stm32l4xx_it.o
 .debug_abbrev  0x00000d84      0x11a ./Core/Src/system_stm32l4xx.o
 .debug_abbrev  0x00000e9e      0x12d ./Core/Src/trafficstates.o
 .debug_abbrev  0x00000fcb      0x1f5 ./Core/Src/usart.o
 .debug_abbrev  0x000011c0       0x24 ./Core/Startup/startup_stm32l476rgtx.o
 .debug_abbrev  0x000011e4      0x243 ./Drivers/STM32L4xx_HAL_Driver/Src/stm32l4xx_hal.o
 .debug_abbrev  0x00001427      0x31c ./Drivers/STM32L4xx_HAL_Driver/Src/stm32l4xx_hal_cortex.o
 .debug_abbrev  0x00001743      0x1cb ./Drivers/STM32L4xx_HAL_Driver/Src/stm32l4xx_hal_gpio.o
 .debug_abbrev  0x0000190e      0x1f9 ./Drivers/STM32L4xx_HAL_Driver/Src/stm32l4xx_hal_pwr_ex.o
 .debug_abbrev  0x00001b07      0x2cb ./Drivers/STM32L4xx_HAL_Driver/Src/stm32l4xx_hal_rcc.o
 .debug_abbrev  0x00001dd2      0x2a6 ./Drivers/STM32L4xx_HAL_Driver/Src/stm32l4xx_hal_rcc_ex.o
 .debug_abbrev  0x00002078      0x260 ./Drivers/STM32L4xx_HAL_Driver/Src/stm32l4xx_hal_spi.o
 .debug_abbrev  0x000022d8      0x278 ./Drivers/STM32L4xx_HAL_Driver/Src/stm32l4xx_hal_tim.o
 .debug_abbrev  0x00002550      0x283 ./Drivers/STM32L4xx_HAL_Driver/Src/stm32l4xx_hal_tim_ex.o
 .debug_abbrev  0x000027d3      0x2d0 ./Drivers/STM32L4xx_HAL_Driver/Src/stm32l4xx_hal_uart.o
 .debug_abbrev  0x00002aa3      0x548 ./Middlewares/Third_Party/FreeRTOS/Source/CMSIS_RTOS_V2/cmsis_os2.o
 .debug_abbrev  0x00002feb       0xf5 ./Middlewares/Third_Party/FreeRTOS/Source/list.o
 .debug_abbrev  0x000030e0      0x3b6 ./Middlewares/Third_Party/FreeRTOS/Source/queue.o
 .debug_abbrev  0x00003496      0x3fe ./Middlewares/Third_Party/FreeRTOS/Source/tasks.o
 .debug_abbrev  0x00003894      0x368 ./Middlewares/Third_Party/FreeRTOS/Source/timers.o
 .debug_abbrev  0x00003bfc      0x25c ./Middlewares/Third_Party/FreeRTOS/Source/portable/GCC/ARM_CM4F/port.o
 .debug_abbrev  0x00003e58      0x21d ./Middlewares/Third_Party/FreeRTOS/Source/portable/MemMang/heap_4.o

.debug_aranges  0x00000000     0x1910
 .debug_aranges
                0x00000000       0x38 ./Core/Src/freertos.o
 .debug_aranges
                0x00000038       0x20 ./Core/Src/gpio.o
 .debug_aranges
                0x00000058       0x28 ./Core/Src/io_handler.o
 .debug_aranges
                0x00000080       0x38 ./Core/Src/main.o
 .debug_aranges
                0x000000b8       0x30 ./Core/Src/spi.o
 .debug_aranges
                0x000000e8       0x20 ./Core/Src/stm32l4xx_hal_msp.o
 .debug_aranges
                0x00000108       0x30 ./Core/Src/stm32l4xx_hal_timebase_tim.o
 .debug_aranges
                0x00000138       0x50 ./Core/Src/stm32l4xx_it.o
 .debug_aranges
                0x00000188       0x28 ./Core/Src/system_stm32l4xx.o
 .debug_aranges
                0x000001b0       0x30 ./Core/Src/trafficstates.o
 .debug_aranges
                0x000001e0       0x30 ./Core/Src/usart.o
 .debug_aranges
                0x00000210       0x28 ./Core/Startup/startup_stm32l476rgtx.o
 .debug_aranges
                0x00000238      0x130 ./Drivers/STM32L4xx_HAL_Driver/Src/stm32l4xx_hal.o
 .debug_aranges
                0x00000368      0x128 ./Drivers/STM32L4xx_HAL_Driver/Src/stm32l4xx_hal_cortex.o
 .debug_aranges
                0x00000490       0x58 ./Drivers/STM32L4xx_HAL_Driver/Src/stm32l4xx_hal_gpio.o
 .debug_aranges
                0x000004e8      0x160 ./Drivers/STM32L4xx_HAL_Driver/Src/stm32l4xx_hal_pwr_ex.o
 .debug_aranges
                0x00000648       0x90 ./Drivers/STM32L4xx_HAL_Driver/Src/stm32l4xx_hal_rcc.o
 .debug_aranges
                0x000006d8       0xc0 ./Drivers/STM32L4xx_HAL_Driver/Src/stm32l4xx_hal_rcc_ex.o
 .debug_aranges
                0x00000798      0x1d8 ./Drivers/STM32L4xx_HAL_Driver/Src/stm32l4xx_hal_spi.o
 .debug_aranges
                0x00000970      0x3e0 ./Drivers/STM32L4xx_HAL_Driver/Src/stm32l4xx_hal_tim.o
 .debug_aranges
                0x00000d50      0x180 ./Drivers/STM32L4xx_HAL_Driver/Src/stm32l4xx_hal_tim_ex.o
 .debug_aranges
                0x00000ed0      0x228 ./Drivers/STM32L4xx_HAL_Driver/Src/stm32l4xx_hal_uart.o
 .debug_aranges
                0x000010f8      0x2b0 ./Middlewares/Third_Party/FreeRTOS/Source/CMSIS_RTOS_V2/cmsis_os2.o
 .debug_aranges
                0x000013a8       0x40 ./Middlewares/Third_Party/FreeRTOS/Source/list.o
 .debug_aranges
                0x000013e8      0x158 ./Middlewares/Third_Party/FreeRTOS/Source/queue.o
 .debug_aranges
                0x00001540      0x208 ./Middlewares/Third_Party/FreeRTOS/Source/tasks.o
 .debug_aranges
                0x00001748       0xf0 ./Middlewares/Third_Party/FreeRTOS/Source/timers.o
 .debug_aranges
                0x00001838       0x80 ./Middlewares/Third_Party/FreeRTOS/Source/portable/GCC/ARM_CM4F/port.o
 .debug_aranges
                0x000018b8       0x58 ./Middlewares/Third_Party/FreeRTOS/Source/portable/MemMang/heap_4.o

.debug_rnglists
                0x00000000     0x136d
 .debug_rnglists
                0x00000000       0x27 ./Core/Src/freertos.o
 .debug_rnglists
                0x00000027       0x14 ./Core/Src/gpio.o
 .debug_rnglists
                0x0000003b       0x1a ./Core/Src/io_handler.o
 .debug_rnglists
                0x00000055       0x26 ./Core/Src/main.o
 .debug_rnglists
                0x0000007b       0x20 ./Core/Src/spi.o
 .debug_rnglists
                0x0000009b       0x13 ./Core/Src/stm32l4xx_hal_msp.o
 .debug_rnglists
                0x000000ae       0x20 ./Core/Src/stm32l4xx_hal_timebase_tim.o
 .debug_rnglists
                0x000000ce       0x37 ./Core/Src/stm32l4xx_it.o
 .debug_rnglists
                0x00000105       0x1a ./Core/Src/system_stm32l4xx.o
 .debug_rnglists
                0x0000011f       0x21 ./Core/Src/trafficstates.o
 .debug_rnglists
                0x00000140       0x20 ./Core/Src/usart.o
 .debug_rnglists
                0x00000160       0x19 ./Core/Startup/startup_stm32l476rgtx.o
 .debug_rnglists
                0x00000179       0xdf ./Drivers/STM32L4xx_HAL_Driver/Src/stm32l4xx_hal.o
 .debug_rnglists
                0x00000258       0xda ./Drivers/STM32L4xx_HAL_Driver/Src/stm32l4xx_hal_cortex.o
 .debug_rnglists
                0x00000332       0x3f ./Drivers/STM32L4xx_HAL_Driver/Src/stm32l4xx_hal_gpio.o
 .debug_rnglists
                0x00000371      0x109 ./Drivers/STM32L4xx_HAL_Driver/Src/stm32l4xx_hal_pwr_ex.o
 .debug_rnglists
                0x0000047a       0x6d ./Drivers/STM32L4xx_HAL_Driver/Src/stm32l4xx_hal_rcc.o
 .debug_rnglists
                0x000004e7       0x95 ./Drivers/STM32L4xx_HAL_Driver/Src/stm32l4xx_hal_rcc_ex.o
 .debug_rnglists
                0x0000057c      0x178 ./Drivers/STM32L4xx_HAL_Driver/Src/stm32l4xx_hal_spi.o
 .debug_rnglists
                0x000006f4      0x328 ./Drivers/STM32L4xx_HAL_Driver/Src/stm32l4xx_hal_tim.o
 .debug_rnglists
                0x00000a1c      0x139 ./Drivers/STM32L4xx_HAL_Driver/Src/stm32l4xx_hal_tim_ex.o
 .debug_rnglists
                0x00000b55      0x1db ./Drivers/STM32L4xx_HAL_Driver/Src/stm32l4xx_hal_uart.o
 .debug_rnglists
                0x00000d30      0x212 ./Middlewares/Third_Party/FreeRTOS/Source/CMSIS_RTOS_V2/cmsis_os2.o
 .debug_rnglists
                0x00000f42       0x2b ./Middlewares/Third_Party/FreeRTOS/Source/list.o
 .debug_rnglists
                0x00000f6d      0x109 ./Middlewares/Third_Party/FreeRTOS/Source/queue.o
 .debug_rnglists
                0x00001076      0x1a0 ./Middlewares/Third_Party/FreeRTOS/Source/tasks.o
 .debug_rnglists
                0x00001216       0xb8 ./Middlewares/Third_Party/FreeRTOS/Source/timers.o
 .debug_rnglists
                0x000012ce       0x5d ./Middlewares/Third_Party/FreeRTOS/Source/portable/GCC/ARM_CM4F/port.o
 .debug_rnglists
                0x0000132b       0x42 ./Middlewares/Third_Party/FreeRTOS/Source/portable/MemMang/heap_4.o

.debug_macro    0x00000000    0x2adc3
 .debug_macro   0x00000000      0x378 ./Core/Src/freertos.o
 .debug_macro   0x00000378      0xad8 ./Core/Src/freertos.o
 .debug_macro   0x00000e50      0x190 ./Core/Src/freertos.o
 .debug_macro   0x00000fe0       0x22 ./Core/Src/freertos.o
 .debug_macro   0x00001002       0x8e ./Core/Src/freertos.o
 .debug_macro   0x00001090       0x51 ./Core/Src/freertos.o
 .debug_macro   0x000010e1      0x103 ./Core/Src/freertos.o
 .debug_macro   0x000011e4       0x6a ./Core/Src/freertos.o
 .debug_macro   0x0000124e      0x1df ./Core/Src/freertos.o
 .debug_macro   0x0000142d      0x1ad ./Core/Src/freertos.o
 .debug_macro   0x000015da       0x2e ./Core/Src/freertos.o
 .debug_macro   0x00001608       0x28 ./Core/Src/freertos.o
 .debug_macro   0x00001630       0x1c ./Core/Src/freertos.o
 .debug_macro   0x0000164c       0x22 ./Core/Src/freertos.o
 .debug_macro   0x0000166e       0xfb ./Core/Src/freertos.o
 .debug_macro   0x00001769     0x1011 ./Core/Src/freertos.o
 .debug_macro   0x0000277a      0x11f ./Core/Src/freertos.o
 .debug_macro   0x00002899    0x1a17a ./Core/Src/freertos.o
 .debug_macro   0x0001ca13       0x6d ./Core/Src/freertos.o
 .debug_macro   0x0001ca80     0x38fb ./Core/Src/freertos.o
 .debug_macro   0x0002037b       0x5c ./Core/Src/freertos.o
 .debug_macro   0x000203d7     0x159e ./Core/Src/freertos.o
 .debug_macro   0x00021975      0x5a5 ./Core/Src/freertos.o
 .debug_macro   0x00021f1a      0x1b9 ./Core/Src/freertos.o
 .debug_macro   0x000220d3      0x18b ./Core/Src/freertos.o
 .debug_macro   0x0002225e      0x26b ./Core/Src/freertos.o
 .debug_macro   0x000224c9      0x23d ./Core/Src/freertos.o
 .debug_macro   0x00022706      0x241 ./Core/Src/freertos.o
 .debug_macro   0x00022947      0x37c ./Core/Src/freertos.o
 .debug_macro   0x00022cc3       0xd6 ./Core/Src/freertos.o
 .debug_macro   0x00022d99      0x122 ./Core/Src/freertos.o
 .debug_macro   0x00022ebb      0x3ef ./Core/Src/freertos.o
 .debug_macro   0x000232aa      0x2fe ./Core/Src/freertos.o
 .debug_macro   0x000235a8      0xa98 ./Core/Src/freertos.o
 .debug_macro   0x00024040      0x1e6 ./Core/Src/freertos.o
 .debug_macro   0x00024226      0x5cf ./Core/Src/freertos.o
 .debug_macro   0x000247f5       0x44 ./Core/Src/freertos.o
 .debug_macro   0x00024839      0x330 ./Core/Src/freertos.o
 .debug_macro   0x00024b69       0xd0 ./Core/Src/freertos.o
 .debug_macro   0x00024c39       0x22 ./Core/Src/freertos.o
 .debug_macro   0x00024c5b       0x7c ./Core/Src/freertos.o
 .debug_macro   0x00024cd7      0x16a ./Core/Src/freertos.o
 .debug_macro   0x00024e41      0x15a ./Core/Src/freertos.o
 .debug_macro   0x00024f9b       0xc9 ./Core/Src/freertos.o
 .debug_macro   0x00025064       0x1c ./Core/Src/freertos.o
 .debug_macro   0x00025080       0x26 ./Core/Src/freertos.o
 .debug_macro   0x000250a6       0x61 ./Core/Src/freertos.o
 .debug_macro   0x00025107       0x2a ./Core/Src/freertos.o
 .debug_macro   0x00025131       0x43 ./Core/Src/freertos.o
 .debug_macro   0x00025174       0x34 ./Core/Src/freertos.o
 .debug_macro   0x000251a8      0x370 ./Core/Src/freertos.o
 .debug_macro   0x00025518       0x16 ./Core/Src/freertos.o
 .debug_macro   0x0002552e       0x4a ./Core/Src/freertos.o
 .debug_macro   0x00025578       0x34 ./Core/Src/freertos.o
 .debug_macro   0x000255ac       0x10 ./Core/Src/freertos.o
 .debug_macro   0x000255bc       0x58 ./Core/Src/freertos.o
 .debug_macro   0x00025614       0x8e ./Core/Src/freertos.o
 .debug_macro   0x000256a2       0x1c ./Core/Src/freertos.o
 .debug_macro   0x000256be      0x185 ./Core/Src/freertos.o
 .debug_macro   0x00025843       0x10 ./Core/Src/freertos.o
 .debug_macro   0x00025853       0x3c ./Core/Src/freertos.o
 .debug_macro   0x0002588f      0x4bf ./Core/Src/freertos.o
 .debug_macro   0x00025d4e       0xb5 ./Core/Src/freertos.o
 .debug_macro   0x00025e03       0xaa ./Core/Src/freertos.o
 .debug_macro   0x00025ead       0x6c ./Core/Src/freertos.o
 .debug_macro   0x00025f19       0x74 ./Core/Src/freertos.o
 .debug_macro   0x00025f8d       0xdd ./Core/Src/freertos.o
 .debug_macro   0x0002606a      0x1ee ./Core/Src/gpio.o
 .debug_macro   0x00026258      0x326 ./Core/Src/io_handler.o
 .debug_macro   0x0002657e       0xd6 ./Core/Src/io_handler.o
 .debug_macro   0x00026654      0x170 ./Core/Src/io_handler.o
 .debug_macro   0x000267c4      0x39a ./Core/Src/main.o
 .debug_macro   0x00026b5e       0x66 ./Core/Src/main.o
 .debug_macro   0x00026bc4      0x1ee ./Core/Src/spi.o
 .debug_macro   0x00026db2      0x1e4 ./Core/Src/stm32l4xx_hal_msp.o
 .debug_macro   0x00026f96      0x1d5 ./Core/Src/stm32l4xx_hal_timebase_tim.o
 .debug_macro   0x0002716b      0x1ee ./Core/Src/stm32l4xx_it.o
 .debug_macro   0x00027359      0x1d5 ./Core/Src/system_stm32l4xx.o
 .debug_macro   0x0002752e      0x334 ./Core/Src/trafficstates.o
 .debug_macro   0x00027862      0x1ee ./Core/Src/usart.o
 .debug_macro   0x00027a50      0x223 ./Drivers/STM32L4xx_HAL_Driver/Src/stm32l4xx_hal.o
 .debug_macro   0x00027c73      0x1d5 ./Drivers/STM32L4xx_HAL_Driver/Src/stm32l4xx_hal_cortex.o
 .debug_macro   0x00027e48      0x1dc ./Drivers/STM32L4xx_HAL_Driver/Src/stm32l4xx_hal_gpio.o
 .debug_macro   0x00028024      0x1f9 ./Drivers/STM32L4xx_HAL_Driver/Src/stm32l4xx_hal_pwr_ex.o
 .debug_macro   0x0002821d      0x217 ./Drivers/STM32L4xx_HAL_Driver/Src/stm32l4xx_hal_rcc.o
 .debug_macro   0x00028434      0x20b ./Drivers/STM32L4xx_HAL_Driver/Src/stm32l4xx_hal_rcc_ex.o
 .debug_macro   0x0002863f      0x1dd ./Drivers/STM32L4xx_HAL_Driver/Src/stm32l4xx_hal_spi.o
 .debug_macro   0x0002881c      0x1d6 ./Drivers/STM32L4xx_HAL_Driver/Src/stm32l4xx_hal_tim.o
 .debug_macro   0x000289f2      0x1d5 ./Drivers/STM32L4xx_HAL_Driver/Src/stm32l4xx_hal_tim_ex.o
 .debug_macro   0x00028bc7      0x200 ./Drivers/STM32L4xx_HAL_Driver/Src/stm32l4xx_hal_uart.o
 .debug_macro   0x00028dc7      0x43b ./Middlewares/Third_Party/FreeRTOS/Source/CMSIS_RTOS_V2/cmsis_os2.o
 .debug_macro   0x00029202       0x10 ./Middlewares/Third_Party/FreeRTOS/Source/CMSIS_RTOS_V2/cmsis_os2.o
 .debug_macro   0x00029212       0x20 ./Middlewares/Third_Party/FreeRTOS/Source/CMSIS_RTOS_V2/cmsis_os2.o
 .debug_macro   0x00029232       0x10 ./Middlewares/Third_Party/FreeRTOS/Source/CMSIS_RTOS_V2/cmsis_os2.o
 .debug_macro   0x00029242       0xf5 ./Middlewares/Third_Party/FreeRTOS/Source/CMSIS_RTOS_V2/cmsis_os2.o
 .debug_macro   0x00029337       0x56 ./Middlewares/Third_Party/FreeRTOS/Source/CMSIS_RTOS_V2/cmsis_os2.o
 .debug_macro   0x0002938d       0x16 ./Middlewares/Third_Party/FreeRTOS/Source/CMSIS_RTOS_V2/cmsis_os2.o
 .debug_macro   0x000293a3       0x91 ./Middlewares/Third_Party/FreeRTOS/Source/CMSIS_RTOS_V2/cmsis_os2.o
 .debug_macro   0x00029434       0x8d ./Middlewares/Third_Party/FreeRTOS/Source/CMSIS_RTOS_V2/cmsis_os2.o
 .debug_macro   0x000294c1       0x9a ./Middlewares/Third_Party/FreeRTOS/Source/CMSIS_RTOS_V2/cmsis_os2.o
 .debug_macro   0x0002955b       0x22 ./Middlewares/Third_Party/FreeRTOS/Source/CMSIS_RTOS_V2/cmsis_os2.o
 .debug_macro   0x0002957d      0x363 ./Middlewares/Third_Party/FreeRTOS/Source/list.o
 .debug_macro   0x000298e0      0x3f2 ./Middlewares/Third_Party/FreeRTOS/Source/queue.o
 .debug_macro   0x00029cd2       0x16 ./Middlewares/Third_Party/FreeRTOS/Source/queue.o
 .debug_macro   0x00029ce8       0x87 ./Middlewares/Third_Party/FreeRTOS/Source/queue.o
 .debug_macro   0x00029d6f      0x45b ./Middlewares/Third_Party/FreeRTOS/Source/tasks.o
 .debug_macro   0x0002a1ca       0x10 ./Middlewares/Third_Party/FreeRTOS/Source/tasks.o
 .debug_macro   0x0002a1da      0x3b8 ./Middlewares/Third_Party/FreeRTOS/Source/timers.o
 .debug_macro   0x0002a592       0x97 ./Middlewares/Third_Party/FreeRTOS/Source/timers.o
 .debug_macro   0x0002a629      0x410 ./Middlewares/Third_Party/FreeRTOS/Source/portable/GCC/ARM_CM4F/port.o
 .debug_macro   0x0002aa39      0x38a ./Middlewares/Third_Party/FreeRTOS/Source/portable/MemMang/heap_4.o

.debug_line     0x00000000    0x1f283
 .debug_line    0x00000000      0xb14 ./Core/Src/freertos.o
 .debug_line    0x00000b14      0x769 ./Core/Src/gpio.o
 .debug_line    0x0000127d      0x9e5 ./Core/Src/io_handler.o
 .debug_line    0x00001c62      0xab7 ./Core/Src/main.o
 .debug_line    0x00002719      0x7a4 ./Core/Src/spi.o
 .debug_line    0x00002ebd      0x716 ./Core/Src/stm32l4xx_hal_msp.o
 .debug_line    0x000035d3      0x780 ./Core/Src/stm32l4xx_hal_timebase_tim.o
 .debug_line    0x00003d53      0x79e ./Core/Src/stm32l4xx_it.o
 .debug_line    0x000044f1      0x7b3 ./Core/Src/system_stm32l4xx.o
 .debug_line    0x00004ca4      0xc2a ./Core/Src/trafficstates.o
 .debug_line    0x000058ce      0x79f ./Core/Src/usart.o
 .debug_line    0x0000606d       0x7a ./Core/Startup/startup_stm32l476rgtx.o
 .debug_line    0x000060e7      0xb1c ./Drivers/STM32L4xx_HAL_Driver/Src/stm32l4xx_hal.o
 .debug_line    0x00006c03      0xcb6 ./Drivers/STM32L4xx_HAL_Driver/Src/stm32l4xx_hal_cortex.o
 .debug_line    0x000078b9      0xb6f ./Drivers/STM32L4xx_HAL_Driver/Src/stm32l4xx_hal_gpio.o
 .debug_line    0x00008428      0xcfd ./Drivers/STM32L4xx_HAL_Driver/Src/stm32l4xx_hal_pwr_ex.o
 .debug_line    0x00009125     0x1070 ./Drivers/STM32L4xx_HAL_Driver/Src/stm32l4xx_hal_rcc.o
 .debug_line    0x0000a195     0x153d ./Drivers/STM32L4xx_HAL_Driver/Src/stm32l4xx_hal_rcc_ex.o
 .debug_line    0x0000b6d2     0x1ffb ./Drivers/STM32L4xx_HAL_Driver/Src/stm32l4xx_hal_spi.o
 .debug_line    0x0000d6cd     0x3e07 ./Drivers/STM32L4xx_HAL_Driver/Src/stm32l4xx_hal_tim.o
 .debug_line    0x000114d4     0x1b58 ./Drivers/STM32L4xx_HAL_Driver/Src/stm32l4xx_hal_tim_ex.o
 .debug_line    0x0001302c     0x2d3e ./Drivers/STM32L4xx_HAL_Driver/Src/stm32l4xx_hal_uart.o
 .debug_line    0x00015d6a     0x2559 ./Middlewares/Third_Party/FreeRTOS/Source/CMSIS_RTOS_V2/cmsis_os2.o
 .debug_line    0x000182c3      0xad9 ./Middlewares/Third_Party/FreeRTOS/Source/list.o
 .debug_line    0x00018d9c     0x1a4a ./Middlewares/Third_Party/FreeRTOS/Source/queue.o
 .debug_line    0x0001a7e6     0x1ff1 ./Middlewares/Third_Party/FreeRTOS/Source/tasks.o
 .debug_line    0x0001c7d7     0x1119 ./Middlewares/Third_Party/FreeRTOS/Source/timers.o
 .debug_line    0x0001d8f0      0xca3 ./Middlewares/Third_Party/FreeRTOS/Source/portable/GCC/ARM_CM4F/port.o
 .debug_line    0x0001e593      0xcf0 ./Middlewares/Third_Party/FreeRTOS/Source/portable/MemMang/heap_4.o

.debug_str      0x00000000    0xff1f2
 .debug_str     0x00000000    0xff1f2 ./Core/Src/freertos.o
                              0xf4502 (size before relaxing)
 .debug_str     0x000ff1f2        0x0 ./Core/Src/gpio.o
                              0xec26b (size before relaxing)
 .debug_str     0x000ff1f2        0x0 ./Core/Src/io_handler.o
                              0xf28fc (size before relaxing)
 .debug_str     0x000ff1f2        0x0 ./Core/Src/main.o
                              0xf4596 (size before relaxing)
 .debug_str     0x000ff1f2        0x0 ./Core/Src/spi.o
                              0xec697 (size before relaxing)
 .debug_str     0x000ff1f2        0x0 ./Core/Src/stm32l4xx_hal_msp.o
                              0xec69b (size before relaxing)
 .debug_str     0x000ff1f2        0x0 ./Core/Src/stm32l4xx_hal_timebase_tim.o
                              0xec9e5 (size before relaxing)
 .debug_str     0x000ff1f2        0x0 ./Core/Src/stm32l4xx_it.o
                              0xec5e1 (size before relaxing)
 .debug_str     0x000ff1f2        0x0 ./Core/Src/system_stm32l4xx.o
                              0xebf45 (size before relaxing)
 .debug_str     0x000ff1f2        0x0 ./Core/Src/trafficstates.o
                              0xf2539 (size before relaxing)
 .debug_str     0x000ff1f2        0x0 ./Core/Src/usart.o
                              0xec995 (size before relaxing)
 .debug_str     0x000ff1f2        0x0 ./Core/Startup/startup_stm32l476rgtx.o
                                 0x8c (size before relaxing)
 .debug_str     0x000ff1f2        0x0 ./Drivers/STM32L4xx_HAL_Driver/Src/stm32l4xx_hal.o
                              0xecb44 (size before relaxing)
 .debug_str     0x000ff1f2        0x0 ./Drivers/STM32L4xx_HAL_Driver/Src/stm32l4xx_hal_cortex.o
                              0xec7be (size before relaxing)
 .debug_str     0x000ff1f2        0x0 ./Drivers/STM32L4xx_HAL_Driver/Src/stm32l4xx_hal_gpio.o
                              0xec0be (size before relaxing)
 .debug_str     0x000ff1f2        0x0 ./Drivers/STM32L4xx_HAL_Driver/Src/stm32l4xx_hal_pwr_ex.o
                              0xec4a0 (size before relaxing)
 .debug_str     0x000ff1f2        0x0 ./Drivers/STM32L4xx_HAL_Driver/Src/stm32l4xx_hal_rcc.o
                              0xec58b (size before relaxing)
 .debug_str     0x000ff1f2        0x0 ./Drivers/STM32L4xx_HAL_Driver/Src/stm32l4xx_hal_rcc_ex.o
                              0xec704 (size before relaxing)
 .debug_str     0x000ff1f2        0x0 ./Drivers/STM32L4xx_HAL_Driver/Src/stm32l4xx_hal_spi.o
                              0xec760 (size before relaxing)
 .debug_str     0x000ff1f2        0x0 ./Drivers/STM32L4xx_HAL_Driver/Src/stm32l4xx_hal_tim.o