Archive member included to satisfy reference by file (symbol)

/Applications/STM32CubeIDE.app/Contents/Eclipse/plugins/com.st.stm32cube.ide.mcu.externaltools.gnu-tools-for-stm32.13.3.rel1.macos64_1.0.100.202509120712/tools/bin/../lib/gcc/arm-none-eabi/13.3.1/../../../../arm-none-eabi/lib/thumb/v7e-m+fp/hard/libc_nano.a(libc_a-exit.o)
                              /Applications/STM32CubeIDE.app/Contents/Eclipse/plugins/com.st.stm32cube.ide.mcu.externaltools.gnu-tools-for-stm32.13.3.rel1.macos64_1.0.100.202509120712/tools/bin/../lib/gcc/arm-none-eabi/13.3.1/../../../../arm-none-eabi/lib/thumb/v7e-m+fp/hard/crt0.o (exit)
/Applications/STM32CubeIDE.app/Contents/Eclipse/plugins/com.st.stm32cube.ide.mcu.externaltools.gnu-tools-for-stm32.13.3.rel1.macos64_1.0.100.202509120712/tools/bin/../lib/gcc/arm-none-eabi/13.3.1/../../../../arm-none-eabi/lib/thumb/v7e-m+fp/hard/libc_nano.a(libc_a-findfp.o)
                              ./Middlewares/Third_Party/FreeRTOS/Source/tasks.o (__sf)
/Applications/STM32CubeIDE.app/Contents/Eclipse/plugins/com.st.stm32cube.ide.mcu.externaltools.gnu-tools-for-stm32.13.3.rel1.macos64_1.0.100.202509120712/tools/bin/../lib/gcc/arm-none-eabi/13.3.1/../../../../arm-none-eabi/lib/thumb/v7e-m+fp/hard/libc_nano.a(libc_a-fwalk.o)
                              /Applications/STM32CubeIDE.app/Contents/Eclipse/plugins/com.st.stm32cube.ide.mcu.externaltools.gnu-tools-for-stm32.13.3.rel1.macos64_1.0.100.202509120712/tools/bin/../lib/gcc/arm-none-eabi/13.3.1/../../../../arm-none-eabi/lib/thumb/v7e-m+fp/hard/libc_nano.a(libc_a-findfp.o) (_fwalk_sglue)
/Applications/STM32CubeIDE.app/Contents/Eclipse/plugins/com.st.stm32cube.ide.mcu.externaltools.gnu-tools-for-stm32.13.3.rel1.macos64_1.0.100.202509120712/tools/bin/../lib/gcc/arm-none-eabi/13.3.1/../../../../arm-none-eabi/lib/thumb/v7e-m+fp/hard/libc_nano.a(libc_a-memset.o)
                              /Applications/STM32CubeIDE.app/Contents/Eclipse/plugins/com.st.stm32cube.ide.mcu.externaltools.gnu-tools-for-stm32.13.3.rel1.macos64_1.0.100.202509120712/tools/bin/../lib/gcc/arm-none-eabi/13.3.1/../../../../arm-none-eabi/lib/thumb/v7e-m+fp/hard/crt0.o (memset)
/Applications/STM32CubeIDE.app/Contents/Eclipse/plugins/com.st.stm32cube.ide.mcu.externaltools.gnu-tools-for-stm32.13.3.rel1.macos64_1.0.100.202509120712/tools/bin/../lib/gcc/arm-none-eabi/13.3.1/../../../../arm-none-eabi/lib/thumb/v7e-m+fp/hard/libc_nano.a(libc_a-errno.o)
                              ./Core/Src/syscalls.o (__errno)
/Applications/STM32CubeIDE.app/Contents/Eclipse/plugins/com.st.stm32cube.ide.mcu.externaltools.gnu-tools-for-stm32.13.3.rel1.macos64_1.0.100.202509120712/tools/bin/../lib/gcc/arm-none-eabi/13.3.1/../../../../arm-none-eabi/lib/thumb/v7e-m+fp/hard/libc_nano.a(libc_a-init.o)
                              /Applications/STM32CubeIDE.app/Contents/Eclipse/plugins/com.st.stm32cube.ide.mcu.externaltools.gnu-tools-for-stm32.13.3.rel1.macos64_1.0.100.202509120712/tools/bin/../lib/gcc/arm-none-eabi/13.3.1/../../../../arm-none-eabi/lib/thumb/v7e-m+fp/hard/crt0.o (__libc_init_array)
/Applications/STM32CubeIDE.app/Contents/Eclipse/plugins/com.st.stm32cube.ide.mcu.externaltools.gnu-tools-for-stm32.13.3.rel1.macos64_1.0.100.202509120712/tools/bin/../lib/gcc/arm-none-eabi/13.3.1/../../../../arm-none-eabi/lib/thumb/v7e-m+fp/hard/libc_nano.a(libc_a-lock.o)
                              /Applications/STM32CubeIDE.app/Contents/Eclipse/plugins/com.st.stm32cube.ide.mcu.externaltools.gnu-tools-for-stm32.13.3.rel1.macos64_1.0.100.202509120712/tools/bin/../lib/gcc/arm-none-eabi/13.3.1/../../../../arm-none-eabi/lib/thumb/v7e-m+fp/hard/libc_nano.a(libc_a-findfp.o) (__retarget_lock_init_recursive)
/Applications/STM32CubeIDE.app/Contents/Eclipse/plugins/com.st.stm32cube.ide.mcu.externaltools.gnu-tools-for-stm32.13.3.rel1.macos64_1.0.100.202509120712/tools/bin/../lib/gcc/arm-none-eabi/13.3.1/../../../../arm-none-eabi/lib/thumb/v7e-m+fp/hard/libc_nano.a(libc_a-reent.o)
                              ./Middlewares/Third_Party/FreeRTOS/Source/tasks.o (_reclaim_reent)
/Applications/STM32CubeIDE.app/Contents/Eclipse/plugins/com.st.stm32cube.ide.mcu.externaltools.gnu-tools-for-stm32.13.3.rel1.macos64_1.0.100.202509120712/tools/bin/../lib/gcc/arm-none-eabi/13.3.1/../../../../arm-none-eabi/lib/thumb/v7e-m+fp/hard/libc_nano.a(libc_a-impure.o)
                              ./Middlewares/Third_Party/FreeRTOS/Source/tasks.o (_impure_ptr)
/Applications/STM32CubeIDE.app/Contents/Eclipse/plugins/com.st.stm32cube.ide.mcu.externaltools.gnu-tools-for-stm32.13.3.rel1.macos64_1.0.100.202509120712/tools/bin/../lib/gcc/arm-none-eabi/13.3.1/../../../../arm-none-eabi/lib/thumb/v7e-m+fp/hard/libc_nano.a(libc_a-memcpy-stub.o)
                              ./Middlewares/Third_Party/FreeRTOS/Source/CMSIS_RTOS_V2/cmsis_os2.o (memcpy)
[...]
Memory Configuration

Name             Origin             Length             Attributes
RAM              0x20000000         0x00018000         xrw
RAM2             0x10000000         0x00008000         xrw
FLASH            0x08000000         0x00100000         xr
*default*        0x00000000         0xffffffff

Linker script and memory map

LOAD /Applications/STM32CubeIDE.app/Contents/Eclipse/plugins/com.st.stm32cube.ide.mcu.externaltools.gnu-tools-for-stm32.13.3.rel1.macos64_1.0.100.202509120712/tools/bin/../lib/gcc/arm-none-eabi/13.3.1/thumb/v7e-m+fp/hard/crti.o
LOAD /Applications/STM32CubeIDE.app/Contents/Eclipse/plugins/com.st.stm32cube.ide.mcu.externaltools.gnu-tools-for-stm32.13.3.rel1.macos64_1.0.100.202509120712/tools/bin/../lib/gcc/arm-none-eabi/13.3.1/thumb/v7e-m+fp/hard/crtbegin.o
LOAD /Applications/STM32CubeIDE.app/Contents/Eclipse/plugins/com.st.stm32cube.ide.mcu.externaltools.gnu-tools-for-stm32.13.3.rel1.macos64_1.0.100.202509120712/tools/bin/../lib/gcc/arm-none-eabi/13.3.1/../../../../arm-none-eabi/lib/thumb/v7e-m+fp/hard/crt0.o
LOAD ./Core/Src/freertos.o
LOAD ./Core/Src/gpio.o
LOAD ./Core/Src/io_handler.o
LOAD ./Core/Src/main.o
LOAD ./Core/Src/spi.o
LOAD ./Core/Src/stm32l4xx_hal_msp.o
LOAD ./Core/Src/stm32l4xx_hal_timebase_tim.o
LOAD ./Core/Src/stm32l4xx_it.o
LOAD ./Core/Src/syscalls.o
LOAD ./Core/Src/sysmem.o
LOAD ./Core/Src/system_stm32l4xx.o
LOAD ./Core/Src/test.o
LOAD ./Core/Src/trafficstates.o
LOAD ./Core/Src/usart.o
LOAD ./Core/Startup/startup_stm32l476rgtx.o
LOAD ./Drivers/STM32L4xx_HAL_Driver/Src/stm32l4xx_hal.o
LOAD ./Drivers/STM32L4xx_HAL_Driver/Src/stm32l4xx_hal_cortex.o
LOAD ./Drivers/STM32L4xx_HAL_Driver/Src/stm32l4xx_hal_dma.o
LOAD ./Drivers/STM32L4xx_HAL_Driver/Src/stm32l4xx_hal_dma_ex.o
LOAD ./Drivers/STM32L4xx_HAL_Driver/Src/stm32l4xx_hal_exti.o
LOAD ./Drivers/STM32L4xx_HAL_Driver/Src/stm32l4xx_hal_flash.o
LOAD ./Drivers/STM32L4xx_HAL_Driver/Src/stm32l4xx_hal_flash_ex.o
LOAD ./Drivers/STM32L4xx_HAL_Driver/Src/stm32l4xx_hal_flash_ramfunc.o
LOAD ./Drivers/STM32L4xx_HAL_Driver/Src/stm32l4xx_hal_gpio.o
LOAD ./Drivers/STM32L4xx_HAL_Driver/Src/stm32l4xx_hal_i2c.o
LOAD ./Drivers/STM32L4xx_HAL_Driver/Src/stm32l4xx_hal_i2c_ex.o
LOAD ./Drivers/STM32L4xx_HAL_Driver/Src/stm32l4xx_hal_pwr.o
LOAD ./Drivers/STM32L4xx_HAL_Driver/Src/stm32l4xx_hal_pwr_ex.o
LOAD ./Drivers/STM32L4xx_HAL_Driver/Src/stm32l4xx_hal_rcc.o
LOAD ./Drivers/STM32L4xx_HAL_Driver/Src/stm32l4xx_hal_rcc_ex.o
LOAD ./Drivers/STM32L4xx_HAL_Driver/Src/stm32l4xx_hal_spi.o
LOAD ./Drivers/STM32L4xx_HAL_Driver/Src/stm32l4xx_hal_spi_ex.o
LOAD ./Drivers/STM32L4xx_HAL_Driver/Src/stm32l4xx_hal_tim.o
LOAD ./Drivers/STM32L4xx_HAL_Driver/Src/stm32l4xx_hal_tim_ex.o
LOAD ./Drivers/STM32L4xx_HAL_Driver/Src/stm32l4xx_hal_uart.o
LOAD ./Drivers/STM32L4xx_HAL_Driver/Src/stm32l4xx_hal_uart_ex.o
LOAD ./Middlewares/Third_Party/FreeRTOS/Source/CMSIS_RTOS_V2/cmsis_os2.o
LOAD ./Middlewares/Third_Party/FreeRTOS/Source/croutine.o
LOAD ./Middlewares/Third_Party/FreeRTOS/Source/event_groups.o
LOAD ./Middlewares/Third_Party/FreeRTOS/Source/list.o
LOAD ./Middlewares/Third_Party/FreeRTOS/Source/queue.o
LOAD ./Middlewares/Third_Party/FreeRTOS/Source/stream_buffer.o
LOAD ./Middlewares/Third_Party/FreeRTOS/Source/tasks.o
LOAD ./Middlewares/Third_Party/FreeRTOS/Source/timers.o
LOAD ./Middlewares/Third_Party/FreeRTOS/Source/portable/GCC/ARM_CM4F/port.o
LOAD ./Middlewares/Third_Party/FreeRTOS/Source/portable/MemMang/heap_4.o
START GROUP
LOAD /Applications/STM32CubeIDE.app/Contents/Eclipse/plugins/com.st.stm32cube.ide.mcu.externaltools.gnu-tools-for-stm32.13.3.rel1.macos64_1.0.100.202509120712/tools/bin/../lib/gcc/arm-none-eabi/13.3.1/../../../../arm-none-eabi/lib/thumb/v7e-m+fp/hard/libc_nano.a
LOAD /Applications/STM32CubeIDE.app/Contents/Eclipse/plugins/com.st.stm32cube.ide.mcu.externaltools.gnu-tools-for-stm32.13.3.rel1.macos64_1.0.100.202509120712/tools/bin/../lib/gcc/arm-none-eabi/13.3.1/../../../../arm-none-eabi/lib/thumb/v7e-m+fp/hard/libm.a
END GROUP
START GROUP
LOAD /Applications/STM32CubeIDE.app/Contents/Eclipse/plugins/com.st.stm32cube.ide.mcu.externaltools.gnu-tools-for-stm32.13.3.rel1.macos64_1.0.100.202509120712/tools/bin/../lib/gcc/arm-none-eabi/13.3.1/thumb/v7e-m+fp/hard/libgcc.a
LOAD /Applications/STM32CubeIDE.app/Contents/Eclipse/plugins/com.st.stm32cube.ide.mcu.externaltools.gnu-tools-for-stm32.13.3.rel1.macos64_1.0.100.202509120712/tools/bin/../lib/gcc/arm-none-eabi/13.3.1/../../../../arm-none-eabi/lib/thumb/v7e-m+fp/hard/libc_nano.a
END GROUP
START GROUP
LOAD /Applications/STM32CubeIDE.app/Contents/Eclipse/plugins/com.st.stm32cube.ide.mcu.externaltools.gnu-tools-for-stm32.13.3.rel1.macos64_1.0.100.202509120712/tools/bin/../lib/gcc/arm-none-eabi/13.3.1/thumb/v7e-m+fp/hard/libgcc.a
LOAD /Applications/STM32CubeIDE.app/Contents/Eclipse/plugins/com.st.stm32cube.ide.mcu.externaltools.gnu-tools-for-stm32.13.3.rel1.macos64_1.0.100.202509120712/tools/bin/../lib/gcc/arm-none-eabi/13.3.1/../../../../arm-none-eabi/lib/thumb/v7e-m+fp/hard/libc_nano.a
LOAD /Applications/STM32CubeIDE.app/Contents/Eclipse/plugins/com.st.stm32cube.ide.mcu.externaltools.gnu-tools-for-stm32.13.3.rel1.macos64_1.0.100.202509120712/tools/bin/../lib/gcc/arm-none-eabi/13.3.1/../../../../arm-none-eabi/lib/thumb/v7e-m+fp/hard/libnosys.a
END GROUP
START GROUP
LOAD /Applications/STM32CubeIDE.app/Contents/Eclipse/plugins/com.st.stm32cube.ide.mcu.externaltools.gnu-tools-for-stm32.13.3.rel1.macos64_1.0.100.202509120712/tools/bin/../lib/gcc/arm-none-eabi/13.3.1/thumb/v7e-m+fp/hard/libgcc.a
LOAD /Applications/STM32CubeIDE.app/Contents/Eclipse/plugins/com.st.stm32cube.ide.mcu.externaltools.gnu-tools-for-stm32.13.3.rel1.macos64_1.0.100.202509120712/tools/bin/../lib/gcc/arm-none-eabi/13.3.1/../../../../arm-none-eabi/lib/thumb/v7e-m+fp/hard/libc_nano.a
LOAD /Applications/STM32CubeIDE.app/Contents/Eclipse/plugins/com.st.stm32cube.ide.mcu.externaltools.gnu-tools-for-stm32.13.3.rel1.macos64_1.0.100.202509120712/tools/bin/../lib/gcc/arm-none-eabi/13.3.1/../../../../arm-none-eabi/lib/thumb/v7e-m+fp/hard/libnosys.a
END GROUP
LOAD /Applications/STM32CubeIDE.app/Contents/Eclipse/plugins/com.st.stm32cube.ide.mcu.externaltools.gnu-tools-for-stm32.13.3.rel1.macos64_1.0.100.202509120712/tools/bin/../lib/gcc/arm-none-eabi/13.3.1/thumb/v7e-m+fp/hard/crtend.o
LOAD /Applications/STM32CubeIDE.app/Contents/Eclipse/plugins/com.st.stm32cube.ide.mcu.externaltools.gnu-tools-for-stm32.13.3.rel1.macos64_1.0.100.202509120712/tools/bin/../lib/gcc/arm-none-eabi/13.3.1/thumb/v7e-m+fp/hard/crtn.o
                0x20018000                        _estack = (ORIGIN (RAM) + LENGTH (RAM))
                0x00000200                        _Min_Heap_Size = 0x200
                0x00000400                        _Min_Stack_Size = 0x400

.isr_vector     0x08000000      0x188
                0x08000000                        . = ALIGN (0x4)
 *(.isr_vector)
 .isr_vector    0x08000000      0x188 ./Core/Startup/startup_stm32l476rgtx.o
                0x08000000                g_pfnVectors
                0x08000188                        . = ALIGN (0x4)

.text           0x08000190     0x9500
                0x08000190                        . = ALIGN (0x4)
 *(.text)
 .text          0x08000190       0x40 /Applications/STM32CubeIDE.app/Contents/Eclipse/plugins/com.st.stm32cube.ide.mcu.externaltools.gnu-tools-for-stm32.13.3.rel1.macos64_1.0.100.202509120712/tools/bin/../lib/gcc/arm-none-eabi/13.3.1/thumb/v7e-m+fp/hard/crtbegin.o
 .text          0x080001d0       0x30 /Applications/STM32CubeIDE.app/Contents/Eclipse/plugins/com.st.stm32cube.ide.mcu.externaltools.gnu-tools-for-stm32.13.3.rel1.macos64_1.0.100.202509120712/tools/bin/../lib/gcc/arm-none-eabi/13.3.1/thumb/v7e-m+fp/hard/libgcc.a(_aeabi_uldivmod.o)
                0x080001d0                __aeabi_uldivmod
 .text          0x08000200      0x2f8 /Applications/STM32CubeIDE.app/Contents/Eclipse/plugins/com.st.stm32cube.ide.mcu.externaltools.gnu-tools-for-stm32.13.3.rel1.macos64_1.0.100.202509120712/tools/bin/../lib/gcc/arm-none-eabi/13.3.1/thumb/v7e-m+fp/hard/libgcc.a(_udivmoddi4.o)
                0x08000200                __udivmoddi4
 .text          0x080004f8        0x4 /Applications/STM32CubeIDE.app/Contents/Eclipse/plugins/com.st.stm32cube.ide.mcu.externaltools.gnu-tools-for-stm32.13.3.rel1.macos64_1.0.100.202509120712/tools/bin/../lib/gcc/arm-none-eabi/13.3.1/thumb/v7e-m+fp/hard/libgcc.a(_dvmd_tls.o)
                0x080004f8                __aeabi_ldiv0
                0x080004f8                __aeabi_idiv0
 *(.text*)
 .text.MX_FREERTOS_Init
                0x080004fc       0x70 ./Core/Src/freertos.o
                0x080004fc                MX_FREERTOS_Init
 .text.StartDefaultTask
                0x0800056c       0x10 ./Core/Src/freertos.o
                0x0800056c                StartDefaultTask
 .text.TrafficState
                0x0800057c      0x138 ./Core/Src/freertos.o
                0x0800057c                TrafficState
 .text.Userinputs
                0x080006b4       0xf0 ./Core/Src/freertos.o
                0x080006b4                Userinputs
 .text.HAL_UART_RxCpltCallback
                0x080007a4       0x28 ./Core/Src/freertos.o
                0x080007a4                HAL_UART_RxCpltCallback
 .text.MX_GPIO_Init
                0x080007cc      0x174 ./Core/Src/gpio.o
                0x080007cc                MX_GPIO_Init
 .text.write_to_register
                0x08000940       0x74 ./Core/Src/io_handler.o
                0x08000940                write_to_register
 .text.read_input
                0x080009b4       0xb4 ./Core/Src/io_handler.o
                0x080009b4                read_input
 .text.update_time
                0x08000a68       0xe8 ./Core/Src/io_handler.o
                0x08000a68                update_time
 .text.main     0x08000b50       0x28 ./Core/Src/main.o
                0x08000b50                main
 .text.SystemClock_Config
                0x08000b78       0xa2 ./Core/Src/main.o
                0x08000b78                SystemClock_Config
 *fill*         0x08000c1a        0x2 
 .text.HAL_TIM_PeriodElapsedCallback
                0x08000c1c       0x24 ./Core/Src/main.o
                0x08000c1c                HAL_TIM_PeriodElapsedCallback
 .text.Error_Handler
                0x08000c40        0xc ./Core/Src/main.o
                0x08000c40                Error_Handler
 .text.MX_SPI3_Init
                0x08000c4c       0x7c ./Core/Src/spi.o
                0x08000c4c                MX_SPI3_Init
 .text.HAL_SPI_MspInit
                0x08000cc8       0xc4 ./Core/Src/spi.o
                0x08000cc8                HAL_SPI_MspInit
 .text.HAL_MspInit
                0x08000d8c       0x50 ./Core/Src/stm32l4xx_hal_msp.o
                0x08000d8c                HAL_MspInit
 .text.HAL_InitTick
                0x08000ddc       0xdc ./Core/Src/stm32l4xx_hal_timebase_tim.o
                0x08000ddc                HAL_InitTick
 .text.NMI_Handler
                0x08000eb8        0x8 ./Core/Src/stm32l4xx_it.o
                0x08000eb8                NMI_Handler
 .text.HardFault_Handler
                0x08000ec0        0x8 ./Core/Src/stm32l4xx_it.o
                0x08000ec0                HardFault_Handler
 .text.MemManage_Handler
                0x08000ec8        0x8 ./Core/Src/stm32l4xx_it.o
                0x08000ec8                MemManage_Handler
 .text.BusFault_Handler
                0x08000ed0        0x8 ./Core/Src/stm32l4xx_it.o
                0x08000ed0                BusFault_Handler
 .text.UsageFault_Handler
                0x08000ed8        0x8 ./Core/Src/stm32l4xx_it.o
                0x08000ed8                UsageFault_Handler
 .text.DebugMon_Handler
                0x08000ee0        0xe ./Core/Src/stm32l4xx_it.o
                0x08000ee0                DebugMon_Handler
 *fill*         0x08000eee        0x2 
 .text.TIM1_UP_TIM16_IRQHandler
                0x08000ef0       0x14 ./Core/Src/stm32l4xx_it.o
                0x08000ef0                TIM1_UP_TIM16_IRQHandler
 .text.USART2_IRQHandler
                0x08000f04       0x14 ./Core/Src/stm32l4xx_it.o
                0x08000f04                USART2_IRQHandler
 .text.SystemInit
                0x08000f18       0x24 ./Core/Src/system_stm32l4xx.o
                0x08000f18                SystemInit
 .text.toggle_bluelights
                0x08000f3c       0x4c ./Core/Src/trafficstates.o
                0x08000f3c                toggle_bluelights
 .text.greenlights
                0x08000f88       0x34 ./Core/Src/trafficstates.o
                0x08000f88                greenlights
 .text.update_lights_hardware
                0x08000fbc       0xec ./Core/Src/trafficstates.o
                0x08000fbc                update_lights_hardware
 .text.update_traffic_states
                0x080010a8      0xc1c ./Core/Src/trafficstates.o
                0x080010a8                update_traffic_states
 .text.MX_USART2_UART_Init
                0x08001cc4       0x60 ./Core/Src/usart.o
                0x08001cc4                MX_USART2_UART_Init
 .text.HAL_UART_MspInit
                0x08001d24       0xc8 ./Core/Src/usart.o
                0x08001d24                HAL_UART_MspInit
 .text.Reset_Handler
                0x08001dec       0x50 ./Core/Startup/startup_stm32l476rgtx.o
                0x08001dec                Reset_Handler
 .text.Default_Handler
                0x08001e3c        0x2 ./Core/Startup/startup_stm32l476rgtx.o
                0x08001e3c                TIM1_BRK_TIM15_IRQHandler
                0x08001e3c                EXTI2_IRQHandler
                0x08001e3c                TIM8_TRG_COM_IRQHandler
                0x08001e3c                TIM8_CC_IRQHandler
                0x08001e3c                TIM1_CC_IRQHandler
                0x08001e3c                TSC_IRQHandler
                0x08001e3c                TAMP_STAMP_IRQHandler
                0x08001e3c                EXTI3_IRQHandler
                0x08001e3c                LPTIM2_IRQHandler
                0x08001e3c                DFSDM1_FLT1_IRQHandler
                0x08001e3c                I2C3_ER_IRQHandler
                0x08001e3c                DFSDM1_FLT2_IRQHandler
                0x08001e3c                EXTI0_IRQHandler
                0x08001e3c                I2C2_EV_IRQHandler
                0x08001e3c                CAN1_RX0_IRQHandler
                0x08001e3c                FPU_IRQHandler
                0x08001e3c                ADC1_2_IRQHandler
                0x08001e3c                SPI1_IRQHandler
                0x08001e3c                TIM6_DAC_IRQHandler
                0x08001e3c                TIM8_UP_IRQHandler
                0x08001e3c                DMA2_Channel2_IRQHandler
                0x08001e3c                DMA1_Channel4_IRQHandler
                0x08001e3c                SAI2_IRQHandler
                0x08001e3c                DFSDM1_FLT3_IRQHandler
                0x08001e3c                USART3_IRQHandler
                0x08001e3c                DMA1_Channel7_IRQHandler
                0x08001e3c                CAN1_RX1_IRQHandler
                0x08001e3c                LCD_IRQHandler
                0x08001e3c                UART5_IRQHandler
                0x08001e3c                ADC3_IRQHandler
                0x08001e3c                TIM4_IRQHandler
                0x08001e3c                DMA2_Channel1_IRQHandler
                0x08001e3c                QUADSPI_IRQHandler
                0x08001e3c                I2C1_EV_IRQHandler
                0x08001e3c                DMA1_Channel6_IRQHandler
                0x08001e3c                UART4_IRQHandler
                0x08001e3c                DMA2_Channel4_IRQHandler
                0x08001e3c                TIM3_IRQHandler
                0x08001e3c                RCC_IRQHandler
                0x08001e3c                DMA1_Channel1_IRQHandler
                0x08001e3c                Default_Handler
                0x08001e3c                DMA2_Channel7_IRQHandler
                0x08001e3c                EXTI15_10_IRQHandler
                0x08001e3c                TIM7_IRQHandler
                0x08001e3c                SDMMC1_IRQHandler
                0x08001e3c                TIM5_IRQHandler
                0x08001e3c                I2C3_EV_IRQHandler
                0x08001e3c                EXTI9_5_IRQHandler
                0x08001e3c                RTC_WKUP_IRQHandler
                0x08001e3c                PVD_PVM_IRQHandler
                0x08001e3c                SPI2_IRQHandler
                0x08001e3c                CAN1_TX_IRQHandler
                0x08001e3c                DMA2_Channel5_IRQHandler
                0x08001e3c                DMA1_Channel5_IRQHandler
                0x08001e3c                EXTI4_IRQHandler
                0x08001e3c                RNG_IRQHandler
                0x08001e3c                TIM1_TRG_COM_TIM17_IRQHandler
                0x08001e3c                DMA1_Channel3_IRQHandler
                0x08001e3c                COMP_IRQHandler
                0x08001e3c                WWDG_IRQHandler
                0x08001e3c                LPUART1_IRQHandler
                0x08001e3c                DMA2_Channel6_IRQHandler
                0x08001e3c                TIM2_IRQHandler
                0x08001e3c                EXTI1_IRQHandler
                0x08001e3c                DFSDM1_FLT0_IRQHandler
                0x08001e3c                I2C2_ER_IRQHandler
                0x08001e3c                DMA1_Channel2_IRQHandler
                0x08001e3c                TIM8_BRK_IRQHandler
                0x08001e3c                CAN1_SCE_IRQHandler
                0x08001e3c                FLASH_IRQHandler
                0x08001e3c                USART1_IRQHandler
                0x08001e3c                OTG_FS_IRQHandler
                0x08001e3c                SPI3_IRQHandler
                0x08001e3c                I2C1_ER_IRQHandler
                0x08001e3c                FMC_IRQHandler
                0x08001e3c                SWPMI1_IRQHandler
                0x08001e3c                LPTIM1_IRQHandler
                0x08001e3c                SAI1_IRQHandler
                0x08001e3c                DMA2_Channel3_IRQHandler
                0x08001e3c                RTC_Alarm_IRQHandler
 *fill*         0x08001e3e        0x2 
 .text.HAL_Init
                0x08001e40       0x40 ./Drivers/STM32L4xx_HAL_Driver/Src/stm32l4xx_hal.o
                0x08001e40                HAL_Init
 .text.HAL_IncTick
                0x08001e80       0x28 ./Drivers/STM32L4xx_HAL_Driver/Src/stm32l4xx_hal.o
                0x08001e80                HAL_IncTick
 .text.HAL_GetTick
                0x08001ea8       0x18 ./Drivers/STM32L4xx_HAL_Driver/Src/stm32l4xx_hal.o
                0x08001ea8                HAL_GetTick
 .text.__NVIC_SetPriorityGrouping
                0x08001ec0       0x48 ./Drivers/STM32L4xx_HAL_Driver/Src/stm32l4xx_hal_cortex.o
 .text.__NVIC_GetPriorityGrouping
                0x08001f08       0x1c ./Drivers/STM32L4xx_HAL_Driver/Src/stm32l4xx_hal_cortex.o
 .text.__NVIC_EnableIRQ
                0x08001f24       0x3c ./Drivers/STM32L4xx_HAL_Driver/Src/stm32l4xx_hal_cortex.o
 .text.__NVIC_SetPriority
                0x08001f60       0x54 ./Drivers/STM32L4xx_HAL_Driver/Src/stm32l4xx_hal_cortex.o
 .text.NVIC_EncodePriority
                0x08001fb4       0x66 ./Drivers/STM32L4xx_HAL_Driver/Src/stm32l4xx_hal_cortex.o
 .text.HAL_NVIC_SetPriorityGrouping
                0x0800201a       0x16 ./Drivers/STM32L4xx_HAL_Driver/Src/stm32l4xx_hal_cortex.o
                0x0800201a                HAL_NVIC_SetPriorityGrouping
 .text.HAL_NVIC_SetPriority
                0x08002030       0x38 ./Drivers/STM32L4xx_HAL_Driver/Src/stm32l4xx_hal_cortex.o
                0x08002030                HAL_NVIC_SetPriority
 .text.HAL_NVIC_EnableIRQ
                0x08002068       0x1c ./Drivers/STM32L4xx_HAL_Driver/Src/stm32l4xx_hal_cortex.o
                0x08002068                HAL_NVIC_EnableIRQ
 .text.HAL_DMA_Abort
                0x08002084       0x7c ./Drivers/STM32L4xx_HAL_Driver/Src/stm32l4xx_hal_dma.o
                0x08002084                HAL_DMA_Abort
 .text.HAL_DMA_Abort_IT
                0x08002100       0x82 ./Drivers/STM32L4xx_HAL_Driver/Src/stm32l4xx_hal_dma.o
                0x08002100                HAL_DMA_Abort_IT
 *fill*         0x08002182        0x2 
 .text.HAL_GPIO_Init
                0x08002184      0x354 ./Drivers/STM32L4xx_HAL_Driver/Src/stm32l4xx_hal_gpio.o
                0x08002184                HAL_GPIO_Init
 .text.HAL_GPIO_ReadPin
                0x080024d8       0x30 ./Drivers/STM32L4xx_HAL_Driver/Src/stm32l4xx_hal_gpio.o
                0x080024d8                HAL_GPIO_ReadPin
 .text.HAL_GPIO_WritePin
                0x08002508       0x30 ./Drivers/STM32L4xx_HAL_Driver/Src/stm32l4xx_hal_gpio.o
                0x08002508                HAL_GPIO_WritePin
 .text.HAL_PWREx_GetVoltageRange
                0x08002538       0x1c ./Drivers/STM32L4xx_HAL_Driver/Src/stm32l4xx_hal_pwr_ex.o
                0x08002538                HAL_PWREx_GetVoltageRange
 .text.HAL_PWREx_ControlVoltageScaling
                0x08002554       0xac ./Drivers/STM32L4xx_HAL_Driver/Src/stm32l4xx_hal_pwr_ex.o
                0x08002554                HAL_PWREx_ControlVoltageScaling
 .text.HAL_RCC_OscConfig
                0x08002600      0x7b8 ./Drivers/STM32L4xx_HAL_Driver/Src/stm32l4xx_hal_rcc.o
                0x08002600                HAL_RCC_OscConfig
 .text.HAL_RCC_ClockConfig
                0x08002db8      0x200 ./Drivers/STM32L4xx_HAL_Driver/Src/stm32l4xx_hal_rcc.o
                0x08002db8                HAL_RCC_ClockConfig
 .text.HAL_RCC_GetSysClockFreq
                0x08002fb8      0x118 ./Drivers/STM32L4xx_HAL_Driver/Src/stm32l4xx_hal_rcc.o
                0x08002fb8                HAL_RCC_GetSysClockFreq
 .text.HAL_RCC_GetHCLKFreq
                0x080030d0       0x18 ./Drivers/STM32L4xx_HAL_Driver/Src/stm32l4xx_hal_rcc.o
                0x080030d0                HAL_RCC_GetHCLKFreq
 .text.HAL_RCC_GetPCLK1Freq
                0x080030e8       0x2c ./Drivers/STM32L4xx_HAL_Driver/Src/stm32l4xx_hal_rcc.o
                0x080030e8                HAL_RCC_GetPCLK1Freq
 .text.HAL_RCC_GetPCLK2Freq
                0x08003114       0x2c ./Drivers/STM32L4xx_HAL_Driver/Src/stm32l4xx_hal_rcc.o
                0x08003114                HAL_RCC_GetPCLK2Freq
 .text.HAL_RCC_GetClockConfig
                0x08003140       0x64 ./Drivers/STM32L4xx_HAL_Driver/Src/stm32l4xx_hal_rcc.o
                0x08003140                HAL_RCC_GetClockConfig
 .text.RCC_SetFlashLatencyFromMSIRange
                0x080031a4       0xc0 ./Drivers/STM32L4xx_HAL_Driver/Src/stm32l4xx_hal_rcc.o
 .text.HAL_RCCEx_PeriphCLKConfig
                0x08003264      0x5d4 ./Drivers/STM32L4xx_HAL_Driver/Src/stm32l4xx_hal_rcc_ex.o
                0x08003264                HAL_RCCEx_PeriphCLKConfig
 .text.RCCEx_PLLSAI1_Config
                0x08003838      0x1e8 ./Drivers/STM32L4xx_HAL_Driver/Src/stm32l4xx_hal_rcc_ex.o
 .text.RCCEx_PLLSAI2_Config
                0x08003a20      0x1bc ./Drivers/STM32L4xx_HAL_Driver/Src/stm32l4xx_hal_rcc_ex.o
 .text.HAL_SPI_Init
                0x08003bdc      0x146 ./Drivers/STM32L4xx_HAL_Driver/Src/stm32l4xx_hal_spi.o
                0x08003bdc                HAL_SPI_Init
 .text.HAL_SPI_Transmit
                0x08003d22      0x2ec ./Drivers/STM32L4xx_HAL_Driver/Src/stm32l4xx_hal_spi.o
                0x08003d22                HAL_SPI_Transmit
 *fill*         0x0800400e        0x2 
 .text.SPI_WaitFlagStateUntilTimeout
                0x08004010      0x110 ./Drivers/STM32L4xx_HAL_Driver/Src/stm32l4xx_hal_spi.o
 .text.SPI_WaitFifoStateUntilTimeout
                0x08004120      0x12c ./Drivers/STM32L4xx_HAL_Driver/Src/stm32l4xx_hal_spi.o
 .text.SPI_EndRxTxTransaction
                0x0800424c       0x8c ./Drivers/STM32L4xx_HAL_Driver/Src/stm32l4xx_hal_spi.o
 .text.HAL_TIM_Base_Init
                0x080042d8       0xae ./Drivers/STM32L4xx_HAL_Driver/Src/stm32l4xx_hal_tim.o
                0x080042d8                HAL_TIM_Base_Init
 .text.HAL_TIM_Base_MspInit
                0x08004386       0x14 ./Drivers/STM32L4xx_HAL_Driver/Src/stm32l4xx_hal_tim.o
                0x08004386                HAL_TIM_Base_MspInit
 *fill*         0x0800439a        0x2 
 .text.HAL_TIM_Base_Start_IT
                0x0800439c       0xe0 ./Drivers/STM32L4xx_HAL_Driver/Src/stm32l4xx_hal_tim.o
                0x0800439c                HAL_TIM_Base_Start_IT
 .text.HAL_TIM_IRQHandler
                0x0800447c      0x20e ./Drivers/STM32L4xx_HAL_Driver/Src/stm32l4xx_hal_tim.o
                0x0800447c                HAL_TIM_IRQHandler
 .text.HAL_TIM_OC_DelayElapsedCallback
                0x0800468a       0x14 ./Drivers/STM32L4xx_HAL_Driver/Src/stm32l4xx_hal_tim.o
                0x0800468a                HAL_TIM_OC_DelayElapsedCallback
 .text.HAL_TIM_IC_CaptureCallback
                0x0800469e       0x14 ./Drivers/STM32L4xx_HAL_Driver/Src/stm32l4xx_hal_tim.o
                0x0800469e                HAL_TIM_IC_CaptureCallback
 .text.HAL_TIM_PWM_PulseFinishedCallback
                0x080046b2       0x14 ./Drivers/STM32L4xx_HAL_Driver/Src/stm32l4xx_hal_tim.o
                0x080046b2                HAL_TIM_PWM_PulseFinishedCallback
 .text.HAL_TIM_TriggerCallback
                0x080046c6       0x14 ./Drivers/STM32L4xx_HAL_Driver/Src/stm32l4xx_hal_tim.o
                0x080046c6                HAL_TIM_TriggerCallback
 *fill*         0x080046da        0x2 
 .text.TIM_Base_SetConfig
                0x080046dc      0x14c ./Drivers/STM32L4xx_HAL_Driver/Src/stm32l4xx_hal_tim.o
                0x080046dc                TIM_Base_SetConfig
 .text.HAL_TIMEx_CommutCallback
                0x08004828       0x14 ./Drivers/STM32L4xx_HAL_Driver/Src/stm32l4xx_hal_tim_ex.o
                0x08004828                HAL_TIMEx_CommutCallback
 .text.HAL_TIMEx_BreakCallback
                0x0800483c       0x14 ./Drivers/STM32L4xx_HAL_Driver/Src/stm32l4xx_hal_tim_ex.o
                0x0800483c                HAL_TIMEx_BreakCallback
 .text.HAL_TIMEx_Break2Callback
                0x08004850       0x14 ./Drivers/STM32L4xx_HAL_Driver/Src/stm32l4xx_hal_tim_ex.o
                0x08004850                HAL_TIMEx_Break2Callback
 .text.HAL_UART_Init
                0x08004864       0x9c ./Drivers/STM32L4xx_HAL_Driver/Src/stm32l4xx_hal_uart.o
                0x08004864                HAL_UART_Init
 .text.HAL_UART_Transmit
                0x08004900      0x112 ./Drivers/STM32L4xx_HAL_Driver/Src/stm32l4xx_hal_uart.o
                0x08004900                HAL_UART_Transmit
 *fill*         0x08004a12        0x2 
 .text.HAL_UART_Receive_IT
                0x08004a14       0x98 ./Drivers/STM32L4xx_HAL_Driver/Src/stm32l4xx_hal_uart.o
                0x08004a14                HAL_UART_Receive_IT
 .text.HAL_UART_IRQHandler
                0x08004aac      0x60c ./Drivers/STM32L4xx_HAL_Driver/Src/stm32l4xx_hal_uart.o
                0x08004aac                HAL_UART_IRQHandler
 .text.HAL_UART_TxCpltCallback
                0x080050b8       0x14 ./Drivers/STM32L4xx_HAL_Driver/Src/stm32l4xx_hal_uart.o
                0x080050b8                HAL_UART_TxCpltCallback
 .text.HAL_UART_ErrorCallback
                0x080050cc       0x14 ./Drivers/STM32L4xx_HAL_Driver/Src/stm32l4xx_hal_uart.o
                0x080050cc                HAL_UART_ErrorCallback
 .text.HAL_UARTEx_RxEventCallback
                0x080050e0       0x18 ./Drivers/STM32L4xx_HAL_Driver/Src/stm32l4xx_hal_uart.o
                0x080050e0                HAL_UARTEx_RxEventCallback
 .text.UART_SetConfig
                0x080050f8      0x570 ./Drivers/STM32L4xx_HAL_Driver/Src/stm32l4xx_hal_uart.o
                0x080050f8                UART_SetConfig
 .text.UART_AdvFeatureConfig
                0x08005668      0x144 ./Drivers/STM32L4xx_HAL_Driver/Src/stm32l4xx_hal_uart.o
                0x08005668                UART_AdvFeatureConfig
 .text.UART_CheckIdleState
                0x080057ac      0x150 ./Drivers/STM32L4xx_HAL_Driver/Src/stm32l4xx_hal_uart.o
                0x080057ac                UART_CheckIdleState
 .text.UART_WaitOnFlagUntilTimeout
                0x080058fc       0xda ./Drivers/STM32L4xx_HAL_Driver/Src/stm32l4xx_hal_uart.o
                0x080058fc                UART_WaitOnFlagUntilTimeout
 *fill*         0x080059d6        0x2 
 .text.UART_Start_Receive_IT
                0x080059d8      0x18c ./Drivers/STM32L4xx_HAL_Driver/Src/stm32l4xx_hal_uart.o
                0x080059d8                UART_Start_Receive_IT
 .text.UART_EndRxTransfer
                0x08005b64       0xc8 ./Drivers/STM32L4xx_HAL_Driver/Src/stm32l4xx_hal_uart.o
 .text.UART_DMAAbortOnError
                0x08005c2c       0x2c ./Drivers/STM32L4xx_HAL_Driver/Src/stm32l4xx_hal_uart.o
 .text.UART_EndTransmit_IT
                0x08005c58       0x54 ./Drivers/STM32L4xx_HAL_Driver/Src/stm32l4xx_hal_uart.o
 .text.UART_RxISR_8BIT
                0x08005cac      0x1bc ./Drivers/STM32L4xx_HAL_Driver/Src/stm32l4xx_hal_uart.o
 .text.UART_RxISR_16BIT
                0x08005e68      0x1bc ./Drivers/STM32L4xx_HAL_Driver/Src/stm32l4xx_hal_uart.o
 .text.HAL_UARTEx_WakeupCallback
                0x08006024       0x14 ./Drivers/STM32L4xx_HAL_Driver/Src/stm32l4xx_hal_uart_ex.o
                0x08006024                HAL_UARTEx_WakeupCallback
 .text.__NVIC_SetPriority
                0x08006038       0x54 ./Middlewares/Third_Party/FreeRTOS/Source/CMSIS_RTOS_V2/cmsis_os2.o
 .text.SysTick_Handler
                0x0800608c       0x20 ./Middlewares/Third_Party/FreeRTOS/Source/CMSIS_RTOS_V2/cmsis_os2.o
                0x0800608c                SysTick_Handler
 .text.SVC_Setup
                0x080060ac       0x12 ./Middlewares/Third_Party/FreeRTOS/Source/CMSIS_RTOS_V2/cmsis_os2.o
 *fill*         0x080060be        0x2 
 .text.osKernelInitialize
                0x080060c0       0x48 ./Middlewares/Third_Party/FreeRTOS/Source/CMSIS_RTOS_V2/cmsis_os2.o
                0x080060c0                osKernelInitialize
 .text.osKernelStart
                0x08006108       0x4c ./Middlewares/Third_Party/FreeRTOS/Source/CMSIS_RTOS_V2/cmsis_os2.o
                0x08006108                osKernelStart
 .text.osThreadNew
                0x08006154      0x124 ./Middlewares/Third_Party/FreeRTOS/Source/CMSIS_RTOS_V2/cmsis_os2.o
                0x08006154                osThreadNew
 .text.osDelay  0x08006278       0x36 ./Middlewares/Third_Party/FreeRTOS/Source/CMSIS_RTOS_V2/cmsis_os2.o
                0x08006278                osDelay
 .text.osMutexNew
                0x080062ae      0x10c ./Middlewares/Third_Party/FreeRTOS/Source/CMSIS_RTOS_V2/cmsis_os2.o
                0x080062ae                osMutexNew
 .text.osMutexAcquire
                0x080063ba       0x96 ./Middlewares/Third_Party/FreeRTOS/Source/CMSIS_RTOS_V2/cmsis_os2.o
                0x080063ba                osMutexAcquire
 .text.osMutexRelease
                0x08006450       0x7a ./Middlewares/Third_Party/FreeRTOS/Source/CMSIS_RTOS_V2/cmsis_os2.o
                0x08006450                osMutexRelease
 *fill*         0x080064ca        0x2 
 .text.vApplicationGetIdleTaskMemory
                0x080064cc       0x34 ./Middlewares/Third_Party/FreeRTOS/Source/CMSIS_RTOS_V2/cmsis_os2.o
                0x080064cc                vApplicationGetIdleTaskMemory
 .text.vApplicationGetTimerTaskMemory
                0x08006500       0x34 ./Middlewares/Third_Party/FreeRTOS/Source/CMSIS_RTOS_V2/cmsis_os2.o
                0x08006500                vApplicationGetTimerTaskMemory
 .text.vListInitialise
                0x08006534       0x40 ./Middlewares/Third_Party/FreeRTOS/Source/list.o
                0x08006534                vListInitialise
 .text.vListInitialiseItem
                0x08006574       0x1a ./Middlewares/Third_Party/FreeRTOS/Source/list.o
                0x08006574                vListInitialiseItem
 .text.vListInsertEnd
                0x0800658e       0x48 ./Middlewares/Third_Party/FreeRTOS/Source/list.o
                0x0800658e                vListInsertEnd
 .text.vListInsert
                0x080065d6       0x72 ./Middlewares/Third_Party/FreeRTOS/Source/list.o
                0x080065d6                vListInsert
 .text.uxListRemove
                0x08006648       0x54 ./Middlewares/Third_Party/FreeRTOS/Source/list.o
                0x08006648                uxListRemove
 .text.xQueueGenericReset
                0x0800669c       0xd4 ./Middlewares/Third_Party/FreeRTOS/Source/queue.o
                0x0800669c                xQueueGenericReset
 .text.xQueueGenericCreateStatic
                0x08006770       0xfa ./Middlewares/Third_Party/FreeRTOS/Source/queue.o
                0x08006770                xQueueGenericCreateStatic
 .text.xQueueGenericCreate
                0x0800686a       0x76 ./Middlewares/Third_Party/FreeRTOS/Source/queue.o
                0x0800686a                xQueueGenericCreate
 .text.prvInitialiseNewQueue
                0x080068e0       0x46 ./Middlewares/Third_Party/FreeRTOS/Source/queue.o
 .text.prvInitialiseMutex
                0x08006926       0x34 ./Middlewares/Third_Party/FreeRTOS/Source/queue.o
 .text.xQueueCreateMutex
                0x0800695a       0x30 ./Middlewares/Third_Party/FreeRTOS/Source/queue.o
                0x0800695a                xQueueCreateMutex
 .text.xQueueCreateMutexStatic
                0x0800698a       0x36 ./Middlewares/Third_Party/FreeRTOS/Source/queue.o
                0x0800698a                xQueueCreateMutexStatic
 .text.xQueueGiveMutexRecursive
                0x080069c0       0x6a ./Middlewares/Third_Party/FreeRTOS/Source/queue.o
                0x080069c0                xQueueGiveMutexRecursive
 .text.xQueueTakeMutexRecursive
                0x08006a2a       0x6e ./Middlewares/Third_Party/FreeRTOS/Source/queue.o
                0x08006a2a                xQueueTakeMutexRecursive
 .text.xQueueGenericSend
                0x08006a98      0x204 ./Middlewares/Third_Party/FreeRTOS/Source/queue.o
                0x08006a98                xQueueGenericSend
 .text.xQueueGenericSendFromISR
                0x08006c9c      0x13c ./Middlewares/Third_Party/FreeRTOS/Source/queue.o
                0x08006c9c                xQueueGenericSendFromISR
 .text.xQueueReceive
                0x08006dd8      0x1c4 ./Middlewares/Third_Party/FreeRTOS/Source/queue.o
                0x08006dd8                xQueueReceive
 .text.xQueueSemaphoreTake
                0x08006f9c      0x220 ./Middlewares/Third_Party/FreeRTOS/Source/queue.o
                0x08006f9c                xQueueSemaphoreTake
 .text.prvGetDisinheritPriorityAfterTimeout
                0x080071bc       0x30 ./Middlewares/Third_Party/FreeRTOS/Source/queue.o
 .text.prvCopyDataToQueue
                0x080071ec       0xd4 ./Middlewares/Third_Party/FreeRTOS/Source/queue.o
 .text.prvCopyDataFromQueue
                0x080072c0       0x4c ./Middlewares/Third_Party/FreeRTOS/Source/queue.o
 .text.prvUnlockQueue
                0x0800730c       0xa4 ./Middlewares/Third_Party/FreeRTOS/Source/queue.o
 .text.prvIsQueueEmpty
                0x080073b0       0x2c ./Middlewares/Third_Party/FreeRTOS/Source/queue.o
 .text.prvIsQueueFull
                0x080073dc       0x30 ./Middlewares/Third_Party/FreeRTOS/Source/queue.o
 .text.vQueueAddToRegistry
                0x0800740c       0x54 ./Middlewares/Third_Party/FreeRTOS/Source/queue.o
                0x0800740c                vQueueAddToRegistry
 .text.vQueueWaitForMessageRestricted
                0x08007460       0x68 ./Middlewares/Third_Party/FreeRTOS/Source/queue.o
                0x08007460                vQueueWaitForMessageRestricted
 .text.xTaskCreateStatic
                0x080074c8       0xc0 ./Middlewares/Third_Party/FreeRTOS/Source/tasks.o
                0x080074c8                xTaskCreateStatic
 .text.xTaskCreate
                0x08007588       0x8a ./Middlewares/Third_Party/FreeRTOS/Source/tasks.o
                0x08007588                xTaskCreate
 *fill*         0x08007612        0x2 
 .text.prvInitialiseNewTask
                0x08007614      0x150 ./Middlewares/Third_Party/FreeRTOS/Source/tasks.o
 .text.prvAddNewTaskToReadyList
                0x08007764       0xe0 ./Middlewares/Third_Party/FreeRTOS/Source/tasks.o
 .text.vTaskDelay
                0x08007844       0x6c ./Middlewares/Third_Party/FreeRTOS/Source/tasks.o
                0x08007844                vTaskDelay
 .text.vTaskStartScheduler
                0x080078b0       0xe0 ./Middlewares/Third_Party/FreeRTOS/Source/tasks.o
                0x080078b0                vTaskStartScheduler
 .text.vTaskSuspendAll
                0x08007990       0x1c ./Middlewares/Third_Party/FreeRTOS/Source/tasks.o
                0x08007990                vTaskSuspendAll
 .text.xTaskResumeAll
                0x080079ac      0x13c ./Middlewares/Third_Party/FreeRTOS/Source/tasks.o
                0x080079ac                xTaskResumeAll
 .text.xTaskGetTickCount
                0x08007ae8       0x20 ./Middlewares/Third_Party/FreeRTOS/Source/tasks.o
                0x08007ae8                xTaskGetTickCount
 .text.xTaskIncrementTick
                0x08007b08      0x174 ./Middlewares/Third_Party/FreeRTOS/Source/tasks.o
                0x08007b08                xTaskIncrementTick
 .text.vTaskSwitchContext
                0x08007c7c       0xcc ./Middlewares/Third_Party/FreeRTOS/Source/tasks.o
                0x08007c7c                vTaskSwitchContext
 .text.vTaskPlaceOnEventList
                0x08007d48       0x4c ./Middlewares/Third_Party/FreeRTOS/Source/tasks.o
                0x08007d48                vTaskPlaceOnEventList
 .text.vTaskPlaceOnEventListRestricted
                0x08007d94       0x58 ./Middlewares/Third_Party/FreeRTOS/Source/tasks.o
                0x08007d94                vTaskPlaceOnEventListRestricted
 .text.xTaskRemoveFromEventList
                0x08007dec       0xc8 ./Middlewares/Third_Party/FreeRTOS/Source/tasks.o
                0x08007dec                xTaskRemoveFromEventList
 .text.vTaskInternalSetTimeOutState
                0x08007eb4       0x2c ./Middlewares/Third_Party/FreeRTOS/Source/tasks.o
                0x08007eb4                vTaskInternalSetTimeOutState
 .text.xTaskCheckForTimeOut
                0x08007ee0       0xc8 ./Middlewares/Third_Party/FreeRTOS/Source/tasks.o
                0x08007ee0                xTaskCheckForTimeOut
 .text.vTaskMissedYield
                0x08007fa8       0x18 ./Middlewares/Third_Party/FreeRTOS/Source/tasks.o
                0x08007fa8                vTaskMissedYield
 .text.prvIdleTask
                0x08007fc0       0x30 ./Middlewares/Third_Party/FreeRTOS/Source/tasks.o
 .text.prvInitialiseTaskLists
                0x08007ff0       0x80 ./Middlewares/Third_Party/FreeRTOS/Source/tasks.o
 .text.prvCheckTasksWaitingTermination
                0x08008070       0x5c ./Middlewares/Third_Party/FreeRTOS/Source/tasks.o
 .text.prvDeleteTCB
                0x080080cc       0x6a ./Middlewares/Third_Party/FreeRTOS/Source/tasks.o
 *fill*         0x08008136        0x2 
 .text.prvResetNextTaskUnblockTime
                0x08008138       0x40 ./Middlewares/Third_Party/FreeRTOS/Source/tasks.o
 .text.xTaskGetCurrentTaskHandle
                0x08008178       0x20 ./Middlewares/Third_Party/FreeRTOS/Source/tasks.o
                0x08008178                xTaskGetCurrentTaskHandle
 .text.xTaskGetSchedulerState
                0x08008198       0x3c ./Middlewares/Third_Party/FreeRTOS/Source/tasks.o
                0x08008198                xTaskGetSchedulerState
 .text.xTaskPriorityInherit
                0x080081d4       0xd0 ./Middlewares/Third_Party/FreeRTOS/Source/tasks.o
                0x080081d4                xTaskPriorityInherit
 .text.xTaskPriorityDisinherit
                0x080082a4       0xe0 ./Middlewares/Third_Party/FreeRTOS/Source/tasks.o
                0x080082a4                xTaskPriorityDisinherit
 .text.vTaskPriorityDisinheritAfterTimeout
                0x08008384      0x108 ./Middlewares/Third_Party/FreeRTOS/Source/tasks.o
                0x08008384                vTaskPriorityDisinheritAfterTimeout
 .text.pvTaskIncrementMutexHeldCount
                0x0800848c       0x28 ./Middlewares/Third_Party/FreeRTOS/Source/tasks.o
                0x0800848c                pvTaskIncrementMutexHeldCount
 .text.prvAddCurrentTaskToDelayedList
                0x080084b4       0xa8 ./Middlewares/Third_Party/FreeRTOS/Source/tasks.o
 .text.xTimerCreateTimerTask
                0x0800855c       0x94 ./Middlewares/Third_Party/FreeRTOS/Source/timers.o
                0x0800855c                xTimerCreateTimerTask
 .text.xTimerGenericCommand
                0x080085f0       0x9c ./Middlewares/Third_Party/FreeRTOS/Source/timers.o
                0x080085f0                xTimerGenericCommand
 .text.prvProcessExpiredTimer
                0x0800868c       0x9c ./Middlewares/Third_Party/FreeRTOS/Source/timers.o
 .text.prvTimerTask
                0x08008728       0x26 ./Middlewares/Third_Party/FreeRTOS/Source/timers.o
 *fill*         0x0800874e        0x2 
 .text.prvProcessTimerOrBlockTask
                0x08008750       0x9c ./Middlewares/Third_Party/FreeRTOS/Source/timers.o
 .text.prvGetNextExpireTime
                0x080087ec       0x48 ./Middlewares/Third_Party/FreeRTOS/Source/timers.o
 .text.prvSampleTimeNow
                0x08008834       0x40 ./Middlewares/Third_Party/FreeRTOS/Source/timers.o
 .text.prvInsertTimerInActiveList
                0x08008874       0x84 ./Middlewares/Third_Party/FreeRTOS/Source/timers.o
 .text.prvProcessReceivedCommands
                0x080088f8      0x1cc ./Middlewares/Third_Party/FreeRTOS/Source/timers.o
 .text.prvSwitchTimerLists
                0x08008ac4       0xcc ./Middlewares/Third_Party/FreeRTOS/Source/timers.o
 .text.prvCheckForValidListAndQueue
                0x08008b90       0x80 ./Middlewares/Third_Party/FreeRTOS/Source/timers.o
 .text.pxPortInitialiseStack
                0x08008c10       0x68 ./Middlewares/Third_Party/FreeRTOS/Source/portable/GCC/ARM_CM4F/port.o
                0x08008c10                pxPortInitialiseStack
 .text.prvTaskExitError
                0x08008c78       0x5c ./Middlewares/Third_Party/FreeRTOS/Source/portable/GCC/ARM_CM4F/port.o
 *fill*         0x08008cd4        0xc 
 .text.SVC_Handler
                0x08008ce0       0x28 ./Middlewares/Third_Party/FreeRTOS/Source/portable/GCC/ARM_CM4F/port.o
                0x08008ce0                SVC_Handler
 .text.prvPortStartFirstTask
                0x08008d08       0x28 ./Middlewares/Third_Party/FreeRTOS/Source/portable/GCC/ARM_CM4F/port.o
 .text.xPortStartScheduler
                0x08008d30      0x148 ./Middlewares/Third_Party/FreeRTOS/Source/portable/GCC/ARM_CM4F/port.o
                0x08008d30                xPortStartScheduler
 .text.vPortEnterCritical
                0x08008e78       0x64 ./Middlewares/Third_Party/FreeRTOS/Source/portable/GCC/ARM_CM4F/port.o
                0x08008e78                vPortEnterCritical
 .text.vPortExitCritical
                0x08008edc       0x54 ./Middlewares/Third_Party/FreeRTOS/Source/portable/GCC/ARM_CM4F/port.o
                0x08008edc                vPortExitCritical
 .text.PendSV_Handler
                0x08008f30       0x68 ./Middlewares/Third_Party/FreeRTOS/Source/portable/GCC/ARM_CM4F/port.o
                0x08008f30                PendSV_Handler
 .text.xPortSysTickHandler
                0x08008f98       0x44 ./Middlewares/Third_Party/FreeRTOS/Source/portable/GCC/ARM_CM4F/port.o
                0x08008f98                xPortSysTickHandler
 .text.vPortSetupTimerInterrupt
                0x08008fdc       0x48 ./Middlewares/Third_Party/FreeRTOS/Source/portable/GCC/ARM_CM4F/port.o
                0x08008fdc                vPortSetupTimerInterrupt
 .text.vPortEnableVFP
                0x08009024       0x14 ./Middlewares/Third_Party/FreeRTOS/Source/portable/GCC/ARM_CM4F/port.o
 .text.vPortValidateInterruptPriority
                0x08009038       0x84 ./Middlewares/Third_Party/FreeRTOS/Source/portable/GCC/ARM_CM4F/port.o
                0x08009038                vPortValidateInterruptPriority
 .text.pvPortMalloc
                0x080090bc      0x19c ./Middlewares/Third_Party/FreeRTOS/Source/portable/MemMang/heap_4.o
                0x080090bc                pvPortMalloc
 .text.vPortFree
                0x08009258       0xc8 ./Middlewares/Third_Party/FreeRTOS/Source/portable/MemMang/heap_4.o
                0x08009258                vPortFree
 .text.prvHeapInit
                0x08009320       0xc4 ./Middlewares/Third_Party/FreeRTOS/Source/portable/MemMang/heap_4.o
 .text.prvInsertBlockIntoFreeList
                0x080093e4       0xb4 ./Middlewares/Third_Party/FreeRTOS/Source/portable/MemMang/heap_4.o
 .text.memset   0x08009498       0x10 /Applications/STM32CubeIDE.app/Contents/Eclipse/plugins/com.st.stm32cube.ide.mcu.externaltools.gnu-tools-for-stm32.13.3.rel1.macos64_1.0.100.202509120712/tools/bin/../lib/gcc/arm-none-eabi/13.3.1/../../../../arm-none-eabi/lib/thumb/v7e-m+fp/hard/libc_nano.a(libc_a-memset.o)
                0x08009498                memset
 .text.__libc_init_array
                0x080094a8       0x48 /Applications/STM32CubeIDE.app/Contents/Eclipse/plugins/com.st.stm32cube.ide.mcu.externaltools.gnu-tools-for-stm32.13.3.rel1.macos64_1.0.100.202509120712/tools/bin/../lib/gcc/arm-none-eabi/13.3.1/../../../../arm-none-eabi/lib/thumb/v7e-m+fp/hard/libc_nano.a(libc_a-init.o)
                0x080094a8                __libc_init_array
 .text.__retarget_lock_acquire_recursive
                0x080094f0        0x2 /Applications/STM32CubeIDE.app/Contents/Eclipse/plugins/com.st.stm32cube.ide.mcu.externaltools.gnu-tools-for-stm32.13.3.rel1.macos64_1.0.100.202509120712/tools/bin/../lib/gcc/arm-none-eabi/13.3.1/../../../../arm-none-eabi/lib/thumb/v7e-m+fp/hard/libc_nano.a(libc_a-lock.o)
                0x080094f0                __retarget_lock_acquire_recursive
 .text.__retarget_lock_release_recursive
                0x080094f2        0x2 /Applications/STM32CubeIDE.app/Contents/Eclipse/plugins/com.st.stm32cube.ide.mcu.externaltools.gnu-tools-for-stm32.13.3.rel1.macos64_1.0.100.202509120712/tools/bin/../lib/gcc/arm-none-eabi/13.3.1/../../../../arm-none-eabi/lib/thumb/v7e-m+fp/hard/libc_nano.a(libc_a-lock.o)
                0x080094f2                __retarget_lock_release_recursive
 .text._reclaim_reent
                0x080094f4       0xbc /Applications/STM32CubeIDE.app/Contents/Eclipse/plugins/com.st.stm32cube.ide.mcu.externaltools.gnu-tools-for-stm32.13.3.rel1.macos64_1.0.100.202509120712/tools/bin/../lib/gcc/arm-none-eabi/13.3.1/../../../../arm-none-eabi/lib/thumb/v7e-m+fp/hard/libc_nano.a(libc_a-reent.o)
                0x080094f4                _reclaim_reent
 .text.memcpy   0x080095b0       0x1c /Applications/STM32CubeIDE.app/Contents/Eclipse/plugins/com.st.stm32cube.ide.mcu.externaltools.gnu-tools-for-stm32.13.3.rel1.macos64_1.0.100.202509120712/tools/bin/../lib/gcc/arm-none-eabi/13.3.1/../../../../arm-none-eabi/lib/thumb/v7e-m+fp/hard/libc_nano.a(libc_a-memcpy-stub.o)
                0x080095b0                memcpy
 .text._free_r  0x080095cc       0x94 /Applications/STM32CubeIDE.app/Contents/Eclipse/plugins/com.st.stm32cube.ide.mcu.externaltools.gnu-tools-for-stm32.13.3.rel1.macos64_1.0.100.202509120712/tools/bin/../lib/gcc/arm-none-eabi/13.3.1/../../../../arm-none-eabi/lib/thumb/v7e-m+fp/hard/libc_nano.a(libc_a-freer.o)
                0x080095cc                _free_r
 .text.__malloc_lock
                0x08009660        0xc /Applications/STM32CubeIDE.app/Contents/Eclipse/plugins/com.st.stm32cube.ide.mcu.externaltools.gnu-tools-for-stm32.13.3.rel1.macos64_1.0.100.202509120712/tools/bin/../lib/gcc/arm-none-eabi/13.3.1/../../../../arm-none-eabi/lib/thumb/v7e-m+fp/hard/libc_nano.a(libc_a-mlock.o)
                0x08009660                __malloc_lock
 .text.__malloc_unlock
                0x0800966c        0xc /Applications/STM32CubeIDE.app/Contents/Eclipse/plugins/com.st.stm32cube.ide.mcu.externaltools.gnu-tools-for-stm32.13.3.rel1.macos64_1.0.100.202509120712/tools/bin/../lib/gcc/arm-none-eabi/13.3.1/../../../../arm-none-eabi/lib/thumb/v7e-m+fp/hard/libc_nano.a(libc_a-mlock.o)
                0x0800966c                __malloc_unlock
 *(.glue_7)
 .glue_7        0x08009678        0x0 linker stubs
 *(.glue_7t)
 .glue_7t       0x08009678        0x0 linker stubs
 *(.eh_frame)
 .eh_frame      0x08009678        0x0 /Applications/STM32CubeIDE.app/Contents/Eclipse/plugins/com.st.stm32cube.ide.mcu.externaltools.gnu-tools-for-stm32.13.3.rel1.macos64_1.0.100.202509120712/tools/bin/../lib/gcc/arm-none-eabi/13.3.1/thumb/v7e-m+fp/hard/crtbegin.o
 *(.init)
 .init          0x08009678        0x4 /Applications/STM32CubeIDE.app/Contents/Eclipse/plugins/com.st.stm32cube.ide.mcu.externaltools.gnu-tools-for-stm32.13.3.rel1.macos64_1.0.100.202509120712/tools/bin/../lib/gcc/arm-none-eabi/13.3.1/thumb/v7e-m+fp/hard/crti.o
                0x08009678                _init
 .init          0x0800967c        0x8 /Applications/STM32CubeIDE.app/Contents/Eclipse/plugins/com.st.stm32cube.ide.mcu.externaltools.gnu-tools-for-stm32.13.3.rel1.macos64_1.0.100.202509120712/tools/bin/../lib/gcc/arm-none-eabi/13.3.1/thumb/v7e-m+fp/hard/crtn.o
 *(.fini)
 .fini          0x08009684        0x4 /Applications/STM32CubeIDE.app/Contents/Eclipse/plugins/com.st.stm32cube.ide.mcu.externaltools.gnu-tools-for-stm32.13.3.rel1.macos64_1.0.100.202509120712/tools/bin/../lib/gcc/arm-none-eabi/13.3.1/thumb/v7e-m+fp/hard/crti.o
                0x08009684                _fini
 .fini          0x08009688        0x8 /Applications/STM32CubeIDE.app/Contents/Eclipse/plugins/com.st.stm32cube.ide.mcu.externaltools.gnu-tools-for-stm32.13.3.rel1.macos64_1.0.100.202509120712/tools/bin/../lib/gcc/arm-none-eabi/13.3.1/thumb/v7e-m+fp/hard/crtn.o
                0x08009690                        . = ALIGN (0x4)
                0x08009690                        _etext = .

.vfp11_veneer   0x08009690        0x0
 .vfp11_veneer  0x08009690        0x0 linker stubs

.v4_bx          0x08009690        0x0
 .v4_bx         0x08009690        0x0 linker stubs

.iplt           0x08009690        0x0
 .iplt          0x08009690        0x0 /Applications/STM32CubeIDE.app/Contents/Eclipse/plugins/com.st.stm32cube.ide.mcu.externaltools.gnu-tools-for-stm32.13.3.rel1.macos64_1.0.100.202509120712/tools/bin/../lib/gcc/arm-none-eabi/13.3.1/thumb/v7e-m+fp/hard/crtbegin.o

.rodata         0x08009690      0x110
                0x08009690                        . = ALIGN (0x4)
 *(.rodata)
 .rodata        0x08009690       0x33 ./Core/Src/freertos.o
 *fill*         0x080096c3        0x1 
 .rodata        0x080096c4        0x5 ./Middlewares/Third_Party/FreeRTOS/Source/tasks.o
 *fill*         0x080096c9        0x3 
 .rodata        0x080096cc        0xd ./Middlewares/Third_Party/FreeRTOS/Source/timers.o
 *(.rodata*)
 *fill*         0x080096d9        0x3 
 .rodata.defaultTask_attributes
                0x080096dc       0x24 ./Core/Src/freertos.o
                0x080096dc                defaultTask_attributes
 .rodata.TrafficStates_attributes
                0x08009700       0x24 ./Core/Src/freertos.o
                0x08009700                TrafficStates_attributes
 .rodata.UserInput_attributes
                0x08009724       0x24 ./Core/Src/freertos.o
                0x08009724                UserInput_attributes
 .rodata.SharedData_attributes
                0x08009748       0x10 ./Core/Src/freertos.o
                0x08009748                SharedData_attributes
 .rodata.AHBPrescTable
                0x08009758       0x10 ./Core/Src/system_stm32l4xx.o
                0x08009758                AHBPrescTable
 .rodata.APBPrescTable
                0x08009768        0x8 ./Core/Src/system_stm32l4xx.o
                0x08009768                APBPrescTable
 .rodata.MSIRangeTable
                0x08009770       0x30 ./Core/Src/system_stm32l4xx.o
                0x08009770                MSIRangeTable
                0x080097a0                        . = ALIGN (0x4)

.ARM.extab      0x080097a0        0x0
                0x080097a0                        . = ALIGN (0x4)
 *(.ARM.extab* .gnu.linkonce.armextab.*)
                0x080097a0                        . = ALIGN (0x4)

.ARM            0x080097a0        0x8
                0x080097a0                        . = ALIGN (0x4)
                0x080097a0                        __exidx_start = .
 *(.ARM.exidx*)
 .ARM.exidx     0x080097a0        0x8 /Applications/STM32CubeIDE.app/Contents/Eclipse/plugins/com.st.stm32cube.ide.mcu.externaltools.gnu-tools-for-stm32.13.3.rel1.macos64_1.0.100.202509120712/tools/bin/../lib/gcc/arm-none-eabi/13.3.1/thumb/v7e-m+fp/hard/libgcc.a(_udivmoddi4.o)
                0x080097a8                        __exidx_end = .
                0x080097a8                        . = ALIGN (0x4)

.preinit_array  0x080097a8        0x0
                0x080097a8                        . = ALIGN (0x4)
                0x080097a8                        PROVIDE (__preinit_array_start = .)
 *(.preinit_array*)
                0x080097a8                        PROVIDE (__preinit_array_end = .)
                0x080097a8                        . = ALIGN (0x4)

.init_array     0x080097a8        0x4
                0x080097a8                        . = ALIGN (0x4)
                0x080097a8                        PROVIDE (__init_array_start = .)
 *(SORT_BY_NAME(.init_array.*))
 *(.init_array*)
 .init_array    0x080097a8        0x4 /Applications/STM32CubeIDE.app/Contents/Eclipse/plugins/com.st.stm32cube.ide.mcu.externaltools.gnu-tools-for-stm32.13.3.rel1.macos64_1.0.100.202509120712/tools/bin/../lib/gcc/arm-none-eabi/13.3.1/thumb/v7e-m+fp/hard/crtbegin.o
                0x080097ac                        PROVIDE (__init_array_end = .)
                0x080097ac                        . = ALIGN (0x4)

.fini_array     0x080097ac        0x4
                0x080097ac                        . = ALIGN (0x4)
                [!provide]                        PROVIDE (__fini_array_start = .)
 *(SORT_BY_NAME(.fini_array.*))
 *(.fini_array*)
 .fini_array    0x080097ac        0x4 /Applications/STM32CubeIDE.app/Contents/Eclipse/plugins/com.st.stm32cube.ide.mcu.externaltools.gnu-tools-for-stm32.13.3.rel1.macos64_1.0.100.202509120712/tools/bin/../lib/gcc/arm-none-eabi/13.3.1/thumb/v7e-m+fp/hard/crtbegin.o
                [!provide]                        PROVIDE (__fini_array_end = .)
                0x080097b0                        . = ALIGN (0x4)
                0x080097b0                        _sidata = LOADADDR (.data)

.rel.dyn        0x080097b0        0x0
 .rel.iplt      0x080097b0        0x0 /Applications/STM32CubeIDE.app/Contents/Eclipse/plugins/com.st.stm32cube.ide.mcu.externaltools.gnu-tools-for-stm32.13.3.rel1.macos64_1.0.100.202509120712/tools/bin/../lib/gcc/arm-none-eabi/13.3.1/thumb/v7e-m+fp/hard/crtbegin.o

.data           0x20000000       0x80 load address 0x080097b0
                0x20000000                        . = ALIGN (0x4)
                0x20000000                        _sdata = .
 *(.data)
 *(.data*)
 .data.msg_success
                0x20000000        0x1 ./Core/Src/freertos.o
                0x20000000                msg_success
 *fill*         0x20000001        0x3 
 .data.toggleFreq
                0x20000004        0x4 ./Core/Src/freertos.o
                0x20000004                toggleFreq
 .data.pedestrianDelay
                0x20000008        0x4 ./Core/Src/freertos.o
                0x20000008                pedestrianDelay
 .data.walkingDelay
                0x2000000c        0x4 ./Core/Src/freertos.o
                0x2000000c                walkingDelay
 .data.orangeDelay
                0x20000010        0x4 ./Core/Src/freertos.o
                0x20000010                orangeDelay
 .data.greenDelay
                0x20000014        0x4 ./Core/Src/freertos.o
                0x20000014                greenDelay
 .data.redDelay
                0x20000018        0x4 ./Core/Src/freertos.o
                0x20000018                redDelay
 .data.redDelayMax
                0x2000001c        0x4 ./Core/Src/freertos.o
                0x2000001c                redDelayMax
 .data.SystemCoreClock
                0x20000020        0x4 ./Core/Src/system_stm32l4xx.o
                0x20000020                SystemCoreClock
 .data.uwTickPrio
                0x20000024        0x4 ./Drivers/STM32L4xx_HAL_Driver/Src/stm32l4xx_hal.o
                0x20000024                uwTickPrio
 .data.uwTickFreq
                0x20000028        0x1 ./Drivers/STM32L4xx_HAL_Driver/Src/stm32l4xx_hal.o
                0x20000028                uwTickFreq
 *fill*         0x20000029        0x3 
 .data.uxCriticalNesting
                0x2000002c        0x4 ./Middlewares/Third_Party/FreeRTOS/Source/portable/GCC/ARM_CM4F/port.o
 .data._impure_ptr
                0x20000030        0x4 /Applications/STM32CubeIDE.app/Contents/Eclipse/plugins/com.st.stm32cube.ide.mcu.externaltools.gnu-tools-for-stm32.13.3.rel1.macos64_1.0.100.202509120712/tools/bin/../lib/gcc/arm-none-eabi/13.3.1/../../../../arm-none-eabi/lib/thumb/v7e-m+fp/hard/libc_nano.a(libc_a-impure.o)
                0x20000030                _impure_ptr
 .data._impure_data
                0x20000034       0x4c /Applications/STM32CubeIDE.app/Contents/Eclipse/plugins/com.st.stm32cube.ide.mcu.externaltools.gnu-tools-for-stm32.13.3.rel1.macos64_1.0.100.202509120712/tools/bin/../lib/gcc/arm-none-eabi/13.3.1/../../../../arm-none-eabi/lib/thumb/v7e-m+fp/hard/libc_nano.a(libc_a-impure.o)
                0x20000034                _impure_data
 *(.RamFunc)
 *(.RamFunc*)
                0x20000080                        . = ALIGN (0x4)
                0x20000080                        _edata = .

.igot.plt       0x20000080        0x0 load address 0x08009830
 .igot.plt      0x20000080        0x0 /Applications/STM32CubeIDE.app/Contents/Eclipse/plugins/com.st.stm32cube.ide.mcu.externaltools.gnu-tools-for-stm32.13.3.rel1.macos64_1.0.100.202509120712/tools/bin/../lib/gcc/arm-none-eabi/13.3.1/thumb/v7e-m+fp/hard/crtbegin.o
                0x20000080                        . = ALIGN (0x4)

.bss            0x20000080     0x1c68 load address 0x08009830
                0x20000080                        _sbss = .
                0x20000080                        __bss_start__ = _sbss
 *(.bss)
 .bss           0x20000080       0x1c /Applications/STM32CubeIDE.app/Contents/Eclipse/plugins/com.st.stm32cube.ide.mcu.externaltools.gnu-tools-for-stm32.13.3.rel1.macos64_1.0.100.202509120712/tools/bin/../lib/gcc/arm-none-eabi/13.3.1/thumb/v7e-m+fp/hard/crtbegin.o
 *(.bss*)
 .bss.msg_failed
                0x2000009c        0x1 ./Core/Src/freertos.o
                0x2000009c                msg_failed
 *fill*         0x2000009d        0x3 
 .bss.rx_data   0x200000a0        0x4 ./Core/Src/freertos.o
                0x200000a0                rx_data
 .bss.UartReady
                0x200000a4        0x1 ./Core/Src/freertos.o
                0x200000a4                UartReady
 .bss.is_car_ns_waiting
                0x200000a5        0x1 ./Core/Src/freertos.o
                0x200000a5                is_car_ns_waiting
 .bss.is_car_ew_waiting
                0x200000a6        0x1 ./Core/Src/freertos.o
                0x200000a6                is_car_ew_waiting
 .bss.is_ped_ns_waiting
                0x200000a7        0x1 ./Core/Src/freertos.o
                0x200000a7                is_ped_ns_waiting
 .bss.ped_green
                0x200000a8        0x1 ./Core/Src/freertos.o
                0x200000a8                ped_green
 *fill*         0x200000a9        0x3 
 .bss.defaultTaskHandle
                0x200000ac        0x4 ./Core/Src/freertos.o
                0x200000ac                defaultTaskHandle
 .bss.TrafficStatesHandle
                0x200000b0        0x4 ./Core/Src/freertos.o
                0x200000b0                TrafficStatesHandle
 .bss.UserInputHandle
                0x200000b4        0x4 ./Core/Src/freertos.o
                0x200000b4                UserInputHandle
 .bss.SharedDataHandle
                0x200000b8        0x4 ./Core/Src/freertos.o
                0x200000b8                SharedDataHandle
 .bss.n_ped_wait.3
                0x200000bc        0x1 ./Core/Src/freertos.o
 .bss.states.2  0x200000bd        0x1 ./Core/Src/freertos.o
 *fill*         0x200000be        0x2 
 .bss.blink_timer.1
                0x200000c0        0x4 ./Core/Src/freertos.o
 .bss.green_timer.0
                0x200000c4        0x4 ./Core/Src/freertos.o
 .bss.hspi3     0x200000c8       0x64 ./Core/Src/spi.o
                0x200000c8                hspi3
 .bss.htim1     0x2000012c       0x4c ./Core/Src/stm32l4xx_hal_timebase_tim.o
                0x2000012c                htim1
 .bss.changedirection
                0x20000178        0x1 ./Core/Src/trafficstates.o
                0x20000178                changedirection
 .bss.pedestrianlight
                0x20000179        0x1 ./Core/Src/trafficstates.o
                0x20000179                pedestrianlight
 .bss.blue_on.0
                0x2000017a        0x1 ./Core/Src/trafficstates.o
 *fill*         0x2000017b        0x1 
 .bss.huart2    0x2000017c       0x88 ./Core/Src/usart.o
                0x2000017c                huart2
 .bss.uwTick    0x20000204        0x4 ./Drivers/STM32L4xx_HAL_Driver/Src/stm32l4xx_hal.o
                0x20000204                uwTick
 .bss.KernelState
                0x20000208        0x4 ./Middlewares/Third_Party/FreeRTOS/Source/CMSIS_RTOS_V2/cmsis_os2.o
 .bss.Idle_TCB.3
                0x2000020c       0xa8 ./Middlewares/Third_Party/FreeRTOS/Source/CMSIS_RTOS_V2/cmsis_os2.o
 .bss.Idle_Stack.2
                0x200002b4      0x200 ./Middlewares/Third_Party/FreeRTOS/Source/CMSIS_RTOS_V2/cmsis_os2.o
 .bss.Timer_TCB.1
                0x200004b4       0xa8 ./Middlewares/Third_Party/FreeRTOS/Source/CMSIS_RTOS_V2/cmsis_os2.o
 .bss.Timer_Stack.0
                0x2000055c      0x400 ./Middlewares/Third_Party/FreeRTOS/Source/CMSIS_RTOS_V2/cmsis_os2.o
 .bss.xQueueRegistry
                0x2000095c       0x40 ./Middlewares/Third_Party/FreeRTOS/Source/queue.o
                0x2000095c                xQueueRegistry
 .bss.pxCurrentTCB
                0x2000099c        0x4 ./Middlewares/Third_Party/FreeRTOS/Source/tasks.o
                0x2000099c                pxCurrentTCB
 .bss.pxReadyTasksLists
                0x200009a0      0x460 ./Middlewares/Third_Party/FreeRTOS/Source/tasks.o
 .bss.xDelayedTaskList1
                0x20000e00       0x14 ./Middlewares/Third_Party/FreeRTOS/Source/tasks.o
 .bss.xDelayedTaskList2
                0x20000e14       0x14 ./Middlewares/Third_Party/FreeRTOS/Source/tasks.o
 .bss.pxDelayedTaskList
                0x20000e28        0x4 ./Middlewares/Third_Party/FreeRTOS/Source/tasks.o
 .bss.pxOverflowDelayedTaskList
                0x20000e2c        0x4 ./Middlewares/Third_Party/FreeRTOS/Source/tasks.o
 .bss.xPendingReadyList
                0x20000e30       0x14 ./Middlewares/Third_Party/FreeRTOS/Source/tasks.o
 .bss.xTasksWaitingTermination
                0x20000e44       0x14 ./Middlewares/Third_Party/FreeRTOS/Source/tasks.o
 .bss.uxDeletedTasksWaitingCleanUp
                0x20000e58        0x4 ./Middlewares/Third_Party/FreeRTOS/Source/tasks.o
 .bss.xSuspendedTaskList
                0x20000e5c       0x14 ./Middlewares/Third_Party/FreeRTOS/Source/tasks.o
 .bss.uxCurrentNumberOfTasks
                0x20000e70        0x4 ./Middlewares/Third_Party/FreeRTOS/Source/tasks.o
 .bss.xTickCount
                0x20000e74        0x4 ./Middlewares/Third_Party/FreeRTOS/Source/tasks.o
 .bss.uxTopReadyPriority
                0x20000e78        0x4 ./Middlewares/Third_Party/FreeRTOS/Source/tasks.o
 .bss.xSchedulerRunning
                0x20000e7c        0x4 ./Middlewares/Third_Party/FreeRTOS/Source/tasks.o
 .bss.xPendedTicks
                0x20000e80        0x4 ./Middlewares/Third_Party/FreeRTOS/Source/tasks.o
 .bss.xYieldPending
                0x20000e84        0x4 ./Middlewares/Third_Party/FreeRTOS/Source/tasks.o
 .bss.xNumOfOverflows
                0x20000e88        0x4 ./Middlewares/Third_Party/FreeRTOS/Source/tasks.o
 .bss.uxTaskNumber
                0x20000e8c        0x4 ./Middlewares/Third_Party/FreeRTOS/Source/tasks.o
 .bss.xNextTaskUnblockTime
                0x20000e90        0x4 ./Middlewares/Third_Party/FreeRTOS/Source/tasks.o
 .bss.xIdleTaskHandle
                0x20000e94        0x4 ./Middlewares/Third_Party/FreeRTOS/Source/tasks.o
 .bss.uxSchedulerSuspended
                0x20000e98        0x4 ./Middlewares/Third_Party/FreeRTOS/Source/tasks.o
 .bss.xActiveTimerList1
                0x20000e9c       0x14 ./Middlewares/Third_Party/FreeRTOS/Source/timers.o
 .bss.xActiveTimerList2
                0x20000eb0       0x14 ./Middlewares/Third_Party/FreeRTOS/Source/timers.o
 .bss.pxCurrentTimerList
                0x20000ec4        0x4 ./Middlewares/Third_Party/FreeRTOS/Source/timers.o
 .bss.pxOverflowTimerList
                0x20000ec8        0x4 ./Middlewares/Third_Party/FreeRTOS/Source/timers.o
 .bss.xTimerQueue
                0x20000ecc        0x4 ./Middlewares/Third_Party/FreeRTOS/Source/timers.o
 .bss.xTimerTaskHandle
                0x20000ed0        0x4 ./Middlewares/Third_Party/FreeRTOS/Source/timers.o
 .bss.xLastTime.2
                0x20000ed4        0x4 ./Middlewares/Third_Party/FreeRTOS/Source/timers.o
 .bss.ucStaticTimerQueueStorage.1
                0x20000ed8       0xa0 ./Middlewares/Third_Party/FreeRTOS/Source/timers.o
 .bss.xStaticTimerQueue.0
                0x20000f78       0x50 ./Middlewares/Third_Party/FreeRTOS/Source/timers.o
 .bss.ucMaxSysCallPriority
                0x20000fc8        0x1 ./Middlewares/Third_Party/FreeRTOS/Source/portable/GCC/ARM_CM4F/port.o
 *fill*         0x20000fc9        0x3 
 .bss.ulMaxPRIGROUPValue
                0x20000fcc        0x4 ./Middlewares/Third_Party/FreeRTOS/Source/portable/GCC/ARM_CM4F/port.o
 .bss.ucHeap    0x20000fd0      0xbb8 ./Middlewares/Third_Party/FreeRTOS/Source/portable/MemMang/heap_4.o
 .bss.xStart    0x20001b88        0x8 ./Middlewares/Third_Party/FreeRTOS/Source/portable/MemMang/heap_4.o
 .bss.pxEnd     0x20001b90        0x4 ./Middlewares/Third_Party/FreeRTOS/Source/portable/MemMang/heap_4.o
 .bss.xFreeBytesRemaining
                0x20001b94        0x4 ./Middlewares/Third_Party/FreeRTOS/Source/portable/MemMang/heap_4.o
 .bss.xMinimumEverFreeBytesRemaining
                0x20001b98        0x4 ./Middlewares/Third_Party/FreeRTOS/Source/portable/MemMang/heap_4.o
 .bss.xNumberOfSuccessfulAllocations
                0x20001b9c        0x4 ./Middlewares/Third_Party/FreeRTOS/Source/portable/MemMang/heap_4.o
 .bss.xNumberOfSuccessfulFrees
                0x20001ba0        0x4 ./Middlewares/Third_Party/FreeRTOS/Source/portable/MemMang/heap_4.o
 .bss.xBlockAllocatedBit
                0x20001ba4        0x4 ./Middlewares/Third_Party/FreeRTOS/Source/portable/MemMang/heap_4.o
 .bss.__sf      0x20001ba8      0x138 /Applications/STM32CubeIDE.app/Contents/Eclipse/plugins/com.st.stm32cube.ide.mcu.externaltools.gnu-tools-for-stm32.13.3.rel1.macos64_1.0.100.202509120712/tools/bin/../lib/gcc/arm-none-eabi/13.3.1/../../../../arm-none-eabi/lib/thumb/v7e-m+fp/hard/libc_nano.a(libc_a-findfp.o)
                0x20001ba8                __sf
 .bss.__lock___malloc_recursive_mutex
                0x20001ce0        0x1 /Applications/STM32CubeIDE.app/Contents/Eclipse/plugins/com.st.stm32cube.ide.mcu.externaltools.gnu-tools-for-stm32.13.3.rel1.macos64_1.0.100.202509120712/tools/bin/../lib/gcc/arm-none-eabi/13.3.1/../../../../arm-none-eabi/lib/thumb/v7e-m+fp/hard/libc_nano.a(libc_a-lock.o)
                0x20001ce0                __lock___malloc_recursive_mutex
 *fill*         0x20001ce1        0x3 
 .bss.__malloc_free_list
                0x20001ce4        0x4 /Applications/STM32CubeIDE.app/Contents/Eclipse/plugins/com.st.stm32cube.ide.mcu.externaltools.gnu-tools-for-stm32.13.3.rel1.macos64_1.0.100.202509120712/tools/bin/../lib/gcc/arm-none-eabi/13.3.1/../../../../arm-none-eabi/lib/thumb/v7e-m+fp/hard/libc_nano.a(libc_a-mallocr.o)
                0x20001ce4                __malloc_free_list
 *(COMMON)
                0x20001ce8                        . = ALIGN (0x4)
                0x20001ce8                        _ebss = .
                0x20001ce8                        __bss_end__ = _ebss

._user_heap_stack
                0x20001ce8      0x600 load address 0x08009830
                0x20001ce8                        . = ALIGN (0x8)
                [!provide]                        PROVIDE (end = .)
                0x20001ce8                        PROVIDE (_end = .)
                0x20001ee8                        . = (. + _Min_Heap_Size)
 *fill*         0x20001ce8      0x200 
                0x200022e8                        . = (. + _Min_Stack_Size)
 *fill*         0x20001ee8      0x400 
                0x200022e8                        . = ALIGN (0x8)

/DISCARD/
 libc.a(*)
 libm.a(*)
 libgcc.a(*)

.ARM.attributes
                0x00000000       0x30
 *(.ARM.attributes)
 .ARM.attributes
                0x00000000       0x22 /Applications/STM32CubeIDE.app/Contents/Eclipse/plugins/com.st.stm32cube.ide.mcu.externaltools.gnu-tools-for-stm32.13.3.rel1.macos64_1.0.100.202509120712/tools/bin/../lib/gcc/arm-none-eabi/13.3.1/thumb/v7e-m+fp/hard/crti.o
 .ARM.attributes
                0x00000022       0x34 /Applications/STM32CubeIDE.app/Contents/Eclipse/plugins/com.st.stm32cube.ide.mcu.externaltools.gnu-tools-for-stm32.13.3.rel1.macos64_1.0.100.202509120712/tools/bin/../lib/gcc/arm-none-eabi/13.3.1/thumb/v7e-m+fp/hard/crtbegin.o
 .ARM.attributes
                0x00000056       0x34 ./Core/Src/freertos.o
 .ARM.attributes
                0x0000008a       0x34 ./Core/Src/gpio.o
 .ARM.attributes
                0x000000be       0x34 ./Core/Src/io_handler.o
 .ARM.attributes
                0x000000f2       0x34 ./Core/Src/main.o
 .ARM.attributes
                0x00000126       0x34 ./Core/Src/spi.o
 .ARM.attributes
                0x0000015a       0x34 ./Core/Src/stm32l4xx_hal_msp.o
 .ARM.attributes
                0x0000018e       0x34 ./Core/Src/stm32l4xx_hal_timebase_tim.o
 .ARM.attributes
                0x000001c2       0x34 ./Core/Src/stm32l4xx_it.o
 .ARM.attributes
                0x000001f6       0x34 ./Core/Src/system_stm32l4xx.o
 .ARM.attributes
                0x0000022a       0x34 ./Core/Src/trafficstates.o
 .ARM.attributes
                0x0000025e       0x34 ./Core/Src/usart.o
 .ARM.attributes
                0x00000292       0x21 ./Core/Startup/startup_stm32l476rgtx.o
 .ARM.attributes
                0x000002b3       0x34 ./Drivers/STM32L4xx_HAL_Driver/Src/stm32l4xx_hal.o
 .ARM.attributes
                0x000002e7       0x34 ./Drivers/STM32L4xx_HAL_Driver/Src/stm32l4xx_hal_cortex.o
 .ARM.attributes
                0x0000031b       0x34 ./Drivers/STM32L4xx_HAL_Driver/Src/stm32l4xx_hal_dma.o
 .ARM.attributes
                0x0000034f       0x34 ./Drivers/STM32L4xx_HAL_Driver/Src/stm32l4xx_hal_gpio.o
 .ARM.attributes
                0x00000383       0x34 ./Drivers/STM32L4xx_HAL_Driver/Src/stm32l4xx_hal_pwr_ex.o
 .ARM.attributes
                0x000003b7       0x34 ./Drivers/STM32L4xx_HAL_Driver/Src/stm32l4xx_hal_rcc.o
 .ARM.attributes
                0x000003eb       0x34 ./Drivers/STM32L4xx_HAL_Driver/Src/stm32l4xx_hal_rcc_ex.o
 .ARM.attributes
                0x0000041f       0x34 ./Drivers/STM32L4xx_HAL_Driver/Src/stm32l4xx_hal_spi.o
 .ARM.attributes
                0x00000453       0x34 ./Drivers/STM32L4xx_HAL_Driver/Src/stm32l4xx_hal_tim.o
 .ARM.attributes
                0x00000487       0x34 ./Drivers/STM32L4xx_HAL_Driver/Src/stm32l4xx_hal_tim_ex.o
 .ARM.attributes
                0x000004bb       0x34 ./Drivers/STM32L4xx_HAL_Driver/Src/stm32l4xx_hal_uart.o
 .ARM.attributes
                0x000004ef       0x34 ./Drivers/STM32L4xx_HAL_Driver/Src/stm32l4xx_hal_uart_ex.o
 .ARM.attributes
                0x00000523       0x34 ./Middlewares/Third_Party/FreeRTOS/Source/CMSIS_RTOS_V2/cmsis_os2.o
 .ARM.attributes
                0x00000557       0x34 ./Middlewares/Third_Party/FreeRTOS/Source/list.o
 .ARM.attributes
                0x0000058b       0x34 ./Middlewares/Third_Party/FreeRTOS/Source/queue.o
 .ARM.attributes
                0x000005bf       0x34 ./Middlewares/Third_Party/FreeRTOS/Source/tasks.o
 .ARM.attributes
                0x000005f3       0x34 ./Middlewares/Third_Party/FreeRTOS/Source/timers.o
 .ARM.attributes
                0x00000627       0x34 ./Middlewares/Third_Party/FreeRTOS/Source/portable/GCC/ARM_CM4F/port.o
 .ARM.attributes
                0x0000065b       0x34 ./Middlewares/Third_Party/FreeRTOS/Source/portable/MemMang/heap_4.o
 .ARM.attributes
                0x0000068f       0x34 /Applications/STM32CubeIDE.app/Contents/Eclipse/plugins/com.st.stm32cube.ide.mcu.externaltools.gnu-tools-for-stm32.13.3.rel1.macos64_1.0.100.202509120712/tools/bin/../lib/gcc/arm-none-eabi/13.3.1/../../../../arm-none-eabi/lib/thumb/v7e-m+fp/hard/libc_nano.a(libc_a-findfp.o)
 .ARM.attributes
                0x000006c3       0x34 /Applications/STM32CubeIDE.app/Contents/Eclipse/plugins/com.st.stm32cube.ide.mcu.externaltools.gnu-tools-for-stm32.13.3.rel1.macos64_1.0.100.202509120712/tools/bin/../lib/gcc/arm-none-eabi/13.3.1/../../../../arm-none-eabi/lib/thumb/v7e-m+fp/hard/libc_nano.a(libc_a-memset.o)
 .ARM.attributes
                0x000006f7       0x34 /Applications/STM32CubeIDE.app/Contents/Eclipse/plugins/com.st.stm32cube.ide.mcu.externaltools.gnu-tools-for-stm32.13.3.rel1.macos64_1.0.100.202509120712/tools/bin/../lib/gcc/arm-none-eabi/13.3.1/../../../../arm-none-eabi/lib/thumb/v7e-m+fp/hard/libc_nano.a(libc_a-init.o)
 .ARM.attributes
                0x0000072b       0x34 /Applications/STM32CubeIDE.app/Contents/Eclipse/plugins/com.st.stm32cube.ide.mcu.externaltools.gnu-tools-for-stm32.13.3.rel1.macos64_1.0.100.202509120712/tools/bin/../lib/gcc/arm-none-eabi/13.3.1/../../../../arm-none-eabi/lib/thumb/v7e-m+fp/hard/libc_nano.a(libc_a-lock.o)
 .ARM.attributes
                0x0000075f       0x34 /Applications/STM32CubeIDE.app/Contents/Eclipse/plugins/com.st.stm32cube.ide.mcu.externaltools.gnu-tools-for-stm32.13.3.rel1.macos64_1.0.100.202509120712/tools/bin/../lib/gcc/arm-none-eabi/13.3.1/../../../../arm-none-eabi/lib/thumb/v7e-m+fp/hard/libc_nano.a(libc_a-reent.o)
 .ARM.attributes
                0x00000793       0x34 /Applications/STM32CubeIDE.app/Contents/Eclipse/plugins/com.st.stm32cube.ide.mcu.externaltools.gnu-tools-for-stm32.13.3.rel1.macos64_1.0.100.202509120712/tools/bin/../lib/gcc/arm-none-eabi/13.3.1/../../../../arm-none-eabi/lib/thumb/v7e-m+fp/hard/libc_nano.a(libc_a-impure.o)
 .ARM.attributes
                0x000007c7       0x34 /Applications/STM32CubeIDE.app/Contents/Eclipse/plugins/com.st.stm32cube.ide.mcu.externaltools.gnu-tools-for-stm32.13.3.rel1.macos64_1.0.100.202509120712/tools/bin/../lib/gcc/arm-none-eabi/13.3.1/../../../../arm-none-eabi/lib/thumb/v7e-m+fp/hard/libc_nano.a(libc_a-memcpy-stub.o)
 .ARM.attributes
                0x000007fb       0x34 /Applications/STM32CubeIDE.app/Contents/Eclipse/plugins/com.st.stm32cube.ide.mcu.externaltools.gnu-tools-for-stm32.13.3.rel1.macos64_1.0.100.202509120712/tools/bin/../lib/gcc/arm-none-eabi/13.3.1/../../../../arm-none-eabi/lib/thumb/v7e-m+fp/hard/libc_nano.a(libc_a-freer.o)
 .ARM.attributes
                0x0000082f       0x34 /Applications/STM32CubeIDE.app/Contents/Eclipse/plugins/com.st.stm32cube.ide.mcu.externaltools.gnu-tools-for-stm32.13.3.rel1.macos64_1.0.100.202509120712/tools/bin/../lib/gcc/arm-none-eabi/13.3.1/../../../../arm-none-eabi/lib/thumb/v7e-m+fp/hard/libc_nano.a(libc_a-mallocr.o)
 .ARM.attributes
                0x00000863       0x34 /Applications/STM32CubeIDE.app/Contents/Eclipse/plugins/com.st.stm32cube.ide.mcu.externaltools.gnu-tools-for-stm32.13.3.rel1.macos64_1.0.100.202509120712/tools/bin/../lib/gcc/arm-none-eabi/13.3.1/../../../../arm-none-eabi/lib/thumb/v7e-m+fp/hard/libc_nano.a(libc_a-mlock.o)
 .ARM.attributes
                0x00000897       0x22 /Applications/STM32CubeIDE.app/Contents/Eclipse/plugins/com.st.stm32cube.ide.mcu.externaltools.gnu-tools-for-stm32.13.3.rel1.macos64_1.0.100.202509120712/tools/bin/../lib/gcc/arm-none-eabi/13.3.1/thumb/v7e-m+fp/hard/libgcc.a(_aeabi_uldivmod.o)
 .ARM.attributes
                0x000008b9       0x34 /Applications/STM32CubeIDE.app/Contents/Eclipse/plugins/com.st.stm32cube.ide.mcu.externaltools.gnu-tools-for-stm32.13.3.rel1.macos64_1.0.100.202509120712/tools/bin/../lib/gcc/arm-none-eabi/13.3.1/thumb/v7e-m+fp/hard/libgcc.a(_udivmoddi4.o)
 .ARM.attributes
                0x000008ed       0x22 /Applications/STM32CubeIDE.app/Contents/Eclipse/plugins/com.st.stm32cube.ide.mcu.externaltools.gnu-tools-for-stm32.13.3.rel1.macos64_1.0.100.202509120712/tools/bin/../lib/gcc/arm-none-eabi/13.3.1/thumb/v7e-m+fp/hard/libgcc.a(_dvmd_tls.o)
 .ARM.attributes
                0x0000090f       0x22 /Applications/STM32CubeIDE.app/Contents/Eclipse/plugins/com.st.stm32cube.ide.mcu.externaltools.gnu-tools-for-stm32.13.3.rel1.macos64_1.0.100.202509120712/tools/bin/../lib/gcc/arm-none-eabi/13.3.1/thumb/v7e-m+fp/hard/crtn.o
OUTPUT(PRO1_Simon_Stal_V2.elf elf32-littlearm)
LOAD linker stubs
LOAD /Applications/STM32CubeIDE.app/Contents/Eclipse/plugins/com.st.stm32cube.ide.mcu.externaltools.gnu-tools-for-stm32.13.3.rel1.macos64_1.0.100.202509120712/tools/bin/../lib/gcc/arm-none-eabi/13.3.1/../../../../arm-none-eabi/lib/thumb/v7e-m+fp/hard/libc.a
LOAD /Applications/STM32CubeIDE.app/Contents/Eclipse/plugins/com.st.stm32cube.ide.mcu.externaltools.gnu-tools-for-stm32.13.3.rel1.macos64_1.0.100.202509120712/tools/bin/../lib/gcc/arm-none-eabi/13.3.1/../../../../arm-none-eabi/lib/thumb/v7e-m+fp/hard/libm.a
LOAD /Applications/STM32CubeIDE.app/Contents/Eclipse/plugins/com.st.stm32cube.ide.mcu.externaltools.gnu-tools-for-stm32.13.3.rel1.macos64_1.0.100.202509120712/tools/bin/../lib/gcc/arm-none-eabi/13.3.1/thumb/v7e-m+fp/hard/libgcc.a

.debug_info     0x00000000    0x1ff2c
 .debug_info    0x00000000      0xedd ./Core/Src/freertos.o
 .debug_info    0x00000edd      0x473 ./Core/Src/gpio.o
 .debug_info    0x00001350      0xbe1 ./Core/Src/io_handler.o
 .debug_info    0x00001f31      0x972 ./Core/Src/main.o
 .debug_info    0x000028a3      0x9a1 ./Core/Src/spi.o
 .debug_info    0x00003244      0x50d ./Core/Src/stm32l4xx_hal_msp.o
 .debug_info    0x00003751      0xc71 ./Core/Src/stm32l4xx_hal_timebase_tim.o
 .debug_info    0x000043c2      0xaa1 ./Core/Src/stm32l4xx_it.o
 .debug_info    0x00004e63      0x5b1 ./Core/Src/system_stm32l4xx.o
 .debug_info    0x00005414      0x2d4 ./Core/Src/trafficstates.o
 .debug_info    0x000056e8      0xf9a ./Core/Src/usart.o
 .debug_info    0x00006682       0x30 ./Core/Startup/startup_stm32l476rgtx.o
 .debug_info    0x000066b2      0xc09 ./Drivers/STM32L4xx_HAL_Driver/Src/stm32l4xx_hal.o
 .debug_info    0x000072bb      0xd81 ./Drivers/STM32L4xx_HAL_Driver/Src/stm32l4xx_hal_cortex.o
 .debug_info    0x0000803c      0x6f4 ./Drivers/STM32L4xx_HAL_Driver/Src/stm32l4xx_hal_dma.o
 .debug_info    0x00008730      0x757 ./Drivers/STM32L4xx_HAL_Driver/Src/stm32l4xx_hal_gpio.o
 .debug_info    0x00008e87      0x99e ./Drivers/STM32L4xx_HAL_Driver/Src/stm32l4xx_hal_pwr_ex.o
 .debug_info    0x00009825      0xc14 ./Drivers/STM32L4xx_HAL_Driver/Src/stm32l4xx_hal_rcc.o
 .debug_info    0x0000a439      0xe11 ./Drivers/STM32L4xx_HAL_Driver/Src/stm32l4xx_hal_rcc_ex.o
 .debug_info    0x0000b24a     0x1549 ./Drivers/STM32L4xx_HAL_Driver/Src/stm32l4xx_hal_spi.o
 .debug_info    0x0000c793     0x2a9a ./Drivers/STM32L4xx_HAL_Driver/Src/stm32l4xx_hal_tim.o
 .debug_info    0x0000f22d     0x169e ./Drivers/STM32L4xx_HAL_Driver/Src/stm32l4xx_hal_tim_ex.o
 .debug_info    0x000108cb     0x3b69 ./Drivers/STM32L4xx_HAL_Driver/Src/stm32l4xx_hal_uart.o
 .debug_info    0x00014434      0xdff ./Drivers/STM32L4xx_HAL_Driver/Src/stm32l4xx_hal_uart_ex.o
 .debug_info    0x00015233     0x410d ./Middlewares/Third_Party/FreeRTOS/Source/CMSIS_RTOS_V2/cmsis_os2.o
 .debug_info    0x00019340      0x2af ./Middlewares/Third_Party/FreeRTOS/Source/list.o
 .debug_info    0x000195ef     0x1b79 ./Middlewares/Third_Party/FreeRTOS/Source/queue.o
 .debug_info    0x0001b168     0x28c1 ./Middlewares/Third_Party/FreeRTOS/Source/tasks.o
 .debug_info    0x0001da29     0x1b50 ./Middlewares/Third_Party/FreeRTOS/Source/timers.o
 .debug_info    0x0001f579      0x4de ./Middlewares/Third_Party/FreeRTOS/Source/portable/GCC/ARM_CM4F/port.o
 .debug_info    0x0001fa57      0x4d5 ./Middlewares/Third_Party/FreeRTOS/Source/portable/MemMang/heap_4.o

.debug_abbrev   0x00000000     0x45d9
 .debug_abbrev  0x00000000      0x25c ./Core/Src/freertos.o
 .debug_abbrev  0x0000025c      0x152 ./Core/Src/gpio.o
 .debug_abbrev  0x000003ae      0x1db ./Core/Src/io_handler.o
 .debug_abbrev  0x00000589      0x22e ./Core/Src/main.o
 .debug_abbrev  0x000007b7      0x1fa ./Core/Src/spi.o
 .debug_abbrev  0x000009b1      0x107 ./Core/Src/stm32l4xx_hal_msp.o
 .debug_abbrev  0x00000ab8      0x1f4 ./Core/Src/stm32l4xx_hal_timebase_tim.o
 .debug_abbrev  0x00000cac      0x189 ./Core/Src/stm32l4xx_it.o
 .debug_abbrev  0x00000e35      0x11a ./Core/Src/system_stm32l4xx.o
 .debug_abbrev  0x00000f4f      0x138 ./Core/Src/trafficstates.o
 .debug_abbrev  0x00001087      0x1fb ./Core/Src/usart.o
 .debug_abbrev  0x00001282       0x24 ./Core/Startup/startup_stm32l476rgtx.o
 .debug_abbrev  0x000012a6      0x243 ./Drivers/STM32L4xx_HAL_Driver/Src/stm32l4xx_hal.o
 .debug_abbrev  0x000014e9      0x31c ./Drivers/STM32L4xx_HAL_Driver/Src/stm32l4xx_hal_cortex.o
 .debug_abbrev  0x00001805      0x1e4 ./Drivers/STM32L4xx_HAL_Driver/Src/stm32l4xx_hal_dma.o
 .debug_abbrev  0x000019e9      0x1cb ./Drivers/STM32L4xx_HAL_Driver/Src/stm32l4xx_hal_gpio.o
 .debug_abbrev  0x00001bb4      0x1f9 ./Drivers/STM32L4xx_HAL_Driver/Src/stm32l4xx_hal_pwr_ex.o
 .debug_abbrev  0x00001dad      0x2cb ./Drivers/STM32L4xx_HAL_Driver/Src/stm32l4xx_hal_rcc.o
 .debug_abbrev  0x00002078      0x2a6 ./Drivers/STM32L4xx_HAL_Driver/Src/stm32l4xx_hal_rcc_ex.o
 .debug_abbrev  0x0000231e      0x260 ./Drivers/STM32L4xx_HAL_Driver/Src/stm32l4xx_hal_spi.o
 .debug_abbrev  0x0000257e      0x278 ./Drivers/STM32L4xx_HAL_Driver/Src/stm32l4xx_hal_tim.o
 .debug_abbrev  0x000027f6      0x283 ./Drivers/STM32L4xx_HAL_Driver/Src/stm32l4xx_hal_tim_ex.o
 .debug_abbrev  0x00002a79      0x2d0 ./Drivers/STM32L4xx_HAL_Driver/Src/stm32l4xx_hal_uart.o
 .debug_abbrev  0x00002d49      0x2be ./Drivers/STM32L4xx_HAL_Driver/Src/stm32l4xx_hal_uart_ex.o
 .debug_abbrev  0x00003007      0x548 ./Middlewares/Third_Party/FreeRTOS/Source/CMSIS_RTOS_V2/cmsis_os2.o
 .debug_abbrev  0x0000354f       0xf5 ./Middlewares/Third_Party/FreeRTOS/Source/list.o
 .debug_abbrev  0x00003644      0x3b6 ./Middlewares/Third_Party/FreeRTOS/Source/queue.o
 .debug_abbrev  0x000039fa      0x3fe ./Middlewares/Third_Party/FreeRTOS/Source/tasks.o
 .debug_abbrev  0x00003df8      0x368 ./Middlewares/Third_Party/FreeRTOS/Source/timers.o
 .debug_abbrev  0x00004160      0x25c ./Middlewares/Third_Party/FreeRTOS/Source/portable/GCC/ARM_CM4F/port.o
 .debug_abbrev  0x000043bc      0x21d ./Middlewares/Third_Party/FreeRTOS/Source/portable/MemMang/heap_4.o

.debug_aranges  0x00000000     0x1a30
 .debug_aranges
                0x00000000       0x40 ./Core/Src/freertos.o
 .debug_aranges
                0x00000040       0x20 ./Core/Src/gpio.o
 .debug_aranges
                0x00000060       0x30 ./Core/Src/io_handler.o
 .debug_aranges
                0x00000090       0x38 ./Core/Src/main.o
 .debug_aranges
                0x000000c8       0x30 ./Core/Src/spi.o
 .debug_aranges
                0x000000f8       0x20 ./Core/Src/stm32l4xx_hal_msp.o
 .debug_aranges
                0x00000118       0x30 ./Core/Src/stm32l4xx_hal_timebase_tim.o
 .debug_aranges
                0x00000148       0x58 ./Core/Src/stm32l4xx_it.o
 .debug_aranges
                0x000001a0       0x28 ./Core/Src/system_stm32l4xx.o
 .debug_aranges
                0x000001c8       0x38 ./Core/Src/trafficstates.o
 .debug_aranges
                0x00000200       0x30 ./Core/Src/usart.o
 .debug_aranges
                0x00000230       0x28 ./Core/Startup/startup_stm32l476rgtx.o
 .debug_aranges
                0x00000258      0x130 ./Drivers/STM32L4xx_HAL_Driver/Src/stm32l4xx_hal.o
 .debug_aranges
                0x00000388      0x128 ./Drivers/STM32L4xx_HAL_Driver/Src/stm32l4xx_hal_cortex.o
 .debug_aranges
                0x000004b0       0x80 ./Drivers/STM32L4xx_HAL_Driver/Src/stm32l4xx_hal_dma.o
 .debug_aranges
                0x00000530       0x58 ./Drivers/STM32L4xx_HAL_Driver/Src/stm32l4xx_hal_gpio.o
 .debug_aranges
                0x00000588      0x160 ./Drivers/STM32L4xx_HAL_Driver/Src/stm32l4xx_hal_pwr_ex.o
 .debug_aranges
                0x000006e8       0x90 ./Drivers/STM32L4xx_HAL_Driver/Src/stm32l4xx_hal_rcc.o
 .debug_aranges
                0x00000778       0xc0 ./Drivers/STM32L4xx_HAL_Driver/Src/stm32l4xx_hal_rcc_ex.o
 .debug_aranges
                0x00000838      0x1d8 ./Drivers/STM32L4xx_HAL_Driver/Src/stm32l4xx_hal_spi.o
 .debug_aranges
                0x00000a10      0x3e0 ./Drivers/STM32L4xx_HAL_Driver/Src/stm32l4xx_hal_tim.o
 .debug_aranges
                0x00000df0      0x180 ./Drivers/STM32L4xx_HAL_Driver/Src/stm32l4xx_hal_tim_ex.o
 .debug_aranges
                0x00000f70      0x228 ./Drivers/STM32L4xx_HAL_Driver/Src/stm32l4xx_hal_uart.o
 .debug_aranges
                0x00001198       0x80 ./Drivers/STM32L4xx_HAL_Driver/Src/stm32l4xx_hal_uart_ex.o
 .debug_aranges
                0x00001218      0x2b0 ./Middlewares/Third_Party/FreeRTOS/Source/CMSIS_RTOS_V2/cmsis_os2.o
 .debug_aranges
                0x000014c8       0x40 ./Middlewares/Third_Party/FreeRTOS/Source/list.o
 .debug_aranges
                0x00001508      0x158 ./Middlewares/Third_Party/FreeRTOS/Source/queue.o
 .debug_aranges
                0x00001660      0x208 ./Middlewares/Third_Party/FreeRTOS/Source/tasks.o
 .debug_aranges
                0x00001868       0xf0 ./Middlewares/Third_Party/FreeRTOS/Source/timers.o
 .debug_aranges
                0x00001958       0x80 ./Middlewares/Third_Party/FreeRTOS/Source/portable/GCC/ARM_CM4F/port.o
 .debug_aranges
                0x000019d8       0x58 ./Middlewares/Third_Party/FreeRTOS/Source/portable/MemMang/heap_4.o

.debug_rnglists
                0x00000000     0x144a
 .debug_rnglists
                0x00000000       0x2d ./Core/Src/freertos.o
 .debug_rnglists
                0x0000002d       0x14 ./Core/Src/gpio.o
 .debug_rnglists
                0x00000041       0x21 ./Core/Src/io_handler.o
 .debug_rnglists
                0x00000062       0x26 ./Core/Src/main.o
 .debug_rnglists
                0x00000088       0x20 ./Core/Src/spi.o
 .debug_rnglists
                0x000000a8       0x13 ./Core/Src/stm32l4xx_hal_msp.o
 .debug_rnglists
                0x000000bb       0x20 ./Core/Src/stm32l4xx_hal_timebase_tim.o
 .debug_rnglists
                0x000000db       0x3d ./Core/Src/stm32l4xx_it.o
 .debug_rnglists
                0x00000118       0x1a ./Core/Src/system_stm32l4xx.o
 .debug_rnglists
                0x00000132       0x27 ./Core/Src/trafficstates.o
 .debug_rnglists
                0x00000159       0x20 ./Core/Src/usart.o
 .debug_rnglists
                0x00000179       0x19 ./Core/Startup/startup_stm32l476rgtx.o
 .debug_rnglists
                0x00000192       0xdf ./Drivers/STM32L4xx_HAL_Driver/Src/stm32l4xx_hal.o
 .debug_rnglists
                0x00000271       0xda ./Drivers/STM32L4xx_HAL_Driver/Src/stm32l4xx_hal_cortex.o
 .debug_rnglists
                0x0000034b       0x64 ./Drivers/STM32L4xx_HAL_Driver/Src/stm32l4xx_hal_dma.o
 .debug_rnglists
                0x000003af       0x3f ./Drivers/STM32L4xx_HAL_Driver/Src/stm32l4xx_hal_gpio.o
 .debug_rnglists
                0x000003ee      0x109 ./Drivers/STM32L4xx_HAL_Driver/Src/stm32l4xx_hal_pwr_ex.o
 .debug_rnglists
                0x000004f7       0x6d ./Drivers/STM32L4xx_HAL_Driver/Src/stm32l4xx_hal_rcc.o
 .debug_rnglists
                0x00000564       0x95 ./Drivers/STM32L4xx_HAL_Driver/Src/stm32l4xx_hal_rcc_ex.o
 .debug_rnglists
                0x000005f9      0x178 ./Drivers/STM32L4xx_HAL_Driver/Src/stm32l4xx_hal_spi.o
 .debug_rnglists
                0x00000771      0x328 ./Drivers/STM32L4xx_HAL_Driver/Src/stm32l4xx_hal_tim.o
 .debug_rnglists
                0x00000a99      0x139 ./Drivers/STM32L4xx_HAL_Driver/Src/stm32l4xx_hal_tim_ex.o
 .debug_rnglists
                0x00000bd2      0x1db ./Drivers/STM32L4xx_HAL_Driver/Src/stm32l4xx_hal_uart.o
 .debug_rnglists
                0x00000dad       0x60 ./Drivers/STM32L4xx_HAL_Driver/Src/stm32l4xx_hal_uart_ex.o
 .debug_rnglists
                0x00000e0d      0x212 ./Middlewares/Third_Party/FreeRTOS/Source/CMSIS_RTOS_V2/cmsis_os2.o
 .debug_rnglists
                0x0000101f       0x2b ./Middlewares/Third_Party/FreeRTOS/Source/list.o
 .debug_rnglists
                0x0000104a      0x109 ./Middlewares/Third_Party/FreeRTOS/Source/queue.o
 .debug_rnglists
                0x00001153      0x1a0 ./Middlewares/Third_Party/FreeRTOS/Source/tasks.o
 .debug_rnglists
                0x000012f3       0xb8 ./Middlewares/Third_Party/FreeRTOS/Source/timers.o
 .debug_rnglists
                0x000013ab       0x5d ./Middlewares/Third_Party/FreeRTOS/Source/portable/GCC/ARM_CM4F/port.o
 .debug_rnglists
                0x00001408       0x42 ./Middlewares/Third_Party/FreeRTOS/Source/portable/MemMang/heap_4.o

.debug_macro    0x00000000    0x2a667
 .debug_macro   0x00000000      0x377 ./Core/Src/freertos.o
 .debug_macro   0x00000377      0xad8 ./Core/Src/freertos.o
 .debug_macro   0x00000e4f      0x190 ./Core/Src/freertos.o
 .debug_macro   0x00000fdf       0x22 ./Core/Src/freertos.o
 .debug_macro   0x00001001       0x8e ./Core/Src/freertos.o
 .debug_macro   0x0000108f       0x51 ./Core/Src/freertos.o
 .debug_macro   0x000010e0      0x103 ./Core/Src/freertos.o
 .debug_macro   0x000011e3       0x6a ./Core/Src/freertos.o
 .debug_macro   0x0000124d      0x1df ./Core/Src/freertos.o
 .debug_macro   0x0000142c      0x16f ./Core/Src/freertos.o
 .debug_macro   0x0000159b      0x15a ./Core/Src/freertos.o
 .debug_macro   0x000016f5       0xc9 ./Core/Src/freertos.o
 .debug_macro   0x000017be       0x1c ./Core/Src/freertos.o
 .debug_macro   0x000017da       0x26 ./Core/Src/freertos.o
 .debug_macro   0x00001800       0x61 ./Core/Src/freertos.o
 .debug_macro   0x00001861       0x2a ./Core/Src/freertos.o
 .debug_macro   0x0000188b       0x43 ./Core/Src/freertos.o
 .debug_macro   0x000018ce       0x34 ./Core/Src/freertos.o
 .debug_macro   0x00001902      0x370 ./Core/Src/freertos.o
 .debug_macro   0x00001c72       0x16 ./Core/Src/freertos.o
 .debug_macro   0x00001c88       0x4a ./Core/Src/freertos.o
 .debug_macro   0x00001cd2       0x34 ./Core/Src/freertos.o
 .debug_macro   0x00001d06       0x10 ./Core/Src/freertos.o
 .debug_macro   0x00001d16       0x58 ./Core/Src/freertos.o
 .debug_macro   0x00001d6e       0x8e ./Core/Src/freertos.o
 .debug_macro   0x00001dfc       0x1c ./Core/Src/freertos.o
 .debug_macro   0x00001e18      0x185 ./Core/Src/freertos.o
 .debug_macro   0x00001f9d       0x10 ./Core/Src/freertos.o
 .debug_macro   0x00001fad       0x3c ./Core/Src/freertos.o
 .debug_macro   0x00001fe9      0x4bf ./Core/Src/freertos.o
 .debug_macro   0x000024a8       0xb5 ./Core/Src/freertos.o
 .debug_macro   0x0000255d       0xaa ./Core/Src/freertos.o
 .debug_macro   0x00002607      0x1ad ./Core/Src/freertos.o
 .debug_macro   0x000027b4       0x2e ./Core/Src/freertos.o
 .debug_macro   0x000027e2       0x28 ./Core/Src/freertos.o
 .debug_macro   0x0000280a       0x1c ./Core/Src/freertos.o
 .debug_macro   0x00002826       0x22 ./Core/Src/freertos.o
 .debug_macro   0x00002848       0xfb ./Core/Src/freertos.o
 .debug_macro   0x00002943     0x1011 ./Core/Src/freertos.o
 .debug_macro   0x00003954      0x11f ./Core/Src/freertos.o
 .debug_macro   0x00003a73    0x1a17a ./Core/Src/freertos.o
 .debug_macro   0x0001dbed       0x6d ./Core/Src/freertos.o
 .debug_macro   0x0001dc5a     0x38fb ./Core/Src/freertos.o
 .debug_macro   0x00021555       0x56 ./Core/Src/freertos.o
 .debug_macro   0x000215ab     0x159e ./Core/Src/freertos.o
 .debug_macro   0x00022b49      0x5a5 ./Core/Src/freertos.o
 .debug_macro   0x000230ee      0x1b9 ./Core/Src/freertos.o
 .debug_macro   0x000232a7      0x18b ./Core/Src/freertos.o
 .debug_macro   0x00023432      0x26b ./Core/Src/freertos.o
 .debug_macro   0x0002369d      0x23d ./Core/Src/freertos.o
 .debug_macro   0x000238da      0x241 ./Core/Src/freertos.o
 .debug_macro   0x00023b1b      0x37c ./Core/Src/freertos.o
 .debug_macro   0x00023e97       0xd6 ./Core/Src/freertos.o
 .debug_macro   0x00023f6d      0x122 ./Core/Src/freertos.o
 .debug_macro   0x0002408f      0x3ef ./Core/Src/freertos.o
 .debug_macro   0x0002447e      0x2fe ./Core/Src/freertos.o
 .debug_macro   0x0002477c      0xa98 ./Core/Src/freertos.o
 .debug_macro   0x00025214      0x1e6 ./Core/Src/freertos.o
 .debug_macro   0x000253fa      0x5cf ./Core/Src/freertos.o
 .debug_macro   0x000259c9       0x44 ./Core/Src/freertos.o
 .debug_macro   0x00025a0d      0x330 ./Core/Src/freertos.o
 .debug_macro   0x00025d3d       0xd0 ./Core/Src/freertos.o
 .debug_macro   0x00025e0d       0x6c ./Core/Src/freertos.o
 .debug_macro   0x00025e79       0x74 ./Core/Src/freertos.o
 .debug_macro   0x00025eed       0xdd ./Core/Src/freertos.o
 .debug_macro   0x00025fca       0x22 ./Core/Src/freertos.o
 .debug_macro   0x00025fec       0x10 ./Core/Src/freertos.o
 .debug_macro   0x00025ffc       0x64 ./Core/Src/freertos.o
 .debug_macro   0x00026060      0x1ee ./Core/Src/gpio.o
 .debug_macro   0x0002624e       0x5c ./Core/Src/gpio.o
 .debug_macro   0x000262aa      0x321 ./Core/Src/io_handler.o
 .debug_macro   0x000265cb       0xd6 ./Core/Src/io_handler.o
 .debug_macro   0x000266a1       0x6a ./Core/Src/io_handler.o
 .debug_macro   0x0002670b      0x16f ./Core/Src/io_handler.o
 .debug_macro   0x0002687a      0x352 ./Core/Src/main.o
 .debug_macro   0x00026bcc       0x66 ./Core/Src/main.o
 .debug_macro   0x00026c32      0x1ee ./Core/Src/spi.o
 .debug_macro   0x00026e20      0x1e4 ./Core/Src/stm32l4xx_hal_msp.o
 .debug_macro   0x00027004      0x1d5 ./Core/Src/stm32l4xx_hal_timebase_tim.o
 .debug_macro   0x000271d9      0x1ee ./Core/Src/stm32l4xx_it.o
 .debug_macro   0x000273c7      0x1d5 ./Core/Src/system_stm32l4xx.o
 .debug_macro   0x0002759c      0x32f ./Core/Src/trafficstates.o
 .debug_macro   0x000278cb      0x1ee ./Core/Src/usart.o
 .debug_macro   0x00027ab9      0x223 ./Drivers/STM32L4xx_HAL_Driver/Src/stm32l4xx_hal.o
 .debug_macro   0x00027cdc      0x1d5 ./Drivers/STM32L4xx_HAL_Driver/Src/stm32l4xx_hal_cortex.o